Archive member included to satisfy reference by file (symbol)

libBSP_LIB.a(bsp.c.obj)       CMakeFiles/application.elf.dir/core/application/main.c.obj (Bsp_DelayMS)
libBSP_LIB.a(bsp_dma.c.obj)   CMakeFiles/application.elf.dir/core/gui/gui.c.obj (GUI_DISPLAY_BUF)
libBSP_LIB.a(bsp_gpio.c.obj)  libBSP_LIB.a(bsp.c.obj) (Bsp_GPIO_Init)
libBSP_LIB.a(bsp_i2c.c.obj)   libBSP_LIB.a(bsp_dma.c.obj) (Bsp_I2C_DMA_Ctrl)
libBSP_LIB.a(bsp_spi.c.obj)   libBSP_LIB.a(bsp.c.obj) (Bsp_SPI_Init)
libSTD_LIB.a(misc.c.obj)      libBSP_LIB.a(bsp_dma.c.obj) (NVIC_Init)
libSTD_LIB.a(stm32f10x_dma.c.obj)
                              libBSP_LIB.a(bsp_dma.c.obj) (DMA_DeInit)
libSTD_LIB.a(stm32f10x_gpio.c.obj)
                              libBSP_LIB.a(bsp_gpio.c.obj) (GPIO_Init)
libSTD_LIB.a(stm32f10x_i2c.c.obj)
                              libBSP_LIB.a(bsp_i2c.c.obj) (I2C_DeInit)
libSTD_LIB.a(stm32f10x_rcc.c.obj)
                              libSTD_LIB.a(stm32f10x_i2c.c.obj) (RCC_GetClocksFreq)
libSTD_LIB.a(stm32f10x_spi.c.obj)
                              libBSP_LIB.a(bsp_spi.c.obj) (SPI_I2S_DeInit)
d:/tool/complier_toolchain/gcc-arm-none-eabi-10-2020-q4-major-win32/gcc-arm-none-eabi-10-2020-q4-major/bin/../lib/gcc/arm-none-eabi/10.2.1/../../../../arm-none-eabi/lib/thumb/v7-m/nofp\libc_nano.a(lib_a-exit.o)
                              d:/tool/complier_toolchain/gcc-arm-none-eabi-10-2020-q4-major-win32/gcc-arm-none-eabi-10-2020-q4-major/bin/../lib/gcc/arm-none-eabi/10.2.1/../../../../arm-none-eabi/lib/thumb/v7-m/nofp/crt0.o (exit)
d:/tool/complier_toolchain/gcc-arm-none-eabi-10-2020-q4-major-win32/gcc-arm-none-eabi-10-2020-q4-major/bin/../lib/gcc/arm-none-eabi/10.2.1/../../../../arm-none-eabi/lib/thumb/v7-m/nofp\libc_nano.a(lib_a-impure.o)
                              d:/tool/complier_toolchain/gcc-arm-none-eabi-10-2020-q4-major-win32/gcc-arm-none-eabi-10-2020-q4-major/bin/../lib/gcc/arm-none-eabi/10.2.1/../../../../arm-none-eabi/lib/thumb/v7-m/nofp\libc_nano.a(lib_a-exit.o) (_global_impure_ptr)
d:/tool/complier_toolchain/gcc-arm-none-eabi-10-2020-q4-major-win32/gcc-arm-none-eabi-10-2020-q4-major/bin/../lib/gcc/arm-none-eabi/10.2.1/../../../../arm-none-eabi/lib/thumb/v7-m/nofp\libc_nano.a(lib_a-init.o)
                              d:/tool/complier_toolchain/gcc-arm-none-eabi-10-2020-q4-major-win32/gcc-arm-none-eabi-10-2020-q4-major/bin/../lib/gcc/arm-none-eabi/10.2.1/../../../../arm-none-eabi/lib/thumb/v7-m/nofp/crt0.o (__libc_init_array)
d:/tool/complier_toolchain/gcc-arm-none-eabi-10-2020-q4-major-win32/gcc-arm-none-eabi-10-2020-q4-major/bin/../lib/gcc/arm-none-eabi/10.2.1/../../../../arm-none-eabi/lib/thumb/v7-m/nofp\libc_nano.a(lib_a-memset.o)
                              d:/tool/complier_toolchain/gcc-arm-none-eabi-10-2020-q4-major-win32/gcc-arm-none-eabi-10-2020-q4-major/bin/../lib/gcc/arm-none-eabi/10.2.1/../../../../arm-none-eabi/lib/thumb/v7-m/nofp/crt0.o (memset)
d:/tool/complier_toolchain/gcc-arm-none-eabi-10-2020-q4-major-win32/gcc-arm-none-eabi-10-2020-q4-major/bin/../lib/gcc/arm-none-eabi/10.2.1/../../../../arm-none-eabi/lib/thumb/v7-m/nofp\libc_nano.a(lib_a-putchar.o)
                              CMakeFiles/application.elf.dir/c_unity/unity.c.obj (putchar)
d:/tool/complier_toolchain/gcc-arm-none-eabi-10-2020-q4-major-win32/gcc-arm-none-eabi-10-2020-q4-major/bin/../lib/gcc/arm-none-eabi/10.2.1/../../../../arm-none-eabi/lib/thumb/v7-m/nofp\libc_nano.a(lib_a-setjmp.o)
                              CMakeFiles/application.elf.dir/c_unity/unity.c.obj (setjmp)
d:/tool/complier_toolchain/gcc-arm-none-eabi-10-2020-q4-major-win32/gcc-arm-none-eabi-10-2020-q4-major/bin/../lib/gcc/arm-none-eabi/10.2.1/../../../../arm-none-eabi/lib/thumb/v7-m/nofp\libc_nano.a(lib_a-snprintf.o)
                              libBSP_LIB.a(bsp.c.obj) (snprintf)
d:/tool/complier_toolchain/gcc-arm-none-eabi-10-2020-q4-major-win32/gcc-arm-none-eabi-10-2020-q4-major/bin/../lib/gcc/arm-none-eabi/10.2.1/../../../../arm-none-eabi/lib/thumb/v7-m/nofp\libc_nano.a(lib_a-findfp.o)
                              d:/tool/complier_toolchain/gcc-arm-none-eabi-10-2020-q4-major-win32/gcc-arm-none-eabi-10-2020-q4-major/bin/../lib/gcc/arm-none-eabi/10.2.1/../../../../arm-none-eabi/lib/thumb/v7-m/nofp\libc_nano.a(lib_a-putchar.o) (__sinit)
d:/tool/complier_toolchain/gcc-arm-none-eabi-10-2020-q4-major-win32/gcc-arm-none-eabi-10-2020-q4-major/bin/../lib/gcc/arm-none-eabi/10.2.1/../../../../arm-none-eabi/lib/thumb/v7-m/nofp\libc_nano.a(lib_a-fwalk.o)
                              d:/tool/complier_toolchain/gcc-arm-none-eabi-10-2020-q4-major-win32/gcc-arm-none-eabi-10-2020-q4-major/bin/../lib/gcc/arm-none-eabi/10.2.1/../../../../arm-none-eabi/lib/thumb/v7-m/nofp\libc_nano.a(lib_a-findfp.o) (_fwalk)
d:/tool/complier_toolchain/gcc-arm-none-eabi-10-2020-q4-major-win32/gcc-arm-none-eabi-10-2020-q4-major/bin/../lib/gcc/arm-none-eabi/10.2.1/../../../../arm-none-eabi/lib/thumb/v7-m/nofp\libc_nano.a(lib_a-lock.o)
[...]
Memory Configuration

Name             Origin             Length             Attributes
RAM              0x20000000         0x00005000         xrw
FLASH            0x08000000         0x00010000         xr
*default*        0x00000000         0xffffffff

Linker script and memory map

LOAD d:/tool/complier_toolchain/gcc-arm-none-eabi-10-2020-q4-major-win32/gcc-arm-none-eabi-10-2020-q4-major/bin/../lib/gcc/arm-none-eabi/10.2.1/thumb/v7-m/nofp/crti.o
LOAD d:/tool/complier_toolchain/gcc-arm-none-eabi-10-2020-q4-major-win32/gcc-arm-none-eabi-10-2020-q4-major/bin/../lib/gcc/arm-none-eabi/10.2.1/thumb/v7-m/nofp/crtbegin.o
LOAD d:/tool/complier_toolchain/gcc-arm-none-eabi-10-2020-q4-major-win32/gcc-arm-none-eabi-10-2020-q4-major/bin/../lib/gcc/arm-none-eabi/10.2.1/../../../../arm-none-eabi/lib/thumb/v7-m/nofp/crt0.o
LOAD CMakeFiles/application.elf.dir/core/application/main.c.obj
LOAD CMakeFiles/application.elf.dir/c_unity/unity.c.obj
LOAD CMakeFiles/application.elf.dir/core/application/stm32f10x_it.c.obj
LOAD CMakeFiles/application.elf.dir/core/gui/gui.c.obj
LOAD CMakeFiles/application.elf.dir/__/devices/core_cm3.c.obj
LOAD CMakeFiles/application.elf.dir/__/devices/system_stm32f10x.c.obj
LOAD CMakeFiles/application.elf.dir/startup/startup_stm32f103xb.s.obj
LOAD libBSP_LIB.a
LOAD libSTD_LIB.a
LOAD d:/tool/complier_toolchain/gcc-arm-none-eabi-10-2020-q4-major-win32/gcc-arm-none-eabi-10-2020-q4-major/bin/../lib/gcc/arm-none-eabi/10.2.1/../../../../arm-none-eabi/lib/thumb/v7-m/nofp\libc_nano.a
LOAD d:/tool/complier_toolchain/gcc-arm-none-eabi-10-2020-q4-major-win32/gcc-arm-none-eabi-10-2020-q4-major/bin/../lib/gcc/arm-none-eabi/10.2.1/../../../../arm-none-eabi/lib/thumb/v7-m/nofp\libm.a
LOAD d:/tool/complier_toolchain/gcc-arm-none-eabi-10-2020-q4-major-win32/gcc-arm-none-eabi-10-2020-q4-major/bin/../lib/gcc/arm-none-eabi/10.2.1/../../../../arm-none-eabi/lib/thumb/v7-m/nofp\libnosys.a
START GROUP
LOAD d:/tool/complier_toolchain/gcc-arm-none-eabi-10-2020-q4-major-win32/gcc-arm-none-eabi-10-2020-q4-major/bin/../lib/gcc/arm-none-eabi/10.2.1/thumb/v7-m/nofp\libgcc.a
LOAD d:/tool/complier_toolchain/gcc-arm-none-eabi-10-2020-q4-major-win32/gcc-arm-none-eabi-10-2020-q4-major/bin/../lib/gcc/arm-none-eabi/10.2.1/../../../../arm-none-eabi/lib/thumb/v7-m/nofp\libg_nano.a
LOAD d:/tool/complier_toolchain/gcc-arm-none-eabi-10-2020-q4-major-win32/gcc-arm-none-eabi-10-2020-q4-major/bin/../lib/gcc/arm-none-eabi/10.2.1/../../../../arm-none-eabi/lib/thumb/v7-m/nofp\libc_nano.a
END GROUP
START GROUP
LOAD d:/tool/complier_toolchain/gcc-arm-none-eabi-10-2020-q4-major-win32/gcc-arm-none-eabi-10-2020-q4-major/bin/../lib/gcc/arm-none-eabi/10.2.1/thumb/v7-m/nofp\libgcc.a
LOAD d:/tool/complier_toolchain/gcc-arm-none-eabi-10-2020-q4-major-win32/gcc-arm-none-eabi-10-2020-q4-major/bin/../lib/gcc/arm-none-eabi/10.2.1/../../../../arm-none-eabi/lib/thumb/v7-m/nofp\libc_nano.a
LOAD d:/tool/complier_toolchain/gcc-arm-none-eabi-10-2020-q4-major-win32/gcc-arm-none-eabi-10-2020-q4-major/bin/../lib/gcc/arm-none-eabi/10.2.1/../../../../arm-none-eabi/lib/thumb/v7-m/nofp\libnosys.a
END GROUP
START GROUP
LOAD d:/tool/complier_toolchain/gcc-arm-none-eabi-10-2020-q4-major-win32/gcc-arm-none-eabi-10-2020-q4-major/bin/../lib/gcc/arm-none-eabi/10.2.1/thumb/v7-m/nofp\libgcc.a
LOAD d:/tool/complier_toolchain/gcc-arm-none-eabi-10-2020-q4-major-win32/gcc-arm-none-eabi-10-2020-q4-major/bin/../lib/gcc/arm-none-eabi/10.2.1/../../../../arm-none-eabi/lib/thumb/v7-m/nofp\libc_nano.a
LOAD d:/tool/complier_toolchain/gcc-arm-none-eabi-10-2020-q4-major-win32/gcc-arm-none-eabi-10-2020-q4-major/bin/../lib/gcc/arm-none-eabi/10.2.1/../../../../arm-none-eabi/lib/thumb/v7-m/nofp\libnosys.a
END GROUP
LOAD d:/tool/complier_toolchain/gcc-arm-none-eabi-10-2020-q4-major-win32/gcc-arm-none-eabi-10-2020-q4-major/bin/../lib/gcc/arm-none-eabi/10.2.1/thumb/v7-m/nofp/crtend.o
LOAD d:/tool/complier_toolchain/gcc-arm-none-eabi-10-2020-q4-major-win32/gcc-arm-none-eabi-10-2020-q4-major/bin/../lib/gcc/arm-none-eabi/10.2.1/thumb/v7-m/nofp/crtn.o
                0x20005000                _estack = (ORIGIN (RAM) + LENGTH (RAM))
                0x00000200                _Min_Heap_Size = 0x200
                0x00000400                _Min_Stack_Size = 0x400

.isr_vector     0x08000000      0x10c
                0x08000000                . = ALIGN (0x4)
 *(.isr_vector)
 .isr_vector    0x08000000      0x10c CMakeFiles/application.elf.dir/startup/startup_stm32f103xb.s.obj
                0x08000000                g_pfnVectors
                0x0800010c                . = ALIGN (0x4)

.text           0x08000110     0x1508
                0x08000110                . = ALIGN (0x4)
 *(.text)
 .text          0x08000110       0x40 d:/tool/complier_toolchain/gcc-arm-none-eabi-10-2020-q4-major-win32/gcc-arm-none-eabi-10-2020-q4-major/bin/../lib/gcc/arm-none-eabi/10.2.1/thumb/v7-m/nofp/crtbegin.o
 .text          0x08000150      0x254 d:/tool/complier_toolchain/gcc-arm-none-eabi-10-2020-q4-major-win32/gcc-arm-none-eabi-10-2020-q4-major/bin/../lib/gcc/arm-none-eabi/10.2.1/thumb/v7-m/nofp\libgcc.a(_arm_muldf3.o)
                0x08000150                __muldf3
                0x08000150                __aeabi_dmul
 .text          0x080003a4      0x378 d:/tool/complier_toolchain/gcc-arm-none-eabi-10-2020-q4-major-win32/gcc-arm-none-eabi-10-2020-q4-major/bin/../lib/gcc/arm-none-eabi/10.2.1/thumb/v7-m/nofp\libgcc.a(_arm_addsubdf3.o)
                0x080003a4                __aeabi_drsub
                0x080003ac                __aeabi_dsub
                0x080003ac                __subdf3
                0x080003b0                __aeabi_dadd
                0x080003b0                __adddf3
                0x08000628                __floatunsidf
                0x08000628                __aeabi_ui2d
                0x08000648                __floatsidf
                0x08000648                __aeabi_i2d
                0x0800066c                __aeabi_f2d
                0x0800066c                __extendsfdf2
                0x080006b0                __floatundidf
                0x080006b0                __aeabi_ul2d
                0x080006c0                __floatdidf
                0x080006c0                __aeabi_l2d
 .text          0x0800071c       0x40 d:/tool/complier_toolchain/gcc-arm-none-eabi-10-2020-q4-major-win32/gcc-arm-none-eabi-10-2020-q4-major/bin/../lib/gcc/arm-none-eabi/10.2.1/thumb/v7-m/nofp\libgcc.a(_arm_fixunsdfsi.o)
                0x0800071c                __aeabi_d2uiz
                0x0800071c                __fixunsdfsi
 *(.text*)
 *fill*         0x0800075c        0x4 
 .text.main     0x08000760       0xb0 CMakeFiles/application.elf.dir/core/application/main.c.obj
                0x08000760                main
 .text.NMI_Handler
                0x08000810        0xc CMakeFiles/application.elf.dir/core/application/stm32f10x_it.c.obj
                0x08000810                NMI_Handler
 .text.HardFault_Handler
                0x0800081c        0x6 CMakeFiles/application.elf.dir/core/application/stm32f10x_it.c.obj
                0x0800081c                HardFault_Handler
 .text.MemManage_Handler
                0x08000822        0x6 CMakeFiles/application.elf.dir/core/application/stm32f10x_it.c.obj
                0x08000822                MemManage_Handler
 .text.BusFault_Handler
                0x08000828        0x6 CMakeFiles/application.elf.dir/core/application/stm32f10x_it.c.obj
                0x08000828                BusFault_Handler
 .text.UsageFault_Handler
                0x0800082e        0x6 CMakeFiles/application.elf.dir/core/application/stm32f10x_it.c.obj
                0x0800082e                UsageFault_Handler
 .text.SVC_Handler
                0x08000834        0xc CMakeFiles/application.elf.dir/core/application/stm32f10x_it.c.obj
                0x08000834                SVC_Handler
 .text.DebugMon_Handler
                0x08000840        0xc CMakeFiles/application.elf.dir/core/application/stm32f10x_it.c.obj
                0x08000840                DebugMon_Handler
 .text.PendSV_Handler
                0x0800084c        0xc CMakeFiles/application.elf.dir/core/application/stm32f10x_it.c.obj
                0x0800084c                PendSV_Handler
 .text.SysTick_Handler
                0x08000858        0xc CMakeFiles/application.elf.dir/core/application/stm32f10x_it.c.obj
                0x08000858                SysTick_Handler
 .text.GUI_CLEAR_SCREEN
                0x08000864       0x4c CMakeFiles/application.elf.dir/core/gui/gui.c.obj
                0x08000864                GUI_CLEAR_SCREEN
 .text.GUI_Reverse_Y
                0x080008b0       0x90 CMakeFiles/application.elf.dir/core/gui/gui.c.obj
                0x080008b0                GUI_Reverse_Y
 .text.GUI_SPI_Init
                0x08000940       0x9e CMakeFiles/application.elf.dir/core/gui/gui.c.obj
                0x08000940                GUI_SPI_Init
 *fill*         0x080009de        0x2 
 .text.GUI_SPI_CLEAR_SCREEN
                0x080009e0       0x4c CMakeFiles/application.elf.dir/core/gui/gui.c.obj
                0x080009e0                GUI_SPI_CLEAR_SCREEN
 .text.SystemInit
                0x08000a2c       0x68 CMakeFiles/application.elf.dir/__/devices/system_stm32f10x.c.obj
                0x08000a2c                SystemInit
 .text.SetSysClock
                0x08000a94        0xc CMakeFiles/application.elf.dir/__/devices/system_stm32f10x.c.obj
 .text.SetSysClockTo72
                0x08000aa0      0x100 CMakeFiles/application.elf.dir/__/devices/system_stm32f10x.c.obj
 .text.Reset_Handler
                0x08000ba0       0x48 CMakeFiles/application.elf.dir/startup/startup_stm32f103xb.s.obj
                0x08000ba0                Reset_Handler
 .text.Default_Handler
                0x08000be8        0x2 CMakeFiles/application.elf.dir/startup/startup_stm32f103xb.s.obj
                0x08000be8                RTC_Alarm_IRQHandler
                0x08000be8                EXTI2_IRQHandler
                0x08000be8                TIM1_CC_IRQHandler
                0x08000be8                PVD_IRQHandler
                0x08000be8                EXTI3_IRQHandler
                0x08000be8                EXTI0_IRQHandler
                0x08000be8                I2C2_EV_IRQHandler
                0x08000be8                ADC1_2_IRQHandler
                0x08000be8                SPI1_IRQHandler
                0x08000be8                TAMPER_IRQHandler
                0x08000be8                DMA1_Channel4_IRQHandler
                0x08000be8                USART3_IRQHandler
                0x08000be8                RTC_IRQHandler
                0x08000be8                DMA1_Channel7_IRQHandler
                0x08000be8                CAN1_RX1_IRQHandler
                0x08000be8                TIM4_IRQHandler
                0x08000be8                I2C1_EV_IRQHandler
                0x08000be8                TIM3_IRQHandler
                0x08000be8                RCC_IRQHandler
                0x08000be8                TIM1_TRG_COM_IRQHandler
                0x08000be8                DMA1_Channel1_IRQHandler
                0x08000be8                Default_Handler
                0x08000be8                EXTI15_10_IRQHandler
                0x08000be8                EXTI9_5_IRQHandler
                0x08000be8                SPI2_IRQHandler
                0x08000be8                DMA1_Channel5_IRQHandler
                0x08000be8                EXTI4_IRQHandler
                0x08000be8                USB_LP_CAN1_RX0_IRQHandler
                0x08000be8                USB_HP_CAN1_TX_IRQHandler
                0x08000be8                DMA1_Channel3_IRQHandler
                0x08000be8                TIM1_UP_IRQHandler
                0x08000be8                WWDG_IRQHandler
                0x08000be8                TIM2_IRQHandler
                0x08000be8                TIM1_BRK_IRQHandler
                0x08000be8                EXTI1_IRQHandler
                0x08000be8                USART2_IRQHandler
                0x08000be8                I2C2_ER_IRQHandler
                0x08000be8                DMA1_Channel2_IRQHandler
                0x08000be8                CAN1_SCE_IRQHandler
                0x08000be8                FLASH_IRQHandler
                0x08000be8                USART1_IRQHandler
                0x08000be8                I2C1_ER_IRQHandler
                0x08000be8                USBWakeUp_IRQHandler
 *fill*         0x08000bea        0x2 
 .text.Bsp_DelayUS
                0x08000bec       0x44 libBSP_LIB.a(bsp.c.obj)
                0x08000bec                Bsp_DelayUS
 .text.Bsp_DelayMS
                0x08000c30       0x26 libBSP_LIB.a(bsp.c.obj)
                0x08000c30                Bsp_DelayMS
 .text.Bsp_Init
                0x08000c56       0x10 libBSP_LIB.a(bsp.c.obj)
                0x08000c56                Bsp_Init
 *fill*         0x08000c66        0x2 
 .text.Bsp_SPI_DMA_Init
                0x08000c68       0x6c libBSP_LIB.a(bsp_dma.c.obj)
                0x08000c68                Bsp_SPI_DMA_Init
 .text.DMA1_Channel6_IRQHandler
                0x08000cd4       0x44 libBSP_LIB.a(bsp_dma.c.obj)
                0x08000cd4                DMA1_Channel6_IRQHandler
 .text.Bsp_GPIO_Init
                0x08000d18       0x58 libBSP_LIB.a(bsp_gpio.c.obj)
                0x08000d18                Bsp_GPIO_Init
 .text.Bsp_SPI_Init
                0x08000d70       0x64 libBSP_LIB.a(bsp_spi.c.obj)
                0x08000d70                Bsp_SPI_Init
 .text.Bsp_SPI_Send_CMD
                0x08000dd4       0x64 libBSP_LIB.a(bsp_spi.c.obj)
                0x08000dd4                Bsp_SPI_Send_CMD
 .text.Bsp_SPI_RES_LOW
                0x08000e38       0x14 libBSP_LIB.a(bsp_spi.c.obj)
                0x08000e38                Bsp_SPI_RES_LOW
 .text.Bsp_SPI_RES_HIGH
                0x08000e4c       0x14 libBSP_LIB.a(bsp_spi.c.obj)
                0x08000e4c                Bsp_SPI_RES_HIGH
 .text.DMA_DeInit
                0x08000e60      0x178 libSTD_LIB.a(stm32f10x_dma.c.obj)
                0x08000e60                DMA_DeInit
 .text.DMA_Init
                0x08000fd8       0x7c libSTD_LIB.a(stm32f10x_dma.c.obj)
                0x08000fd8                DMA_Init
 .text.DMA_Cmd  0x08001054       0x38 libSTD_LIB.a(stm32f10x_dma.c.obj)
                0x08001054                DMA_Cmd
 .text.DMA_GetFlagStatus
                0x0800108c       0x50 libSTD_LIB.a(stm32f10x_dma.c.obj)
                0x0800108c                DMA_GetFlagStatus
 .text.DMA_ClearFlag
                0x080010dc       0x34 libSTD_LIB.a(stm32f10x_dma.c.obj)
                0x080010dc                DMA_ClearFlag
 .text.GPIO_Init
                0x08001110      0x178 libSTD_LIB.a(stm32f10x_gpio.c.obj)
                0x08001110                GPIO_Init
 .text.GPIO_SetBits
                0x08001288       0x1c libSTD_LIB.a(stm32f10x_gpio.c.obj)
                0x08001288                GPIO_SetBits
 .text.GPIO_ResetBits
                0x080012a4       0x1c libSTD_LIB.a(stm32f10x_gpio.c.obj)
                0x080012a4                GPIO_ResetBits
 .text.I2C_GenerateSTOP
                0x080012c0       0x3e libSTD_LIB.a(stm32f10x_i2c.c.obj)
                0x080012c0                I2C_GenerateSTOP
 .text.I2C_AcknowledgeConfig
                0x080012fe       0x3e libSTD_LIB.a(stm32f10x_i2c.c.obj)
                0x080012fe                I2C_AcknowledgeConfig
 .text.RCC_AHBPeriphClockCmd
                0x0800133c       0x3c libSTD_LIB.a(stm32f10x_rcc.c.obj)
                0x0800133c                RCC_AHBPeriphClockCmd
 .text.RCC_APB2PeriphClockCmd
                0x08001378       0x3c libSTD_LIB.a(stm32f10x_rcc.c.obj)
                0x08001378                RCC_APB2PeriphClockCmd
 .text.RCC_APB2PeriphResetCmd
                0x080013b4       0x3c libSTD_LIB.a(stm32f10x_rcc.c.obj)
                0x080013b4                RCC_APB2PeriphResetCmd
 .text.RCC_APB1PeriphResetCmd
                0x080013f0       0x3c libSTD_LIB.a(stm32f10x_rcc.c.obj)
                0x080013f0                RCC_APB1PeriphResetCmd
 .text.SPI_I2S_DeInit
                0x0800142c       0x74 libSTD_LIB.a(stm32f10x_spi.c.obj)
                0x0800142c                SPI_I2S_DeInit
 .text.SPI_Init
                0x080014a0       0x86 libSTD_LIB.a(stm32f10x_spi.c.obj)
                0x080014a0                SPI_Init
 .text.SPI_Cmd  0x08001526       0x3e libSTD_LIB.a(stm32f10x_spi.c.obj)
                0x08001526                SPI_Cmd
 .text.SPI_I2S_SendData
                0x08001564       0x1c libSTD_LIB.a(stm32f10x_spi.c.obj)
                0x08001564                SPI_I2S_SendData
 .text.SPI_I2S_GetFlagStatus
                0x08001580       0x36 libSTD_LIB.a(stm32f10x_spi.c.obj)
                0x08001580                SPI_I2S_GetFlagStatus
 *fill*         0x080015b6        0x2 
 .text.__libc_init_array
                0x080015b8       0x48 d:/tool/complier_toolchain/gcc-arm-none-eabi-10-2020-q4-major-win32/gcc-arm-none-eabi-10-2020-q4-major/bin/../lib/gcc/arm-none-eabi/10.2.1/../../../../arm-none-eabi/lib/thumb/v7-m/nofp\libc_nano.a(lib_a-init.o)
                0x080015b8                __libc_init_array
 *(.glue_7)
 .glue_7        0x08001600        0x0 linker stubs
 *(.glue_7t)
 .glue_7t       0x08001600        0x0 linker stubs
 *(.eh_frame)
 .eh_frame      0x08001600        0x0 d:/tool/complier_toolchain/gcc-arm-none-eabi-10-2020-q4-major-win32/gcc-arm-none-eabi-10-2020-q4-major/bin/../lib/gcc/arm-none-eabi/10.2.1/thumb/v7-m/nofp/crtbegin.o
 *(.init)
 .init          0x08001600        0x4 d:/tool/complier_toolchain/gcc-arm-none-eabi-10-2020-q4-major-win32/gcc-arm-none-eabi-10-2020-q4-major/bin/../lib/gcc/arm-none-eabi/10.2.1/thumb/v7-m/nofp/crti.o
                0x08001600                _init
 .init          0x08001604        0x8 d:/tool/complier_toolchain/gcc-arm-none-eabi-10-2020-q4-major-win32/gcc-arm-none-eabi-10-2020-q4-major/bin/../lib/gcc/arm-none-eabi/10.2.1/thumb/v7-m/nofp/crtn.o
 *(.fini)
 .fini          0x0800160c        0x4 d:/tool/complier_toolchain/gcc-arm-none-eabi-10-2020-q4-major-win32/gcc-arm-none-eabi-10-2020-q4-major/bin/../lib/gcc/arm-none-eabi/10.2.1/thumb/v7-m/nofp/crti.o
                0x0800160c                _fini
 .fini          0x08001610        0x8 d:/tool/complier_toolchain/gcc-arm-none-eabi-10-2020-q4-major-win32/gcc-arm-none-eabi-10-2020-q4-major/bin/../lib/gcc/arm-none-eabi/10.2.1/thumb/v7-m/nofp/crtn.o
                0x08001618                . = ALIGN (0x4)
                0x08001618                _etext = .

.vfp11_veneer   0x08001618        0x0
 .vfp11_veneer  0x08001618        0x0 linker stubs

.v4_bx          0x08001618        0x0
 .v4_bx         0x08001618        0x0 linker stubs

.iplt           0x08001618        0x0
 .iplt          0x08001618        0x0 d:/tool/complier_toolchain/gcc-arm-none-eabi-10-2020-q4-major-win32/gcc-arm-none-eabi-10-2020-q4-major/bin/../lib/gcc/arm-none-eabi/10.2.1/thumb/v7-m/nofp/crtbegin.o

.rel.dyn        0x08001618        0x0
 .rel.iplt      0x08001618        0x0 d:/tool/complier_toolchain/gcc-arm-none-eabi-10-2020-q4-major-win32/gcc-arm-none-eabi-10-2020-q4-major/bin/../lib/gcc/arm-none-eabi/10.2.1/thumb/v7-m/nofp/crtbegin.o

.rodata         0x08001618        0x0
                0x08001618                . = ALIGN (0x4)
 *(.rodata)
 *(.rodata*)
                0x08001618                . = ALIGN (0x4)

.ARM.extab
 *(.ARM.extab* .gnu.linkonce.armextab.*)

.ARM            0x08001618        0x0
                0x08001618                __exidx_start = .
 *(.ARM.exidx*)
                0x08001618                __exidx_end = .

.preinit_array  0x08001618        0x0
                0x08001618                PROVIDE (__preinit_array_start = .)
 *(.preinit_array*)
                0x08001618                PROVIDE (__preinit_array_end = .)

.init_array     0x08001618        0x4
                0x08001618                PROVIDE (__init_array_start = .)
 *(SORT_BY_NAME(.init_array.*))
 *(.init_array*)
 .init_array    0x08001618        0x4 d:/tool/complier_toolchain/gcc-arm-none-eabi-10-2020-q4-major-win32/gcc-arm-none-eabi-10-2020-q4-major/bin/../lib/gcc/arm-none-eabi/10.2.1/thumb/v7-m/nofp/crtbegin.o
                0x0800161c                PROVIDE (__init_array_end = .)

.fini_array     0x0800161c        0x4
                [!provide]                PROVIDE (__fini_array_start = .)
 *(SORT_BY_NAME(.fini_array.*))
 *(.fini_array*)
 .fini_array    0x0800161c        0x4 d:/tool/complier_toolchain/gcc-arm-none-eabi-10-2020-q4-major-win32/gcc-arm-none-eabi-10-2020-q4-major/bin/../lib/gcc/arm-none-eabi/10.2.1/thumb/v7-m/nofp/crtbegin.o
                [!provide]                PROVIDE (__fini_array_end = .)
                0x08001620                _sidata = LOADADDR (.data)

.data           0x20000000        0x0 load address 0x08001620
                0x20000000                . = ALIGN (0x4)
                0x20000000                _sdata = .
 *(.data)
 *(.data*)
                0x20000000                . = ALIGN (0x4)
                0x20000000                _edata = .

.igot.plt       0x20000000        0x0 load address 0x08001620
 .igot.plt      0x20000000        0x0 d:/tool/complier_toolchain/gcc-arm-none-eabi-10-2020-q4-major-win32/gcc-arm-none-eabi-10-2020-q4-major/bin/../lib/gcc/arm-none-eabi/10.2.1/thumb/v7-m/nofp/crtbegin.o
                0x20000000                . = ALIGN (0x4)

.bss            0x20000000      0x424 load address 0x08001620
                0x20000000                _sbss = .
                0x20000000                __bss_start__ = _sbss
 *(.bss)
 .bss           0x20000000       0x1c d:/tool/complier_toolchain/gcc-arm-none-eabi-10-2020-q4-major-win32/gcc-arm-none-eabi-10-2020-q4-major/bin/../lib/gcc/arm-none-eabi/10.2.1/thumb/v7-m/nofp/crtbegin.o
 *(.bss*)
 .bss.GUI_DISPLAY_BUF
                0x2000001c      0x400 libBSP_LIB.a(bsp_dma.c.obj)
                0x2000001c                GUI_DISPLAY_BUF
 .bss.GPIO_InitStruct_AF_PP
                0x2000041c        0x4 libBSP_LIB.a(bsp_gpio.c.obj)
                0x2000041c                GPIO_InitStruct_AF_PP
 .bss.GPIO_InitStruct_OUT_PP
                0x20000420        0x4 libBSP_LIB.a(bsp_gpio.c.obj)
                0x20000420                GPIO_InitStruct_OUT_PP
 *(COMMON)
                0x20000424                . = ALIGN (0x4)
                0x20000424                _ebss = .
                0x20000424                __bss_end__ = _ebss

._user_heap_stack
                0x20000424      0x604 load address 0x08001620
                0x20000428                . = ALIGN (0x8)
 *fill*         0x20000424        0x4 
                0x20000428                PROVIDE (end = .)
                [!provide]                PROVIDE (_end = .)
                0x20000628                . = (. + _Min_Heap_Size)
 *fill*         0x20000428      0x200 
                0x20000a28                . = (. + _Min_Stack_Size)
 *fill*         0x20000628      0x400 
                0x20000a28                . = ALIGN (0x8)

/DISCARD/
 libc.a(*)
 libm.a(*)
 libgcc.a(*)

.ARM.attributes
                0x00000000       0x29
 *(.ARM.attributes)
 .ARM.attributes
                0x00000000       0x1d d:/tool/complier_toolchain/gcc-arm-none-eabi-10-2020-q4-major-win32/gcc-arm-none-eabi-10-2020-q4-major/bin/../lib/gcc/arm-none-eabi/10.2.1/thumb/v7-m/nofp/crti.o
 .ARM.attributes
                0x0000001d       0x2d d:/tool/complier_toolchain/gcc-arm-none-eabi-10-2020-q4-major-win32/gcc-arm-none-eabi-10-2020-q4-major/bin/../lib/gcc/arm-none-eabi/10.2.1/thumb/v7-m/nofp/crtbegin.o
 .ARM.attributes
                0x0000004a       0x2d CMakeFiles/application.elf.dir/core/application/main.c.obj
 .ARM.attributes
                0x00000077       0x2d CMakeFiles/application.elf.dir/core/application/stm32f10x_it.c.obj
 .ARM.attributes
                0x000000a4       0x2d CMakeFiles/application.elf.dir/core/gui/gui.c.obj
 .ARM.attributes
                0x000000d1       0x2d CMakeFiles/application.elf.dir/__/devices/system_stm32f10x.c.obj
 .ARM.attributes
                0x000000fe       0x21 CMakeFiles/application.elf.dir/startup/startup_stm32f103xb.s.obj
 .ARM.attributes
                0x0000011f       0x2d libBSP_LIB.a(bsp.c.obj)
 .ARM.attributes
                0x0000014c       0x2d libBSP_LIB.a(bsp_dma.c.obj)
 .ARM.attributes
                0x00000179       0x2d libBSP_LIB.a(bsp_gpio.c.obj)
 .ARM.attributes
                0x000001a6       0x2d libBSP_LIB.a(bsp_spi.c.obj)
 .ARM.attributes
                0x000001d3       0x2d libSTD_LIB.a(stm32f10x_dma.c.obj)
 .ARM.attributes
                0x00000200       0x2d libSTD_LIB.a(stm32f10x_gpio.c.obj)
 .ARM.attributes
                0x0000022d       0x2d libSTD_LIB.a(stm32f10x_i2c.c.obj)
 .ARM.attributes
                0x0000025a       0x2d libSTD_LIB.a(stm32f10x_rcc.c.obj)
 .ARM.attributes
                0x00000287       0x2d libSTD_LIB.a(stm32f10x_spi.c.obj)
 .ARM.attributes
                0x000002b4       0x2d d:/tool/complier_toolchain/gcc-arm-none-eabi-10-2020-q4-major-win32/gcc-arm-none-eabi-10-2020-q4-major/bin/../lib/gcc/arm-none-eabi/10.2.1/../../../../arm-none-eabi/lib/thumb/v7-m/nofp\libc_nano.a(lib_a-init.o)
 .ARM.attributes
                0x000002e1       0x1d d:/tool/complier_toolchain/gcc-arm-none-eabi-10-2020-q4-major-win32/gcc-arm-none-eabi-10-2020-q4-major/bin/../lib/gcc/arm-none-eabi/10.2.1/thumb/v7-m/nofp\libgcc.a(_arm_muldf3.o)
 .ARM.attributes
                0x000002fe       0x1d d:/tool/complier_toolchain/gcc-arm-none-eabi-10-2020-q4-major-win32/gcc-arm-none-eabi-10-2020-q4-major/bin/../lib/gcc/arm-none-eabi/10.2.1/thumb/v7-m/nofp\libgcc.a(_arm_addsubdf3.o)
 .ARM.attributes
                0x0000031b       0x1d d:/tool/complier_toolchain/gcc-arm-none-eabi-10-2020-q4-major-win32/gcc-arm-none-eabi-10-2020-q4-major/bin/../lib/gcc/arm-none-eabi/10.2.1/thumb/v7-m/nofp\libgcc.a(_arm_fixunsdfsi.o)
 .ARM.attributes
                0x00000338       0x1d d:/tool/complier_toolchain/gcc-arm-none-eabi-10-2020-q4-major-win32/gcc-arm-none-eabi-10-2020-q4-major/bin/../lib/gcc/arm-none-eabi/10.2.1/thumb/v7-m/nofp/crtn.o
OUTPUT(D:/Git_Repository/STM32F103C8Tx_VSCODE_IDE/application/bin/application.elf elf32-littlearm)
LOAD linker stubs
LOAD d:/tool/complier_toolchain/gcc-arm-none-eabi-10-2020-q4-major-win32/gcc-arm-none-eabi-10-2020-q4-major/bin/../lib/gcc/arm-none-eabi/10.2.1/../../../../arm-none-eabi/lib/thumb/v7-m/nofp\libc.a
LOAD d:/tool/complier_toolchain/gcc-arm-none-eabi-10-2020-q4-major-win32/gcc-arm-none-eabi-10-2020-q4-major/bin/../lib/gcc/arm-none-eabi/10.2.1/../../../../arm-none-eabi/lib/thumb/v7-m/nofp\libm.a
LOAD d:/tool/complier_toolchain/gcc-arm-none-eabi-10-2020-q4-major-win32/gcc-arm-none-eabi-10-2020-q4-major/bin/../lib/gcc/arm-none-eabi/10.2.1/thumb/v7-m/nofp\libgcc.a

.debug_info     0x00000000     0x509f
 .debug_info    0x00000000       0xe5 CMakeFiles/application.elf.dir/core/application/main.c.obj
 .debug_info    0x000000e5      0x143 CMakeFiles/application.elf.dir/core/application/stm32f10x_it.c.obj
 .debug_info    0x00000228      0x974 CMakeFiles/application.elf.dir/core/gui/gui.c.obj
 .debug_info    0x00000b9c      0x4de CMakeFiles/application.elf.dir/__/devices/system_stm32f10x.c.obj
 .debug_info    0x0000107a       0x22 CMakeFiles/application.elf.dir/startup/startup_stm32f103xb.s.obj
 .debug_info    0x0000109c      0x609 libBSP_LIB.a(bsp.c.obj)
 .debug_info    0x000016a5      0x6bb libBSP_LIB.a(bsp_dma.c.obj)
 .debug_info    0x00001d60      0x25f libBSP_LIB.a(bsp_gpio.c.obj)
 .debug_info    0x00001fbf      0x3fb libBSP_LIB.a(bsp_spi.c.obj)
 .debug_info    0x000023ba      0x4f0 libSTD_LIB.a(stm32f10x_dma.c.obj)
 .debug_info    0x000028aa      0x7ae libSTD_LIB.a(stm32f10x_gpio.c.obj)
 .debug_info    0x00003058      0xc6d libSTD_LIB.a(stm32f10x_i2c.c.obj)
 .debug_info    0x00003cc5      0x9b9 libSTD_LIB.a(stm32f10x_rcc.c.obj)
 .debug_info    0x0000467e      0xa21 libSTD_LIB.a(stm32f10x_spi.c.obj)

.debug_abbrev   0x00000000     0x12fd
 .debug_abbrev  0x00000000       0x8b CMakeFiles/application.elf.dir/core/application/main.c.obj
 .debug_abbrev  0x0000008b       0x49 CMakeFiles/application.elf.dir/core/application/stm32f10x_it.c.obj
 .debug_abbrev  0x000000d4      0x213 CMakeFiles/application.elf.dir/core/gui/gui.c.obj
 .debug_abbrev  0x000002e7      0x1b3 CMakeFiles/application.elf.dir/__/devices/system_stm32f10x.c.obj
 .debug_abbrev  0x0000049a       0x12 CMakeFiles/application.elf.dir/startup/startup_stm32f103xb.s.obj
 .debug_abbrev  0x000004ac      0x1f8 libBSP_LIB.a(bsp.c.obj)
 .debug_abbrev  0x000006a4      0x174 libBSP_LIB.a(bsp_dma.c.obj)
 .debug_abbrev  0x00000818      0x101 libBSP_LIB.a(bsp_gpio.c.obj)
 .debug_abbrev  0x00000919      0x14b libBSP_LIB.a(bsp_spi.c.obj)
 .debug_abbrev  0x00000a64      0x187 libSTD_LIB.a(stm32f10x_dma.c.obj)
 .debug_abbrev  0x00000beb      0x1ee libSTD_LIB.a(stm32f10x_gpio.c.obj)
 .debug_abbrev  0x00000dd9      0x198 libSTD_LIB.a(stm32f10x_i2c.c.obj)
 .debug_abbrev  0x00000f71      0x1d8 libSTD_LIB.a(stm32f10x_rcc.c.obj)
 .debug_abbrev  0x00001149      0x1b4 libSTD_LIB.a(stm32f10x_spi.c.obj)

.debug_loc      0x00000000     0x3790
 .debug_loc     0x00000000       0x38 CMakeFiles/application.elf.dir/core/application/main.c.obj
 .debug_loc     0x00000038      0x204 CMakeFiles/application.elf.dir/core/application/stm32f10x_it.c.obj
 .debug_loc     0x0000023c      0x66e CMakeFiles/application.elf.dir/core/gui/gui.c.obj
 .debug_loc     0x000008aa      0x110 CMakeFiles/application.elf.dir/__/devices/system_stm32f10x.c.obj
 .debug_loc     0x000009ba      0x29a libBSP_LIB.a(bsp.c.obj)
 .debug_loc     0x00000c54       0xcc libBSP_LIB.a(bsp_dma.c.obj)
 .debug_loc     0x00000d20       0x2c libBSP_LIB.a(bsp_gpio.c.obj)
 .debug_loc     0x00000d4c       0xf8 libBSP_LIB.a(bsp_spi.c.obj)
 .debug_loc     0x00000e44      0x3f4 libSTD_LIB.a(stm32f10x_dma.c.obj)
 .debug_loc     0x00001238      0x63c libSTD_LIB.a(stm32f10x_gpio.c.obj)
 .debug_loc     0x00001874      0xbc4 libSTD_LIB.a(stm32f10x_i2c.c.obj)
 .debug_loc     0x00002438      0xb2c libSTD_LIB.a(stm32f10x_rcc.c.obj)
 .debug_loc     0x00002f64      0x82c libSTD_LIB.a(stm32f10x_spi.c.obj)

.debug_aranges  0x00000000      0x6a0
 .debug_aranges
                0x00000000       0x20 CMakeFiles/application.elf.dir/core/application/main.c.obj
 .debug_aranges
                0x00000020       0x60 CMakeFiles/application.elf.dir/core/application/stm32f10x_it.c.obj
 .debug_aranges
                0x00000080       0xc0 CMakeFiles/application.elf.dir/core/gui/gui.c.obj
 .debug_aranges
                0x00000140       0x38 CMakeFiles/application.elf.dir/__/devices/system_stm32f10x.c.obj
 .debug_aranges
                0x00000178       0x28 CMakeFiles/application.elf.dir/startup/startup_stm32f103xb.s.obj
 .debug_aranges
                0x000001a0       0x58 libBSP_LIB.a(bsp.c.obj)
 .debug_aranges
                0x000001f8       0x30 libBSP_LIB.a(bsp_dma.c.obj)
 .debug_aranges
                0x00000228       0x20 libBSP_LIB.a(bsp_gpio.c.obj)
 .debug_aranges
                0x00000248       0x38 libBSP_LIB.a(bsp_spi.c.obj)
 .debug_aranges
                0x00000280       0x70 libSTD_LIB.a(stm32f10x_dma.c.obj)
 .debug_aranges
                0x000002f0       0xa8 libSTD_LIB.a(stm32f10x_gpio.c.obj)
 .debug_aranges
                0x00000398      0x120 libSTD_LIB.a(stm32f10x_i2c.c.obj)
 .debug_aranges
                0x000004b8      0x118 libSTD_LIB.a(stm32f10x_rcc.c.obj)
 .debug_aranges
                0x000005d0       0xd0 libSTD_LIB.a(stm32f10x_spi.c.obj)

.debug_ranges   0x00000000      0x5c8
 .debug_ranges  0x00000000       0x10 CMakeFiles/application.elf.dir/core/application/main.c.obj
 .debug_ranges  0x00000010       0x50 CMakeFiles/application.elf.dir/core/application/stm32f10x_it.c.obj
 .debug_ranges  0x00000060       0xb0 CMakeFiles/application.elf.dir/core/gui/gui.c.obj
 .debug_ranges  0x00000110       0x28 CMakeFiles/application.elf.dir/__/devices/system_stm32f10x.c.obj
 .debug_ranges  0x00000138       0x20 CMakeFiles/application.elf.dir/startup/startup_stm32f103xb.s.obj
 .debug_ranges  0x00000158       0x48 libBSP_LIB.a(bsp.c.obj)
 .debug_ranges  0x000001a0       0x20 libBSP_LIB.a(bsp_dma.c.obj)
 .debug_ranges  0x000001c0       0x10 libBSP_LIB.a(bsp_gpio.c.obj)
 .debug_ranges  0x000001d0       0x28 libBSP_LIB.a(bsp_spi.c.obj)
 .debug_ranges  0x000001f8       0x60 libSTD_LIB.a(stm32f10x_dma.c.obj)
 .debug_ranges  0x00000258       0x98 libSTD_LIB.a(stm32f10x_gpio.c.obj)
 .debug_ranges  0x000002f0      0x110 libSTD_LIB.a(stm32f10x_i2c.c.obj)
 .debug_ranges  0x00000400      0x108 libSTD_LIB.a(stm32f10x_rcc.c.obj)
 .debug_ranges  0x00000508       0xc0 libSTD_LIB.a(stm32f10x_spi.c.obj)

.debug_macro    0x00000000    0x116b6
 .debug_macro   0x00000000      0x38d CMakeFiles/application.elf.dir/core/application/main.c.obj
 .debug_macro   0x0000038d      0xa6c CMakeFiles/application.elf.dir/core/application/main.c.obj
 .debug_macro   0x00000df9       0x56 CMakeFiles/application.elf.dir/core/application/main.c.obj
 .debug_macro   0x00000e4f       0x22 CMakeFiles/application.elf.dir/core/application/main.c.obj
 .debug_macro   0x00000e71       0x22 CMakeFiles/application.elf.dir/core/application/main.c.obj
 .debug_macro   0x00000e93       0x8e CMakeFiles/application.elf.dir/core/application/main.c.obj
 .debug_macro   0x00000f21       0x51 CMakeFiles/application.elf.dir/core/application/main.c.obj
 .debug_macro   0x00000f72      0x103 CMakeFiles/application.elf.dir/core/application/main.c.obj
 .debug_macro   0x00001075       0x6a CMakeFiles/application.elf.dir/core/application/main.c.obj
 .debug_macro   0x000010df      0x1df CMakeFiles/application.elf.dir/core/application/main.c.obj
 .debug_macro   0x000012be      0x69f CMakeFiles/application.elf.dir/core/application/main.c.obj
 .debug_macro   0x0000195d     0x7dbe CMakeFiles/application.elf.dir/core/application/main.c.obj
 .debug_macro   0x0000971b      0x2df CMakeFiles/application.elf.dir/core/application/main.c.obj
 .debug_macro   0x000099fa      0x144 CMakeFiles/application.elf.dir/core/application/main.c.obj
 .debug_macro   0x00009b3e      0x3cf CMakeFiles/application.elf.dir/core/application/main.c.obj
 .debug_macro   0x00009f0d       0xc8 CMakeFiles/application.elf.dir/core/application/main.c.obj
 .debug_macro   0x00009fd5      0x17a CMakeFiles/application.elf.dir/core/application/main.c.obj
 .debug_macro   0x0000a14f       0xac CMakeFiles/application.elf.dir/core/application/main.c.obj
 .debug_macro   0x0000a1fb      0x3ad CMakeFiles/application.elf.dir/core/application/main.c.obj
 .debug_macro   0x0000a5a8       0x9a CMakeFiles/application.elf.dir/core/application/main.c.obj
 .debug_macro   0x0000a642      0x2cf CMakeFiles/application.elf.dir/core/application/main.c.obj
 .debug_macro   0x0000a911      0x279 CMakeFiles/application.elf.dir/core/application/main.c.obj
 .debug_macro   0x0000ab8a      0x2ac CMakeFiles/application.elf.dir/core/application/main.c.obj
 .debug_macro   0x0000ae36      0x2b1 CMakeFiles/application.elf.dir/core/application/main.c.obj
 .debug_macro   0x0000b0e7       0x64 CMakeFiles/application.elf.dir/core/application/main.c.obj
 .debug_macro   0x0000b14b       0x82 CMakeFiles/application.elf.dir/core/application/main.c.obj
 .debug_macro   0x0000b1cd      0x3e2 CMakeFiles/application.elf.dir/core/application/main.c.obj
 .debug_macro   0x0000b5af       0x58 CMakeFiles/application.elf.dir/core/application/main.c.obj
 .debug_macro   0x0000b607      0x341 CMakeFiles/application.elf.dir/core/application/main.c.obj
 .debug_macro   0x0000b948      0x2c4 CMakeFiles/application.elf.dir/core/application/main.c.obj
 .debug_macro   0x0000bc0c      0x711 CMakeFiles/application.elf.dir/core/application/main.c.obj
 .debug_macro   0x0000c31d      0x220 CMakeFiles/application.elf.dir/core/application/main.c.obj
 .debug_macro   0x0000c53d       0x34 CMakeFiles/application.elf.dir/core/application/main.c.obj
 .debug_macro   0x0000c571       0x8b CMakeFiles/application.elf.dir/core/application/main.c.obj
 .debug_macro   0x0000c5fc       0x35 CMakeFiles/application.elf.dir/core/application/main.c.obj
 .debug_macro   0x0000c631       0x64 CMakeFiles/application.elf.dir/core/application/main.c.obj
 .debug_macro   0x0000c695       0x18 CMakeFiles/application.elf.dir/core/application/main.c.obj
 .debug_macro   0x0000c6ad       0x35 CMakeFiles/application.elf.dir/core/application/main.c.obj
 .debug_macro   0x0000c6e2       0x34 CMakeFiles/application.elf.dir/core/application/main.c.obj
 .debug_macro   0x0000c716       0x16 CMakeFiles/application.elf.dir/core/application/main.c.obj
 .debug_macro   0x0000c72c       0x97 CMakeFiles/application.elf.dir/core/application/main.c.obj
 .debug_macro   0x0000c7c3      0x356 CMakeFiles/application.elf.dir/core/application/main.c.obj
 .debug_macro   0x0000cb19       0xf6 CMakeFiles/application.elf.dir/core/application/main.c.obj
 .debug_macro   0x0000cc0f       0x10 CMakeFiles/application.elf.dir/core/application/main.c.obj
 .debug_macro   0x0000cc1f       0x16 CMakeFiles/application.elf.dir/core/application/main.c.obj
 .debug_macro   0x0000cc35       0x43 CMakeFiles/application.elf.dir/core/application/main.c.obj
 .debug_macro   0x0000cc78       0x34 CMakeFiles/application.elf.dir/core/application/main.c.obj
 .debug_macro   0x0000ccac       0x10 CMakeFiles/application.elf.dir/core/application/main.c.obj
 .debug_macro   0x0000ccbc       0x58 CMakeFiles/application.elf.dir/core/application/main.c.obj
 .debug_macro   0x0000cd14      0x182 CMakeFiles/application.elf.dir/core/application/main.c.obj
 .debug_macro   0x0000ce96       0x10 CMakeFiles/application.elf.dir/core/application/main.c.obj
 .debug_macro   0x0000cea6       0x1c CMakeFiles/application.elf.dir/core/application/main.c.obj
 .debug_macro   0x0000cec2       0x52 CMakeFiles/application.elf.dir/core/application/main.c.obj
 .debug_macro   0x0000cf14       0x22 CMakeFiles/application.elf.dir/core/application/main.c.obj
 .debug_macro   0x0000cf36       0x10 CMakeFiles/application.elf.dir/core/application/main.c.obj
 .debug_macro   0x0000cf46       0x40 CMakeFiles/application.elf.dir/core/application/main.c.obj
 .debug_macro   0x0000cf86       0xd5 CMakeFiles/application.elf.dir/core/application/main.c.obj
 .debug_macro   0x0000d05b       0x1c CMakeFiles/application.elf.dir/core/application/main.c.obj
 .debug_macro   0x0000d077       0x3d CMakeFiles/application.elf.dir/core/application/main.c.obj
 .debug_macro   0x0000d0b4       0x16 CMakeFiles/application.elf.dir/core/application/main.c.obj
 .debug_macro   0x0000d0ca      0x16f CMakeFiles/application.elf.dir/core/application/main.c.obj
 .debug_macro   0x0000d239       0x7c CMakeFiles/application.elf.dir/core/application/main.c.obj
 .debug_macro   0x0000d2b5       0x10 CMakeFiles/application.elf.dir/core/application/main.c.obj
 .debug_macro   0x0000d2c5       0x10 CMakeFiles/application.elf.dir/core/application/main.c.obj
 .debug_macro   0x0000d2d5       0x28 CMakeFiles/application.elf.dir/core/application/main.c.obj
 .debug_macro   0x0000d2fd      0x1a9 CMakeFiles/application.elf.dir/core/application/main.c.obj
 .debug_macro   0x0000d4a6       0x7c CMakeFiles/application.elf.dir/core/application/main.c.obj
 .debug_macro   0x0000d522       0x17 CMakeFiles/application.elf.dir/core/application/main.c.obj
 .debug_macro   0x0000d539      0x118 CMakeFiles/application.elf.dir/core/application/main.c.obj
 .debug_macro   0x0000d651      0x6c8 CMakeFiles/application.elf.dir/core/application/main.c.obj
 .debug_macro   0x0000dd19      0xce3 CMakeFiles/application.elf.dir/core/application/main.c.obj
 .debug_macro   0x0000e9fc      0x185 CMakeFiles/application.elf.dir/core/application/stm32f10x_it.c.obj
 .debug_macro   0x0000eb81      0x306 CMakeFiles/application.elf.dir/core/gui/gui.c.obj
 .debug_macro   0x0000ee87      0x188 CMakeFiles/application.elf.dir/__/devices/system_stm32f10x.c.obj
 .debug_macro   0x0000f00f      0x324 libBSP_LIB.a(bsp.c.obj)
 .debug_macro   0x0000f333       0x4c libBSP_LIB.a(bsp.c.obj)
 .debug_macro   0x0000f37f       0x16 libBSP_LIB.a(bsp.c.obj)
 .debug_macro   0x0000f395       0x16 libBSP_LIB.a(bsp.c.obj)
 .debug_macro   0x0000f3ab       0x29 libBSP_LIB.a(bsp.c.obj)
 .debug_macro   0x0000f3d4      0x2e7 libBSP_LIB.a(bsp_dma.c.obj)
 .debug_macro   0x0000f6bb      0x2e7 libBSP_LIB.a(bsp_gpio.c.obj)
 .debug_macro   0x0000f9a2      0x2f3 libBSP_LIB.a(bsp_spi.c.obj)
 .debug_macro   0x0000fc95      0x1d9 libSTD_LIB.a(stm32f10x_dma.c.obj)
 .debug_macro   0x0000fe6e      0x3a7 libSTD_LIB.a(stm32f10x_dma.c.obj)
 .debug_macro   0x00010215      0x1d3 libSTD_LIB.a(stm32f10x_gpio.c.obj)
 .debug_macro   0x000103e8      0x2a6 libSTD_LIB.a(stm32f10x_gpio.c.obj)
 .debug_macro   0x0001068e      0x257 libSTD_LIB.a(stm32f10x_i2c.c.obj)
 .debug_macro   0x000108e5      0x2ab libSTD_LIB.a(stm32f10x_i2c.c.obj)
 .debug_macro   0x00010b90      0x2a1 libSTD_LIB.a(stm32f10x_rcc.c.obj)
 .debug_macro   0x00010e31      0x3dc libSTD_LIB.a(stm32f10x_rcc.c.obj)
 .debug_macro   0x0001120d      0x1eb libSTD_LIB.a(stm32f10x_spi.c.obj)
 .debug_macro   0x000113f8      0x2be libSTD_LIB.a(stm32f10x_spi.c.obj)

.debug_line     0x00000000     0x7861
 .debug_line    0x00000000      0x950 CMakeFiles/application.elf.dir/core/application/main.c.obj
 .debug_line    0x00000950      0x67c CMakeFiles/application.elf.dir/core/application/stm32f10x_it.c.obj
 .debug_line    0x00000fcc      0xef0 CMakeFiles/application.elf.dir/core/gui/gui.c.obj
 .debug_line    0x00001ebc      0x722 CMakeFiles/application.elf.dir/__/devices/system_stm32f10x.c.obj
 .debug_line    0x000025de       0xb3 CMakeFiles/application.elf.dir/startup/startup_stm32f103xb.s.obj
 .debug_line    0x00002691      0x926 libBSP_LIB.a(bsp.c.obj)
 .debug_line    0x00002fb7      0x7f7 libBSP_LIB.a(bsp_dma.c.obj)
 .debug_line    0x000037ae      0x773 libBSP_LIB.a(bsp_gpio.c.obj)
 .debug_line    0x00003f21      0x7e7 libBSP_LIB.a(bsp_spi.c.obj)
 .debug_line    0x00004708      0x828 libSTD_LIB.a(stm32f10x_dma.c.obj)
 .debug_line    0x00004f30      0x97d libSTD_LIB.a(stm32f10x_gpio.c.obj)
 .debug_line    0x000058ad      0xade libSTD_LIB.a(stm32f10x_i2c.c.obj)
 .debug_line    0x0000638b      0xb19 libSTD_LIB.a(stm32f10x_rcc.c.obj)
 .debug_line    0x00006ea4      0x9bd libSTD_LIB.a(stm32f10x_spi.c.obj)

.debug_str      0x00000000    0x700b9
 .debug_str     0x00000000    0x6cc56 CMakeFiles/application.elf.dir/core/application/main.c.obj
                              0x6ceab (size before relaxing)
 .debug_str     0x0006cc56       0xe7 CMakeFiles/application.elf.dir/core/application/stm32f10x_it.c.obj
                              0x4d24b (size before relaxing)
 .debug_str     0x0006cd3d      0x2ae CMakeFiles/application.elf.dir/core/gui/gui.c.obj
                              0x51164 (size before relaxing)
 .debug_str     0x0006cfeb      0x1a4 CMakeFiles/application.elf.dir/__/devices/system_stm32f10x.c.obj
                              0x4d343 (size before relaxing)
 .debug_str     0x0006d18f       0x63 CMakeFiles/application.elf.dir/startup/startup_stm32f103xb.s.obj
                                 0xa0 (size before relaxing)
 .debug_str     0x0006d1f2      0x335 libBSP_LIB.a(bsp.c.obj)
                              0x51218 (size before relaxing)
 .debug_str     0x0006d527      0x53c libBSP_LIB.a(bsp_dma.c.obj)
                              0x5141c (size before relaxing)
 .debug_str     0x0006da63      0x1b4 libBSP_LIB.a(bsp_gpio.c.obj)
                              0x51040 (size before relaxing)
 .debug_str     0x0006dc17      0x185 libBSP_LIB.a(bsp_spi.c.obj)
                              0x510c8 (size before relaxing)
 .debug_str     0x0006dd9c      0x625 libSTD_LIB.a(stm32f10x_dma.c.obj)
                              0x4d8be (size before relaxing)
 .debug_str     0x0006e3c1      0x498 libSTD_LIB.a(stm32f10x_gpio.c.obj)
                              0x4d78e (size before relaxing)
 .debug_str     0x0006e859      0x8c1 libSTD_LIB.a(stm32f10x_i2c.c.obj)
                              0x4db30 (size before relaxing)
 .debug_str     0x0006f11a      0xa93 libSTD_LIB.a(stm32f10x_rcc.c.obj)
                              0x4dd74 (size before relaxing)
 .debug_str     0x0006fbad      0x50c libSTD_LIB.a(stm32f10x_spi.c.obj)
                              0x4d88e (size before relaxing)

.comment        0x00000000       0x4d
 .comment       0x00000000       0x4d CMakeFiles/application.elf.dir/core/application/main.c.obj
                                 0x4e (size before relaxing)
 .comment       0x0000004d       0x4e CMakeFiles/application.elf.dir/core/application/stm32f10x_it.c.obj
 .comment       0x0000004d       0x4e CMakeFiles/application.elf.dir/core/gui/gui.c.obj
 .comment       0x0000004d       0x4e CMakeFiles/application.elf.dir/__/devices/system_stm32f10x.c.obj
 .comment       0x0000004d       0x4e libBSP_LIB.a(bsp.c.obj)
 .comment       0x0000004d       0x4e libBSP_LIB.a(bsp_dma.c.obj)
 .comment       0x0000004d       0x4e libBSP_LIB.a(bsp_gpio.c.obj)
 .comment       0x0000004d       0x4e libBSP_LIB.a(bsp_spi.c.obj)
 .comment       0x0000004d       0x4e libSTD_LIB.a(stm32f10x_dma.c.obj)
 .comment       0x0000004d       0x4e libSTD_LIB.a(stm32f10x_gpio.c.obj)
 .comment       0x0000004d       0x4e libSTD_LIB.a(stm32f10x_i2c.c.obj)
 .comment       0x0000004d       0x4e libSTD_LIB.a(stm32f10x_rcc.c.obj)
 .comment       0x0000004d       0x4e libSTD_LIB.a(stm32f10x_spi.c.obj)

.debug_frame    0x00000000     0x1af4
 .debug_frame   0x00000000       0x34 CMakeFiles/application.elf.dir/core/application/main.c.obj
 .debug_frame   0x00000034      0x110 CMakeFiles/application.elf.dir/core/application/stm32f10x_it.c.obj
 .debug_frame   0x00000144      0x318 CMakeFiles/application.elf.dir/core/gui/gui.c.obj
 .debug_frame   0x0000045c       0x98 CMakeFiles/application.elf.dir/__/devices/system_stm32f10x.c.obj
 .debug_frame   0x000004f4      0x148 libBSP_LIB.a(bsp.c.obj)
 .debug_frame   0x0000063c       0x74 libBSP_LIB.a(bsp_dma.c.obj)
 .debug_frame   0x000006b0       0x2c libBSP_LIB.a(bsp_gpio.c.obj)
 .debug_frame   0x000006dc       0x90 libBSP_LIB.a(bsp_spi.c.obj)
 .debug_frame   0x0000076c      0x1c8 libSTD_LIB.a(stm32f10x_dma.c.obj)
 .debug_frame   0x00000934      0x2d0 libSTD_LIB.a(stm32f10x_gpio.c.obj)
 .debug_frame   0x00000c04      0x530 libSTD_LIB.a(stm32f10x_i2c.c.obj)
 .debug_frame   0x00001134      0x4f4 libSTD_LIB.a(stm32f10x_rcc.c.obj)
 .debug_frame   0x00001628      0x3a0 libSTD_LIB.a(stm32f10x_spi.c.obj)
 .debug_frame   0x000019c8       0x2c d:/tool/complier_toolchain/gcc-arm-none-eabi-10-2020-q4-major-win32/gcc-arm-none-eabi-10-2020-q4-major/bin/../lib/gcc/arm-none-eabi/10.2.1/../../../../arm-none-eabi/lib/thumb/v7-m/nofp\libc_nano.a(lib_a-init.o)
 .debug_frame   0x000019f4       0x30 d:/tool/complier_toolchain/gcc-arm-none-eabi-10-2020-q4-major-win32/gcc-arm-none-eabi-10-2020-q4-major/bin/../lib/gcc/arm-none-eabi/10.2.1/thumb/v7-m/nofp\libgcc.a(_arm_muldf3.o)
 .debug_frame   0x00001a24       0xac d:/tool/complier_toolchain/gcc-arm-none-eabi-10-2020-q4-major-win32/gcc-arm-none-eabi-10-2020-q4-major/bin/../lib/gcc/arm-none-eabi/10.2.1/thumb/v7-m/nofp\libgcc.a(_arm_addsubdf3.o)
 .debug_frame   0x00001ad0       0x24 d:/tool/complier_toolchain/gcc-arm-none-eabi-10-2020-q4-major-win32/gcc-arm-none-eabi-10-2020-q4-major/bin/../lib/gcc/arm-none-eabi/10.2.1/thumb/v7-m/nofp\libgcc.a(_arm_fixunsdfsi.o)

.stabstr        0x00000000      0x14d
 .stabstr       0x00000000      0x14d d:/tool/complier_toolchain/gcc-arm-none-eabi-10-2020-q4-major-win32/gcc-arm-none-eabi-10-2020-q4-major/bin/../lib/gcc/arm-none-eabi/10.2.1/../../../../arm-none-eabi/lib/thumb/v7-m/nofp\libnosys.a(close.o)

Cross Reference Table

Symbol                                            File
ADC1_2_IRQHandler                                 CMakeFiles/application.elf.dir/startup/startup_stm32f103xb.s.obj
AHBPrescTable                                     CMakeFiles/application.elf.dir/__/devices/system_stm32f10x.c.obj
Bsp_DelayMS                                       libBSP_LIB.a(bsp.c.obj)
                                                  libBSP_LIB.a(bsp_spi.c.obj)
                                                  CMakeFiles/application.elf.dir/core/gui/gui.c.obj
                                                  CMakeFiles/application.elf.dir/core/application/main.c.obj
Bsp_DelayS                                        libBSP_LIB.a(bsp.c.obj)
Bsp_DelayUS                                       libBSP_LIB.a(bsp.c.obj)
                                                  libBSP_LIB.a(bsp_dma.c.obj)
Bsp_GPIO_Init                                     libBSP_LIB.a(bsp_gpio.c.obj)
                                                  libBSP_LIB.a(bsp.c.obj)
Bsp_I2C_DMA_Ctrl                                  libBSP_LIB.a(bsp_i2c.c.obj)
                                                  libBSP_LIB.a(bsp_dma.c.obj)
Bsp_I2C_DMA_Init                                  libBSP_LIB.a(bsp_dma.c.obj)
                                                  CMakeFiles/application.elf.dir/core/gui/gui.c.obj
Bsp_I2C_Init                                      libBSP_LIB.a(bsp_i2c.c.obj)
Bsp_I2C_Multi_SET                                 libBSP_LIB.a(bsp_i2c.c.obj)
Bsp_I2C_SET                                       libBSP_LIB.a(bsp_i2c.c.obj)
                                                  CMakeFiles/application.elf.dir/core/gui/gui.c.obj
Bsp_I2C_Write_Byte                                libBSP_LIB.a(bsp_i2c.c.obj)
Bsp_I2C_Write_Bytes                               libBSP_LIB.a(bsp_i2c.c.obj)
                                                  CMakeFiles/application.elf.dir/core/gui/gui.c.obj
Bsp_Init                                          libBSP_LIB.a(bsp.c.obj)
                                                  CMakeFiles/application.elf.dir/core/application/main.c.obj
Bsp_SPI_DMA_Init                                  libBSP_LIB.a(bsp_dma.c.obj)
                                                  CMakeFiles/application.elf.dir/core/gui/gui.c.obj
Bsp_SPI_Init                                      libBSP_LIB.a(bsp_spi.c.obj)
                                                  libBSP_LIB.a(bsp.c.obj)
Bsp_SPI_RES_HIGH                                  libBSP_LIB.a(bsp_spi.c.obj)
                                                  CMakeFiles/application.elf.dir/core/gui/gui.c.obj
Bsp_SPI_RES_LOW                                   libBSP_LIB.a(bsp_spi.c.obj)
                                                  CMakeFiles/application.elf.dir/core/gui/gui.c.obj
Bsp_SPI_Send_CMD                                  libBSP_LIB.a(bsp_spi.c.obj)
                                                  CMakeFiles/application.elf.dir/core/gui/gui.c.obj
Bsp_fputc                                         libBSP_LIB.a(bsp.c.obj)
Bsp_fputs                                         libBSP_LIB.a(bsp.c.obj)
Bsp_printf                                        libBSP_LIB.a(bsp.c.obj)
BusFault_Handler                                  CMakeFiles/application.elf.dir/core/application/stm32f10x_it.c.obj
CAN1_RX1_IRQHandler                               CMakeFiles/application.elf.dir/startup/startup_stm32f103xb.s.obj
CAN1_SCE_IRQHandler                               CMakeFiles/application.elf.dir/startup/startup_stm32f103xb.s.obj
DMA1_Channel1_IRQHandler                          CMakeFiles/application.elf.dir/startup/startup_stm32f103xb.s.obj
DMA1_Channel2_IRQHandler                          CMakeFiles/application.elf.dir/startup/startup_stm32f103xb.s.obj
DMA1_Channel3_IRQHandler                          CMakeFiles/application.elf.dir/startup/startup_stm32f103xb.s.obj
DMA1_Channel4_IRQHandler                          CMakeFiles/application.elf.dir/startup/startup_stm32f103xb.s.obj
DMA1_Channel5_IRQHandler                          CMakeFiles/application.elf.dir/startup/startup_stm32f103xb.s.obj
DMA1_Channel6_IRQHandler                          libBSP_LIB.a(bsp_dma.c.obj)
                                                  CMakeFiles/application.elf.dir/startup/startup_stm32f103xb.s.obj
DMA1_Channel7_IRQHandler                          CMakeFiles/application.elf.dir/startup/startup_stm32f103xb.s.obj
DMA_ClearFlag                                     libSTD_LIB.a(stm32f10x_dma.c.obj)
                                                  libBSP_LIB.a(bsp_dma.c.obj)
DMA_ClearITPendingBit                             libSTD_LIB.a(stm32f10x_dma.c.obj)
DMA_Cmd                                           libSTD_LIB.a(stm32f10x_dma.c.obj)
                                                  libBSP_LIB.a(bsp_i2c.c.obj)
                                                  libBSP_LIB.a(bsp_dma.c.obj)
DMA_DeInit                                        libSTD_LIB.a(stm32f10x_dma.c.obj)
                                                  libBSP_LIB.a(bsp_dma.c.obj)
DMA_GetCurrDataCounter                            libSTD_LIB.a(stm32f10x_dma.c.obj)
DMA_GetFlagStatus                                 libSTD_LIB.a(stm32f10x_dma.c.obj)
                                                  libBSP_LIB.a(bsp_dma.c.obj)
DMA_GetITStatus                                   libSTD_LIB.a(stm32f10x_dma.c.obj)
DMA_ITConfig                                      libSTD_LIB.a(stm32f10x_dma.c.obj)
                                                  libBSP_LIB.a(bsp_dma.c.obj)
DMA_Init                                          libSTD_LIB.a(stm32f10x_dma.c.obj)
                                                  libBSP_LIB.a(bsp_dma.c.obj)
DMA_SetCurrDataCounter                            libSTD_LIB.a(stm32f10x_dma.c.obj)
DMA_StructInit                                    libSTD_LIB.a(stm32f10x_dma.c.obj)
DebugMon_Handler                                  CMakeFiles/application.elf.dir/core/application/stm32f10x_it.c.obj
Default_Handler                                   CMakeFiles/application.elf.dir/startup/startup_stm32f103xb.s.obj
ERROR_DECT                                        libBSP_LIB.a(bsp_i2c.c.obj)
EXTI0_IRQHandler                                  CMakeFiles/application.elf.dir/startup/startup_stm32f103xb.s.obj
EXTI15_10_IRQHandler                              CMakeFiles/application.elf.dir/startup/startup_stm32f103xb.s.obj
EXTI1_IRQHandler                                  CMakeFiles/application.elf.dir/startup/startup_stm32f103xb.s.obj
EXTI2_IRQHandler                                  CMakeFiles/application.elf.dir/startup/startup_stm32f103xb.s.obj
EXTI3_IRQHandler                                  CMakeFiles/application.elf.dir/startup/startup_stm32f103xb.s.obj
EXTI4_IRQHandler                                  CMakeFiles/application.elf.dir/startup/startup_stm32f103xb.s.obj
EXTI9_5_IRQHandler                                CMakeFiles/application.elf.dir/startup/startup_stm32f103xb.s.obj
F6X8                                              CMakeFiles/application.elf.dir/core/gui/gui.c.obj
FLASH_IRQHandler                                  CMakeFiles/application.elf.dir/startup/startup_stm32f103xb.s.obj
GPIO_AFIODeInit                                   libSTD_LIB.a(stm32f10x_gpio.c.obj)
GPIO_DeInit                                       libSTD_LIB.a(stm32f10x_gpio.c.obj)
GPIO_ETH_MediaInterfaceConfig                     libSTD_LIB.a(stm32f10x_gpio.c.obj)
GPIO_EXTILineConfig                               libSTD_LIB.a(stm32f10x_gpio.c.obj)
GPIO_EventOutputCmd                               libSTD_LIB.a(stm32f10x_gpio.c.obj)
GPIO_EventOutputConfig                            libSTD_LIB.a(stm32f10x_gpio.c.obj)
GPIO_Init                                         libSTD_LIB.a(stm32f10x_gpio.c.obj)
                                                  libBSP_LIB.a(bsp_gpio.c.obj)
GPIO_InitStruct_AF_OD                             libBSP_LIB.a(bsp_gpio.c.obj)
GPIO_InitStruct_AF_PP                             libBSP_LIB.a(bsp_gpio.c.obj)
GPIO_InitStruct_OUT_PP                            libBSP_LIB.a(bsp_gpio.c.obj)
GPIO_PinLockConfig                                libSTD_LIB.a(stm32f10x_gpio.c.obj)
GPIO_PinRemapConfig                               libSTD_LIB.a(stm32f10x_gpio.c.obj)
GPIO_ReadInputData                                libSTD_LIB.a(stm32f10x_gpio.c.obj)
GPIO_ReadInputDataBit                             libSTD_LIB.a(stm32f10x_gpio.c.obj)
GPIO_ReadOutputData                               libSTD_LIB.a(stm32f10x_gpio.c.obj)
GPIO_ReadOutputDataBit                            libSTD_LIB.a(stm32f10x_gpio.c.obj)
GPIO_ResetBits                                    libSTD_LIB.a(stm32f10x_gpio.c.obj)
                                                  libBSP_LIB.a(bsp_spi.c.obj)
GPIO_SetBits                                      libSTD_LIB.a(stm32f10x_gpio.c.obj)
                                                  libBSP_LIB.a(bsp_spi.c.obj)
GPIO_StructInit                                   libSTD_LIB.a(stm32f10x_gpio.c.obj)
GPIO_Write                                        libSTD_LIB.a(stm32f10x_gpio.c.obj)
GPIO_WriteBit                                     libSTD_LIB.a(stm32f10x_gpio.c.obj)
GUI_CLEAR_SCREEN                                  CMakeFiles/application.elf.dir/core/gui/gui.c.obj
                                                  CMakeFiles/application.elf.dir/core/application/main.c.obj
GUI_DISPLAY_BUF                                   libBSP_LIB.a(bsp_dma.c.obj)
                                                  CMakeFiles/application.elf.dir/core/gui/gui.c.obj
GUI_Display_OFF                                   CMakeFiles/application.elf.dir/core/gui/gui.c.obj
GUI_Display_ON                                    CMakeFiles/application.elf.dir/core/gui/gui.c.obj
GUI_Draw_Line                                     CMakeFiles/application.elf.dir/core/gui/gui.c.obj
GUI_Draw_Point                                    CMakeFiles/application.elf.dir/core/gui/gui.c.obj
GUI_Init                                          CMakeFiles/application.elf.dir/core/gui/gui.c.obj
GUI_Reverse_Y                                     CMakeFiles/application.elf.dir/core/gui/gui.c.obj
                                                  CMakeFiles/application.elf.dir/core/application/main.c.obj
GUI_SPI_CLEAR_SCREEN                              CMakeFiles/application.elf.dir/core/gui/gui.c.obj
                                                  CMakeFiles/application.elf.dir/core/application/main.c.obj
GUI_SPI_Display_Char_ASCII                        CMakeFiles/application.elf.dir/core/gui/gui.c.obj
GUI_SPI_Display_Graph                             CMakeFiles/application.elf.dir/core/gui/gui.c.obj
GUI_SPI_Init                                      CMakeFiles/application.elf.dir/core/gui/gui.c.obj
                                                  CMakeFiles/application.elf.dir/core/application/main.c.obj
GUI_SPI_Reverse_Y                                 CMakeFiles/application.elf.dir/core/gui/gui.c.obj
GUI_Set_Cursor                                    CMakeFiles/application.elf.dir/core/gui/gui.c.obj
GUI_ShowChar_FulCoord                             CMakeFiles/application.elf.dir/core/gui/gui.c.obj
GUI_ShowString_FulCoord                           CMakeFiles/application.elf.dir/core/gui/gui.c.obj
GUI_Show_Char                                     CMakeFiles/application.elf.dir/core/gui/gui.c.obj
GUI_Show_Chinese                                  CMakeFiles/application.elf.dir/core/gui/gui.c.obj
GUI_Show_Image                                    CMakeFiles/application.elf.dir/core/gui/gui.c.obj
GUI_Show_String                                   CMakeFiles/application.elf.dir/core/gui/gui.c.obj
GUI_Test                                          CMakeFiles/application.elf.dir/core/gui/gui.c.obj
GUI_Update_Screen                                 CMakeFiles/application.elf.dir/core/gui/gui.c.obj
HardFault_Handler                                 CMakeFiles/application.elf.dir/core/application/stm32f10x_it.c.obj
I2C1_ER_IRQHandler                                CMakeFiles/application.elf.dir/startup/startup_stm32f103xb.s.obj
I2C1_EV_IRQHandler                                CMakeFiles/application.elf.dir/startup/startup_stm32f103xb.s.obj
I2C2_ER_IRQHandler                                CMakeFiles/application.elf.dir/startup/startup_stm32f103xb.s.obj
I2C2_EV_IRQHandler                                CMakeFiles/application.elf.dir/startup/startup_stm32f103xb.s.obj
I2C_ARPCmd                                        libSTD_LIB.a(stm32f10x_i2c.c.obj)
I2C_AcknowledgeConfig                             libSTD_LIB.a(stm32f10x_i2c.c.obj)
                                                  libBSP_LIB.a(bsp_dma.c.obj)
I2C_CalculatePEC                                  libSTD_LIB.a(stm32f10x_i2c.c.obj)
I2C_CheckEvent                                    libSTD_LIB.a(stm32f10x_i2c.c.obj)
                                                  libBSP_LIB.a(bsp_i2c.c.obj)
I2C_ClearFlag                                     libSTD_LIB.a(stm32f10x_i2c.c.obj)
I2C_ClearITPendingBit                             libSTD_LIB.a(stm32f10x_i2c.c.obj)
I2C_Cmd                                           libSTD_LIB.a(stm32f10x_i2c.c.obj)
                                                  libBSP_LIB.a(bsp_i2c.c.obj)
I2C_DMACmd                                        libSTD_LIB.a(stm32f10x_i2c.c.obj)
                                                  libBSP_LIB.a(bsp_i2c.c.obj)
I2C_DMALastTransferCmd                            libSTD_LIB.a(stm32f10x_i2c.c.obj)
I2C_DeInit                                        libSTD_LIB.a(stm32f10x_i2c.c.obj)
                                                  libBSP_LIB.a(bsp_i2c.c.obj)
I2C_DualAddressCmd                                libSTD_LIB.a(stm32f10x_i2c.c.obj)
I2C_FastModeDutyCycleConfig                       libSTD_LIB.a(stm32f10x_i2c.c.obj)
I2C_GeneralCallCmd                                libSTD_LIB.a(stm32f10x_i2c.c.obj)
I2C_GenerateSTART                                 libSTD_LIB.a(stm32f10x_i2c.c.obj)
                                                  libBSP_LIB.a(bsp_i2c.c.obj)
I2C_GenerateSTOP                                  libSTD_LIB.a(stm32f10x_i2c.c.obj)
                                                  libBSP_LIB.a(bsp_i2c.c.obj)
                                                  libBSP_LIB.a(bsp_dma.c.obj)
I2C_GetFlagStatus                                 libSTD_LIB.a(stm32f10x_i2c.c.obj)
                                                  libBSP_LIB.a(bsp_i2c.c.obj)
I2C_GetITStatus                                   libSTD_LIB.a(stm32f10x_i2c.c.obj)
I2C_GetLastEvent                                  libSTD_LIB.a(stm32f10x_i2c.c.obj)
I2C_GetPEC                                        libSTD_LIB.a(stm32f10x_i2c.c.obj)
I2C_ITConfig                                      libSTD_LIB.a(stm32f10x_i2c.c.obj)
I2C_Init                                          libSTD_LIB.a(stm32f10x_i2c.c.obj)
                                                  libBSP_LIB.a(bsp_i2c.c.obj)
I2C_NACKPositionConfig                            libSTD_LIB.a(stm32f10x_i2c.c.obj)
I2C_OwnAddress2Config                             libSTD_LIB.a(stm32f10x_i2c.c.obj)
I2C_PECPositionConfig                             libSTD_LIB.a(stm32f10x_i2c.c.obj)
I2C_ReadRegister                                  libSTD_LIB.a(stm32f10x_i2c.c.obj)
I2C_ReceiveData                                   libSTD_LIB.a(stm32f10x_i2c.c.obj)
I2C_SMBusAlertConfig                              libSTD_LIB.a(stm32f10x_i2c.c.obj)
I2C_START                                         libBSP_LIB.a(bsp_i2c.c.obj)
I2C_STOP                                          libBSP_LIB.a(bsp_i2c.c.obj)
I2C_Send7bitAddress                               libSTD_LIB.a(stm32f10x_i2c.c.obj)
                                                  libBSP_LIB.a(bsp_i2c.c.obj)
I2C_SendData                                      libSTD_LIB.a(stm32f10x_i2c.c.obj)
                                                  libBSP_LIB.a(bsp_i2c.c.obj)
I2C_SoftwareResetCmd                              libSTD_LIB.a(stm32f10x_i2c.c.obj)
I2C_StretchClockCmd                               libSTD_LIB.a(stm32f10x_i2c.c.obj)
I2C_StructInit                                    libSTD_LIB.a(stm32f10x_i2c.c.obj)
I2C_TransmitPEC                                   libSTD_LIB.a(stm32f10x_i2c.c.obj)
I2C_Write_Addr                                    libBSP_LIB.a(bsp_i2c.c.obj)
I2C_Write_DATA                                    libBSP_LIB.a(bsp_i2c.c.obj)
I2C_Write_Ins                                     libBSP_LIB.a(bsp_i2c.c.obj)
I2S_Cmd                                           libSTD_LIB.a(stm32f10x_spi.c.obj)
I2S_Init                                          libSTD_LIB.a(stm32f10x_spi.c.obj)
I2S_StructInit                                    libSTD_LIB.a(stm32f10x_spi.c.obj)
MemManage_Handler                                 CMakeFiles/application.elf.dir/core/application/stm32f10x_it.c.obj
NMI_Handler                                       CMakeFiles/application.elf.dir/core/application/stm32f10x_it.c.obj
NVIC_Init                                         libSTD_LIB.a(misc.c.obj)
                                                  libBSP_LIB.a(bsp_dma.c.obj)
NVIC_PriorityGroupConfig                          libSTD_LIB.a(misc.c.obj)
NVIC_SetVectorTable                               libSTD_LIB.a(misc.c.obj)
NVIC_SystemLPConfig                               libSTD_LIB.a(misc.c.obj)
OLED_F8x16                                        CMakeFiles/application.elf.dir/core/gui/gui.c.obj
OLED_Test                                         CMakeFiles/application.elf.dir/core/gui/gui.c.obj
PVD_IRQHandler                                    CMakeFiles/application.elf.dir/startup/startup_stm32f103xb.s.obj
PendSV_Handler                                    CMakeFiles/application.elf.dir/core/application/stm32f10x_it.c.obj
RCC_ADCCLKConfig                                  libSTD_LIB.a(stm32f10x_rcc.c.obj)
RCC_AHBPeriphClockCmd                             libSTD_LIB.a(stm32f10x_rcc.c.obj)
                                                  libBSP_LIB.a(bsp_i2c.c.obj)
                                                  libBSP_LIB.a(bsp_dma.c.obj)
RCC_APB1PeriphClockCmd                            libSTD_LIB.a(stm32f10x_rcc.c.obj)
                                                  libBSP_LIB.a(bsp_i2c.c.obj)
RCC_APB1PeriphResetCmd                            libSTD_LIB.a(stm32f10x_rcc.c.obj)
                                                  libSTD_LIB.a(stm32f10x_spi.c.obj)
                                                  libSTD_LIB.a(stm32f10x_i2c.c.obj)
RCC_APB2PeriphClockCmd                            libSTD_LIB.a(stm32f10x_rcc.c.obj)
                                                  libBSP_LIB.a(bsp_spi.c.obj)
                                                  libBSP_LIB.a(bsp_gpio.c.obj)
RCC_APB2PeriphResetCmd                            libSTD_LIB.a(stm32f10x_rcc.c.obj)
                                                  libSTD_LIB.a(stm32f10x_spi.c.obj)
                                                  libSTD_LIB.a(stm32f10x_gpio.c.obj)
RCC_AdjustHSICalibrationValue                     libSTD_LIB.a(stm32f10x_rcc.c.obj)
RCC_BackupResetCmd                                libSTD_LIB.a(stm32f10x_rcc.c.obj)
RCC_ClearFlag                                     libSTD_LIB.a(stm32f10x_rcc.c.obj)
RCC_ClearITPendingBit                             libSTD_LIB.a(stm32f10x_rcc.c.obj)
RCC_ClockSecuritySystemCmd                        libSTD_LIB.a(stm32f10x_rcc.c.obj)
RCC_DeInit                                        libSTD_LIB.a(stm32f10x_rcc.c.obj)
RCC_GetClocksFreq                                 libSTD_LIB.a(stm32f10x_rcc.c.obj)
                                                  libSTD_LIB.a(stm32f10x_spi.c.obj)
                                                  libSTD_LIB.a(stm32f10x_i2c.c.obj)
RCC_GetFlagStatus                                 libSTD_LIB.a(stm32f10x_rcc.c.obj)
RCC_GetITStatus                                   libSTD_LIB.a(stm32f10x_rcc.c.obj)
RCC_GetSYSCLKSource                               libSTD_LIB.a(stm32f10x_rcc.c.obj)
RCC_HCLKConfig                                    libSTD_LIB.a(stm32f10x_rcc.c.obj)
RCC_HSEConfig                                     libSTD_LIB.a(stm32f10x_rcc.c.obj)
RCC_HSICmd                                        libSTD_LIB.a(stm32f10x_rcc.c.obj)
RCC_IRQHandler                                    CMakeFiles/application.elf.dir/startup/startup_stm32f103xb.s.obj
RCC_ITConfig                                      libSTD_LIB.a(stm32f10x_rcc.c.obj)
RCC_LSEConfig                                     libSTD_LIB.a(stm32f10x_rcc.c.obj)
RCC_LSICmd                                        libSTD_LIB.a(stm32f10x_rcc.c.obj)
RCC_MCOConfig                                     libSTD_LIB.a(stm32f10x_rcc.c.obj)
RCC_PCLK1Config                                   libSTD_LIB.a(stm32f10x_rcc.c.obj)
RCC_PCLK2Config                                   libSTD_LIB.a(stm32f10x_rcc.c.obj)
RCC_PLLCmd                                        libSTD_LIB.a(stm32f10x_rcc.c.obj)
RCC_PLLConfig                                     libSTD_LIB.a(stm32f10x_rcc.c.obj)
RCC_RTCCLKCmd                                     libSTD_LIB.a(stm32f10x_rcc.c.obj)
RCC_RTCCLKConfig                                  libSTD_LIB.a(stm32f10x_rcc.c.obj)
RCC_SYSCLKConfig                                  libSTD_LIB.a(stm32f10x_rcc.c.obj)
RCC_USBCLKConfig                                  libSTD_LIB.a(stm32f10x_rcc.c.obj)
RCC_WaitForHSEStartUp                             libSTD_LIB.a(stm32f10x_rcc.c.obj)
RTC_Alarm_IRQHandler                              CMakeFiles/application.elf.dir/startup/startup_stm32f103xb.s.obj
RTC_IRQHandler                                    CMakeFiles/application.elf.dir/startup/startup_stm32f103xb.s.obj
Reset_Handler                                     CMakeFiles/application.elf.dir/startup/startup_stm32f103xb.s.obj
SPI1_IRQHandler                                   CMakeFiles/application.elf.dir/startup/startup_stm32f103xb.s.obj
SPI2_IRQHandler                                   CMakeFiles/application.elf.dir/startup/startup_stm32f103xb.s.obj
SPI_BiDirectionalLineConfig                       libSTD_LIB.a(stm32f10x_spi.c.obj)
SPI_CalculateCRC                                  libSTD_LIB.a(stm32f10x_spi.c.obj)
SPI_Cmd                                           libSTD_LIB.a(stm32f10x_spi.c.obj)
                                                  libBSP_LIB.a(bsp_spi.c.obj)
SPI_DataSizeConfig                                libSTD_LIB.a(stm32f10x_spi.c.obj)
SPI_GetCRC                                        libSTD_LIB.a(stm32f10x_spi.c.obj)
SPI_GetCRCPolynomial                              libSTD_LIB.a(stm32f10x_spi.c.obj)
SPI_I2S_ClearFlag                                 libSTD_LIB.a(stm32f10x_spi.c.obj)
SPI_I2S_ClearITPendingBit                         libSTD_LIB.a(stm32f10x_spi.c.obj)
SPI_I2S_DMACmd                                    libSTD_LIB.a(stm32f10x_spi.c.obj)
SPI_I2S_DeInit                                    libSTD_LIB.a(stm32f10x_spi.c.obj)
                                                  libBSP_LIB.a(bsp_spi.c.obj)
SPI_I2S_GetFlagStatus                             libSTD_LIB.a(stm32f10x_spi.c.obj)
                                                  libBSP_LIB.a(bsp_spi.c.obj)
SPI_I2S_GetITStatus                               libSTD_LIB.a(stm32f10x_spi.c.obj)
SPI_I2S_ITConfig                                  libSTD_LIB.a(stm32f10x_spi.c.obj)
SPI_I2S_ReceiveData                               libSTD_LIB.a(stm32f10x_spi.c.obj)
SPI_I2S_SendData                                  libSTD_LIB.a(stm32f10x_spi.c.obj)
                                                  libBSP_LIB.a(bsp_spi.c.obj)
SPI_Init                                          libSTD_LIB.a(stm32f10x_spi.c.obj)
                                                  libBSP_LIB.a(bsp_spi.c.obj)
SPI_NSSInternalSoftwareConfig                     libSTD_LIB.a(stm32f10x_spi.c.obj)
SPI_SSOutputCmd                                   libSTD_LIB.a(stm32f10x_spi.c.obj)
SPI_StructInit                                    libSTD_LIB.a(stm32f10x_spi.c.obj)
SPI_TransmitCRC                                   libSTD_LIB.a(stm32f10x_spi.c.obj)
SVC_Handler                                       CMakeFiles/application.elf.dir/core/application/stm32f10x_it.c.obj
SysTick_CLKSourceConfig                           libSTD_LIB.a(misc.c.obj)
SysTick_Handler                                   CMakeFiles/application.elf.dir/core/application/stm32f10x_it.c.obj
SystemCoreClock                                   CMakeFiles/application.elf.dir/__/devices/system_stm32f10x.c.obj
SystemCoreClockUpdate                             CMakeFiles/application.elf.dir/__/devices/system_stm32f10x.c.obj
SystemInit                                        CMakeFiles/application.elf.dir/__/devices/system_stm32f10x.c.obj
                                                  CMakeFiles/application.elf.dir/startup/startup_stm32f103xb.s.obj
TAMPER_IRQHandler                                 CMakeFiles/application.elf.dir/startup/startup_stm32f103xb.s.obj
TIM1_BRK_IRQHandler                               CMakeFiles/application.elf.dir/startup/startup_stm32f103xb.s.obj
TIM1_CC_IRQHandler                                CMakeFiles/application.elf.dir/startup/startup_stm32f103xb.s.obj
TIM1_TRG_COM_IRQHandler                           CMakeFiles/application.elf.dir/startup/startup_stm32f103xb.s.obj
TIM1_UP_IRQHandler                                CMakeFiles/application.elf.dir/startup/startup_stm32f103xb.s.obj
TIM2_IRQHandler                                   CMakeFiles/application.elf.dir/startup/startup_stm32f103xb.s.obj
TIM3_IRQHandler                                   CMakeFiles/application.elf.dir/startup/startup_stm32f103xb.s.obj
TIM4_IRQHandler                                   CMakeFiles/application.elf.dir/startup/startup_stm32f103xb.s.obj
USART1_IRQHandler                                 CMakeFiles/application.elf.dir/startup/startup_stm32f103xb.s.obj
USART2_IRQHandler                                 CMakeFiles/application.elf.dir/startup/startup_stm32f103xb.s.obj
USART3_IRQHandler                                 CMakeFiles/application.elf.dir/startup/startup_stm32f103xb.s.obj
USBWakeUp_IRQHandler                              CMakeFiles/application.elf.dir/startup/startup_stm32f103xb.s.obj
USB_HP_CAN1_TX_IRQHandler                         CMakeFiles/application.elf.dir/startup/startup_stm32f103xb.s.obj
USB_LP_CAN1_RX0_IRQHandler                        CMakeFiles/application.elf.dir/startup/startup_stm32f103xb.s.obj
Unity                                             CMakeFiles/application.elf.dir/c_unity/unity.c.obj
UnityAssertBits                                   CMakeFiles/application.elf.dir/c_unity/unity.c.obj
UnityAssertEqualIntArray                          CMakeFiles/application.elf.dir/c_unity/unity.c.obj
UnityAssertEqualMemory                            CMakeFiles/application.elf.dir/c_unity/unity.c.obj
UnityAssertEqualNumber                            CMakeFiles/application.elf.dir/c_unity/unity.c.obj
UnityAssertEqualString                            CMakeFiles/application.elf.dir/c_unity/unity.c.obj
UnityAssertEqualStringArray                       CMakeFiles/application.elf.dir/c_unity/unity.c.obj
UnityAssertEqualStringLen                         CMakeFiles/application.elf.dir/c_unity/unity.c.obj
UnityAssertFloatSpecial                           CMakeFiles/application.elf.dir/c_unity/unity.c.obj
UnityAssertFloatsNotWithin                        CMakeFiles/application.elf.dir/c_unity/unity.c.obj
UnityAssertFloatsWithin                           CMakeFiles/application.elf.dir/c_unity/unity.c.obj
UnityAssertGreaterOrLessFloat                     CMakeFiles/application.elf.dir/c_unity/unity.c.obj
UnityAssertGreaterOrLessOrEqualNumber             CMakeFiles/application.elf.dir/c_unity/unity.c.obj
UnityAssertNumbersArrayWithin                     CMakeFiles/application.elf.dir/c_unity/unity.c.obj
UnityAssertNumbersWithin                          CMakeFiles/application.elf.dir/c_unity/unity.c.obj
UnityAssertWithinFloatArray                       CMakeFiles/application.elf.dir/c_unity/unity.c.obj
UnityBegin                                        CMakeFiles/application.elf.dir/c_unity/unity.c.obj
UnityConcludeTest                                 CMakeFiles/application.elf.dir/c_unity/unity.c.obj
UnityDefaultTestRun                               CMakeFiles/application.elf.dir/c_unity/unity.c.obj
UnityEnd                                          CMakeFiles/application.elf.dir/c_unity/unity.c.obj
UnityFail                                         CMakeFiles/application.elf.dir/c_unity/unity.c.obj
UnityFloatToPtr                                   CMakeFiles/application.elf.dir/c_unity/unity.c.obj
UnityIgnore                                       CMakeFiles/application.elf.dir/c_unity/unity.c.obj
UnityMessage                                      CMakeFiles/application.elf.dir/c_unity/unity.c.obj
UnityNumToPtr                                     CMakeFiles/application.elf.dir/c_unity/unity.c.obj
UnityPrint                                        CMakeFiles/application.elf.dir/c_unity/unity.c.obj
UnityPrintFloat                                   CMakeFiles/application.elf.dir/c_unity/unity.c.obj
UnityPrintLen                                     CMakeFiles/application.elf.dir/c_unity/unity.c.obj
UnityPrintMask                                    CMakeFiles/application.elf.dir/c_unity/unity.c.obj
UnityPrintNumber                                  CMakeFiles/application.elf.dir/c_unity/unity.c.obj
UnityPrintNumberByStyle                           CMakeFiles/application.elf.dir/c_unity/unity.c.obj
UnityPrintNumberHex                               CMakeFiles/application.elf.dir/c_unity/unity.c.obj
UnityPrintNumberUnsigned                          CMakeFiles/application.elf.dir/c_unity/unity.c.obj
UnitySetTestFile                                  CMakeFiles/application.elf.dir/c_unity/unity.c.obj
UnityStrErr64                                     CMakeFiles/application.elf.dir/c_unity/unity.c.obj
UnityStrErrDouble                                 CMakeFiles/application.elf.dir/c_unity/unity.c.obj
UnityStrErrFloat                                  CMakeFiles/application.elf.dir/c_unity/unity.c.obj
UnityStrErrShorthand                              CMakeFiles/application.elf.dir/c_unity/unity.c.obj
UnityStrFail                                      CMakeFiles/application.elf.dir/c_unity/unity.c.obj
UnityStrIgnore                                    CMakeFiles/application.elf.dir/c_unity/unity.c.obj
UnityStrOk                                        CMakeFiles/application.elf.dir/c_unity/unity.c.obj
UnityStrPass                                      CMakeFiles/application.elf.dir/c_unity/unity.c.obj
UsageFault_Handler                                CMakeFiles/application.elf.dir/core/application/stm32f10x_it.c.obj
WWDG_IRQHandler                                   CMakeFiles/application.elf.dir/startup/startup_stm32f103xb.s.obj
__LDREXB                                          CMakeFiles/application.elf.dir/__/devices/core_cm3.c.obj
__LDREXH                                          CMakeFiles/application.elf.dir/__/devices/core_cm3.c.obj
__LDREXW                                          CMakeFiles/application.elf.dir/__/devices/core_cm3.c.obj
__RBIT                                            CMakeFiles/application.elf.dir/__/devices/core_cm3.c.obj
__REV                                             CMakeFiles/application.elf.dir/__/devices/core_cm3.c.obj
__REV16                                           CMakeFiles/application.elf.dir/__/devices/core_cm3.c.obj
__REVSH                                           CMakeFiles/application.elf.dir/__/devices/core_cm3.c.obj
__STREXB                                          CMakeFiles/application.elf.dir/__/devices/core_cm3.c.obj
__STREXH                                          CMakeFiles/application.elf.dir/__/devices/core_cm3.c.obj
__STREXW                                          CMakeFiles/application.elf.dir/__/devices/core_cm3.c.obj
__adddf3                                          d:/tool/complier_toolchain/gcc-arm-none-eabi-10-2020-q4-major-win32/gcc-arm-none-eabi-10-2020-q4-major/bin/../lib/gcc/arm-none-eabi/10.2.1/thumb/v7-m/nofp\libgcc.a(_arm_addsubdf3.o)
__addsf3                                          d:/tool/complier_toolchain/gcc-arm-none-eabi-10-2020-q4-major-win32/gcc-arm-none-eabi-10-2020-q4-major/bin/../lib/gcc/arm-none-eabi/10.2.1/thumb/v7-m/nofp\libgcc.a(_arm_addsubsf3.o)
__aeabi_cfcmpeq                                   d:/tool/complier_toolchain/gcc-arm-none-eabi-10-2020-q4-major-win32/gcc-arm-none-eabi-10-2020-q4-major/bin/../lib/gcc/arm-none-eabi/10.2.1/thumb/v7-m/nofp\libgcc.a(_arm_cmpsf2.o)
__aeabi_cfcmple                                   d:/tool/complier_toolchain/gcc-arm-none-eabi-10-2020-q4-major-win32/gcc-arm-none-eabi-10-2020-q4-major/bin/../lib/gcc/arm-none-eabi/10.2.1/thumb/v7-m/nofp\libgcc.a(_arm_cmpsf2.o)
__aeabi_cfrcmple                                  d:/tool/complier_toolchain/gcc-arm-none-eabi-10-2020-q4-major-win32/gcc-arm-none-eabi-10-2020-q4-major/bin/../lib/gcc/arm-none-eabi/10.2.1/thumb/v7-m/nofp\libgcc.a(_arm_cmpsf2.o)
__aeabi_d2uiz                                     d:/tool/complier_toolchain/gcc-arm-none-eabi-10-2020-q4-major-win32/gcc-arm-none-eabi-10-2020-q4-major/bin/../lib/gcc/arm-none-eabi/10.2.1/thumb/v7-m/nofp\libgcc.a(_arm_fixunsdfsi.o)
                                                  CMakeFiles/application.elf.dir/core/application/main.c.obj
__aeabi_dadd                                      d:/tool/complier_toolchain/gcc-arm-none-eabi-10-2020-q4-major-win32/gcc-arm-none-eabi-10-2020-q4-major/bin/../lib/gcc/arm-none-eabi/10.2.1/thumb/v7-m/nofp\libgcc.a(_arm_addsubdf3.o)
                                                  CMakeFiles/application.elf.dir/core/application/main.c.obj
__aeabi_dmul                                      d:/tool/complier_toolchain/gcc-arm-none-eabi-10-2020-q4-major-win32/gcc-arm-none-eabi-10-2020-q4-major/bin/../lib/gcc/arm-none-eabi/10.2.1/thumb/v7-m/nofp\libgcc.a(_arm_muldf3.o)
                                                  CMakeFiles/application.elf.dir/core/application/main.c.obj
__aeabi_drsub                                     d:/tool/complier_toolchain/gcc-arm-none-eabi-10-2020-q4-major-win32/gcc-arm-none-eabi-10-2020-q4-major/bin/../lib/gcc/arm-none-eabi/10.2.1/thumb/v7-m/nofp\libgcc.a(_arm_addsubdf3.o)
__aeabi_dsub                                      d:/tool/complier_toolchain/gcc-arm-none-eabi-10-2020-q4-major-win32/gcc-arm-none-eabi-10-2020-q4-major/bin/../lib/gcc/arm-none-eabi/10.2.1/thumb/v7-m/nofp\libgcc.a(_arm_addsubdf3.o)
__aeabi_f2d                                       d:/tool/complier_toolchain/gcc-arm-none-eabi-10-2020-q4-major-win32/gcc-arm-none-eabi-10-2020-q4-major/bin/../lib/gcc/arm-none-eabi/10.2.1/thumb/v7-m/nofp\libgcc.a(_arm_addsubdf3.o)
__aeabi_f2iz                                      d:/tool/complier_toolchain/gcc-arm-none-eabi-10-2020-q4-major-win32/gcc-arm-none-eabi-10-2020-q4-major/bin/../lib/gcc/arm-none-eabi/10.2.1/thumb/v7-m/nofp\libgcc.a(_arm_fixsfsi.o)
                                                  CMakeFiles/application.elf.dir/c_unity/unity.c.obj
__aeabi_fadd                                      d:/tool/complier_toolchain/gcc-arm-none-eabi-10-2020-q4-major-win32/gcc-arm-none-eabi-10-2020-q4-major/bin/../lib/gcc/arm-none-eabi/10.2.1/thumb/v7-m/nofp\libgcc.a(_arm_addsubsf3.o)
                                                  CMakeFiles/application.elf.dir/c_unity/unity.c.obj
__aeabi_fcmpeq                                    d:/tool/complier_toolchain/gcc-arm-none-eabi-10-2020-q4-major-win32/gcc-arm-none-eabi-10-2020-q4-major/bin/../lib/gcc/arm-none-eabi/10.2.1/thumb/v7-m/nofp\libgcc.a(_arm_cmpsf2.o)
                                                  CMakeFiles/application.elf.dir/c_unity/unity.c.obj
__aeabi_fcmpge                                    d:/tool/complier_toolchain/gcc-arm-none-eabi-10-2020-q4-major-win32/gcc-arm-none-eabi-10-2020-q4-major/bin/../lib/gcc/arm-none-eabi/10.2.1/thumb/v7-m/nofp\libgcc.a(_arm_cmpsf2.o)
__aeabi_fcmpgt                                    d:/tool/complier_toolchain/gcc-arm-none-eabi-10-2020-q4-major-win32/gcc-arm-none-eabi-10-2020-q4-major/bin/../lib/gcc/arm-none-eabi/10.2.1/thumb/v7-m/nofp\libgcc.a(_arm_cmpsf2.o)
                                                  CMakeFiles/application.elf.dir/c_unity/unity.c.obj
__aeabi_fcmple                                    d:/tool/complier_toolchain/gcc-arm-none-eabi-10-2020-q4-major-win32/gcc-arm-none-eabi-10-2020-q4-major/bin/../lib/gcc/arm-none-eabi/10.2.1/thumb/v7-m/nofp\libgcc.a(_arm_cmpsf2.o)
                                                  CMakeFiles/application.elf.dir/c_unity/unity.c.obj
__aeabi_fcmplt                                    d:/tool/complier_toolchain/gcc-arm-none-eabi-10-2020-q4-major-win32/gcc-arm-none-eabi-10-2020-q4-major/bin/../lib/gcc/arm-none-eabi/10.2.1/thumb/v7-m/nofp\libgcc.a(_arm_cmpsf2.o)
                                                  CMakeFiles/application.elf.dir/c_unity/unity.c.obj
__aeabi_fcmpun                                    d:/tool/complier_toolchain/gcc-arm-none-eabi-10-2020-q4-major-win32/gcc-arm-none-eabi-10-2020-q4-major/bin/../lib/gcc/arm-none-eabi/10.2.1/thumb/v7-m/nofp\libgcc.a(_arm_unordsf2.o)
                                                  CMakeFiles/application.elf.dir/c_unity/unity.c.obj
__aeabi_fdiv                                      d:/tool/complier_toolchain/gcc-arm-none-eabi-10-2020-q4-major-win32/gcc-arm-none-eabi-10-2020-q4-major/bin/../lib/gcc/arm-none-eabi/10.2.1/thumb/v7-m/nofp\libgcc.a(_arm_muldivsf3.o)
                                                  CMakeFiles/application.elf.dir/c_unity/unity.c.obj
__aeabi_fmul                                      d:/tool/complier_toolchain/gcc-arm-none-eabi-10-2020-q4-major-win32/gcc-arm-none-eabi-10-2020-q4-major/bin/../lib/gcc/arm-none-eabi/10.2.1/thumb/v7-m/nofp\libgcc.a(_arm_muldivsf3.o)
                                                  d:/tool/complier_toolchain/gcc-arm-none-eabi-10-2020-q4-major-win32/gcc-arm-none-eabi-10-2020-q4-major/bin/../lib/gcc/arm-none-eabi/10.2.1/thumb/v7-m/nofp\libgcc.a(_arm_mulsf3.o)
                                                  CMakeFiles/application.elf.dir/c_unity/unity.c.obj
__aeabi_frsub                                     d:/tool/complier_toolchain/gcc-arm-none-eabi-10-2020-q4-major-win32/gcc-arm-none-eabi-10-2020-q4-major/bin/../lib/gcc/arm-none-eabi/10.2.1/thumb/v7-m/nofp\libgcc.a(_arm_addsubsf3.o)
__aeabi_fsub                                      d:/tool/complier_toolchain/gcc-arm-none-eabi-10-2020-q4-major-win32/gcc-arm-none-eabi-10-2020-q4-major/bin/../lib/gcc/arm-none-eabi/10.2.1/thumb/v7-m/nofp\libgcc.a(_arm_addsubsf3.o)
                                                  CMakeFiles/application.elf.dir/c_unity/unity.c.obj
__aeabi_i2d                                       d:/tool/complier_toolchain/gcc-arm-none-eabi-10-2020-q4-major-win32/gcc-arm-none-eabi-10-2020-q4-major/bin/../lib/gcc/arm-none-eabi/10.2.1/thumb/v7-m/nofp\libgcc.a(_arm_addsubdf3.o)
                                                  CMakeFiles/application.elf.dir/core/application/main.c.obj
__aeabi_i2f                                       d:/tool/complier_toolchain/gcc-arm-none-eabi-10-2020-q4-major-win32/gcc-arm-none-eabi-10-2020-q4-major/bin/../lib/gcc/arm-none-eabi/10.2.1/thumb/v7-m/nofp\libgcc.a(_arm_addsubsf3.o)
                                                  CMakeFiles/application.elf.dir/c_unity/unity.c.obj
__aeabi_l2d                                       d:/tool/complier_toolchain/gcc-arm-none-eabi-10-2020-q4-major-win32/gcc-arm-none-eabi-10-2020-q4-major/bin/../lib/gcc/arm-none-eabi/10.2.1/thumb/v7-m/nofp\libgcc.a(_arm_addsubdf3.o)
__aeabi_l2f                                       d:/tool/complier_toolchain/gcc-arm-none-eabi-10-2020-q4-major-win32/gcc-arm-none-eabi-10-2020-q4-major/bin/../lib/gcc/arm-none-eabi/10.2.1/thumb/v7-m/nofp\libgcc.a(_arm_addsubsf3.o)
__aeabi_ui2d                                      d:/tool/complier_toolchain/gcc-arm-none-eabi-10-2020-q4-major-win32/gcc-arm-none-eabi-10-2020-q4-major/bin/../lib/gcc/arm-none-eabi/10.2.1/thumb/v7-m/nofp\libgcc.a(_arm_addsubdf3.o)
__aeabi_ui2f                                      d:/tool/complier_toolchain/gcc-arm-none-eabi-10-2020-q4-major-win32/gcc-arm-none-eabi-10-2020-q4-major/bin/../lib/gcc/arm-none-eabi/10.2.1/thumb/v7-m/nofp\libgcc.a(_arm_addsubsf3.o)
__aeabi_ul2d                                      d:/tool/complier_toolchain/gcc-arm-none-eabi-10-2020-q4-major-win32/gcc-arm-none-eabi-10-2020-q4-major/bin/../lib/gcc/arm-none-eabi/10.2.1/thumb/v7-m/nofp\libgcc.a(_arm_addsubdf3.o)
__aeabi_ul2f                                      d:/tool/complier_toolchain/gcc-arm-none-eabi-10-2020-q4-major-win32/gcc-arm-none-eabi-10-2020-q4-major/bin/../lib/gcc/arm-none-eabi/10.2.1/thumb/v7-m/nofp\libgcc.a(_arm_addsubsf3.o)
__bss_end__                                       d:/tool/complier_toolchain/gcc-arm-none-eabi-10-2020-q4-major-win32/gcc-arm-none-eabi-10-2020-q4-major/bin/../lib/gcc/arm-none-eabi/10.2.1/../../../../arm-none-eabi/lib/thumb/v7-m/nofp/crt0.o
__bss_start__                                     d:/tool/complier_toolchain/gcc-arm-none-eabi-10-2020-q4-major-win32/gcc-arm-none-eabi-10-2020-q4-major/bin/../lib/gcc/arm-none-eabi/10.2.1/../../../../arm-none-eabi/lib/thumb/v7-m/nofp/crt0.o
__call_exitprocs                                  d:/tool/complier_toolchain/gcc-arm-none-eabi-10-2020-q4-major-win32/gcc-arm-none-eabi-10-2020-q4-major/bin/../lib/gcc/arm-none-eabi/10.2.1/../../../../arm-none-eabi/lib/thumb/v7-m/nofp\libc_nano.a(lib_a-exit.o)
__cmpsf2                                          d:/tool/complier_toolchain/gcc-arm-none-eabi-10-2020-q4-major-win32/gcc-arm-none-eabi-10-2020-q4-major/bin/../lib/gcc/arm-none-eabi/10.2.1/thumb/v7-m/nofp\libgcc.a(_arm_cmpsf2.o)
__deregister_frame_info                           d:/tool/complier_toolchain/gcc-arm-none-eabi-10-2020-q4-major-win32/gcc-arm-none-eabi-10-2020-q4-major/bin/../lib/gcc/arm-none-eabi/10.2.1/thumb/v7-m/nofp/crtbegin.o
__divsf3                                          d:/tool/complier_toolchain/gcc-arm-none-eabi-10-2020-q4-major-win32/gcc-arm-none-eabi-10-2020-q4-major/bin/../lib/gcc/arm-none-eabi/10.2.1/thumb/v7-m/nofp\libgcc.a(_arm_muldivsf3.o)
__dso_handle                                      d:/tool/complier_toolchain/gcc-arm-none-eabi-10-2020-q4-major-win32/gcc-arm-none-eabi-10-2020-q4-major/bin/../lib/gcc/arm-none-eabi/10.2.1/thumb/v7-m/nofp/crtbegin.o
__eqsf2                                           d:/tool/complier_toolchain/gcc-arm-none-eabi-10-2020-q4-major-win32/gcc-arm-none-eabi-10-2020-q4-major/bin/../lib/gcc/arm-none-eabi/10.2.1/thumb/v7-m/nofp\libgcc.a(_arm_cmpsf2.o)
__extendsfdf2                                     d:/tool/complier_toolchain/gcc-arm-none-eabi-10-2020-q4-major-win32/gcc-arm-none-eabi-10-2020-q4-major/bin/../lib/gcc/arm-none-eabi/10.2.1/thumb/v7-m/nofp\libgcc.a(_arm_addsubdf3.o)
__fixsfsi                                         d:/tool/complier_toolchain/gcc-arm-none-eabi-10-2020-q4-major-win32/gcc-arm-none-eabi-10-2020-q4-major/bin/../lib/gcc/arm-none-eabi/10.2.1/thumb/v7-m/nofp\libgcc.a(_arm_fixsfsi.o)
__fixunsdfsi                                      d:/tool/complier_toolchain/gcc-arm-none-eabi-10-2020-q4-major-win32/gcc-arm-none-eabi-10-2020-q4-major/bin/../lib/gcc/arm-none-eabi/10.2.1/thumb/v7-m/nofp\libgcc.a(_arm_fixunsdfsi.o)
__floatdidf                                       d:/tool/complier_toolchain/gcc-arm-none-eabi-10-2020-q4-major-win32/gcc-arm-none-eabi-10-2020-q4-major/bin/../lib/gcc/arm-none-eabi/10.2.1/thumb/v7-m/nofp\libgcc.a(_arm_addsubdf3.o)
__floatdisf                                       d:/tool/complier_toolchain/gcc-arm-none-eabi-10-2020-q4-major-win32/gcc-arm-none-eabi-10-2020-q4-major/bin/../lib/gcc/arm-none-eabi/10.2.1/thumb/v7-m/nofp\libgcc.a(_arm_addsubsf3.o)
__floatsidf                                       d:/tool/complier_toolchain/gcc-arm-none-eabi-10-2020-q4-major-win32/gcc-arm-none-eabi-10-2020-q4-major/bin/../lib/gcc/arm-none-eabi/10.2.1/thumb/v7-m/nofp\libgcc.a(_arm_addsubdf3.o)
__floatsisf                                       d:/tool/complier_toolchain/gcc-arm-none-eabi-10-2020-q4-major-win32/gcc-arm-none-eabi-10-2020-q4-major/bin/../lib/gcc/arm-none-eabi/10.2.1/thumb/v7-m/nofp\libgcc.a(_arm_addsubsf3.o)
__floatundidf                                     d:/tool/complier_toolchain/gcc-arm-none-eabi-10-2020-q4-major-win32/gcc-arm-none-eabi-10-2020-q4-major/bin/../lib/gcc/arm-none-eabi/10.2.1/thumb/v7-m/nofp\libgcc.a(_arm_addsubdf3.o)
__floatundisf                                     d:/tool/complier_toolchain/gcc-arm-none-eabi-10-2020-q4-major-win32/gcc-arm-none-eabi-10-2020-q4-major/bin/../lib/gcc/arm-none-eabi/10.2.1/thumb/v7-m/nofp\libgcc.a(_arm_addsubsf3.o)
__floatunsidf                                     d:/tool/complier_toolchain/gcc-arm-none-eabi-10-2020-q4-major-win32/gcc-arm-none-eabi-10-2020-q4-major/bin/../lib/gcc/arm-none-eabi/10.2.1/thumb/v7-m/nofp\libgcc.a(_arm_addsubdf3.o)
__floatunsisf                                     d:/tool/complier_toolchain/gcc-arm-none-eabi-10-2020-q4-major-win32/gcc-arm-none-eabi-10-2020-q4-major/bin/../lib/gcc/arm-none-eabi/10.2.1/thumb/v7-m/nofp\libgcc.a(_arm_addsubsf3.o)
__fp_lock_all                                     d:/tool/complier_toolchain/gcc-arm-none-eabi-10-2020-q4-major-win32/gcc-arm-none-eabi-10-2020-q4-major/bin/../lib/gcc/arm-none-eabi/10.2.1/../../../../arm-none-eabi/lib/thumb/v7-m/nofp\libc_nano.a(lib_a-findfp.o)
__fp_unlock_all                                   d:/tool/complier_toolchain/gcc-arm-none-eabi-10-2020-q4-major-win32/gcc-arm-none-eabi-10-2020-q4-major/bin/../lib/gcc/arm-none-eabi/10.2.1/../../../../arm-none-eabi/lib/thumb/v7-m/nofp\libc_nano.a(lib_a-findfp.o)
__gesf2                                           d:/tool/complier_toolchain/gcc-arm-none-eabi-10-2020-q4-major-win32/gcc-arm-none-eabi-10-2020-q4-major/bin/../lib/gcc/arm-none-eabi/10.2.1/thumb/v7-m/nofp\libgcc.a(_arm_cmpsf2.o)
__get_BASEPRI                                     CMakeFiles/application.elf.dir/__/devices/core_cm3.c.obj
__get_CONTROL                                     CMakeFiles/application.elf.dir/__/devices/core_cm3.c.obj
__get_FAULTMASK                                   CMakeFiles/application.elf.dir/__/devices/core_cm3.c.obj
__get_MSP                                         CMakeFiles/application.elf.dir/__/devices/core_cm3.c.obj
__get_PRIMASK                                     CMakeFiles/application.elf.dir/__/devices/core_cm3.c.obj
__get_PSP                                         CMakeFiles/application.elf.dir/__/devices/core_cm3.c.obj