Archive member included to satisfy reference by file (symbol)

libBSP_LIB.a(bsp.c.obj)       CMakeFiles/application.elf.dir/core/flash/flash.c.obj (Bsp_DelayUS)
libBSP_LIB.a(bsp_dma.c.obj)   CMakeFiles/application.elf.dir/core/gui/gui.c.obj (GUI_DISPLAY_BUF)
libBSP_LIB.a(bsp_flash.c.obj)
                              libBSP_LIB.a(bsp.c.obj) (Bsp_Flash_Init)
libBSP_LIB.a(bsp_gpio.c.obj)  libBSP_LIB.a(bsp.c.obj) (Bsp_GPIO_Init)
libBSP_LIB.a(bsp_i2c.c.obj)   libBSP_LIB.a(bsp_dma.c.obj) (Bsp_I2C_DMA_Ctrl)
libBSP_LIB.a(bsp_key.c.obj)   CMakeFiles/application.elf.dir/core/key/key.c.obj (Bsp_KEY_Probe)
libBSP_LIB.a(bsp_spi.c.obj)   libBSP_LIB.a(bsp.c.obj) (Bsp_SPI_Init)
libSTD_LIB.a(misc.c.obj)      libBSP_LIB.a(bsp_dma.c.obj) (NVIC_Init)
libSTD_LIB.a(stm32f10x_dma.c.obj)
                              libBSP_LIB.a(bsp_dma.c.obj) (DMA_DeInit)
libSTD_LIB.a(stm32f10x_gpio.c.obj)
                              libBSP_LIB.a(bsp_gpio.c.obj) (GPIO_Init)
libSTD_LIB.a(stm32f10x_i2c.c.obj)
                              libBSP_LIB.a(bsp_i2c.c.obj) (I2C_DeInit)
libSTD_LIB.a(stm32f10x_rcc.c.obj)
                              libSTD_LIB.a(stm32f10x_i2c.c.obj) (RCC_GetClocksFreq)
libSTD_LIB.a(stm32f10x_spi.c.obj)
                              libBSP_LIB.a(bsp_flash.c.obj) (SPI_I2S_DeInit)
d:/tool/complier_toolchain/gcc-arm-none-eabi-10-2020-q4-major-win32/gcc-arm-none-eabi-10-2020-q4-major/bin/../lib/gcc/arm-none-eabi/10.2.1/../../../../arm-none-eabi/lib/thumb/v7-m/nofp\libc_nano.a(lib_a-exit.o)
                              d:/tool/complier_toolchain/gcc-arm-none-eabi-10-2020-q4-major-win32/gcc-arm-none-eabi-10-2020-q4-major/bin/../lib/gcc/arm-none-eabi/10.2.1/../../../../arm-none-eabi/lib/thumb/v7-m/nofp/crt0.o (exit)
d:/tool/complier_toolchain/gcc-arm-none-eabi-10-2020-q4-major-win32/gcc-arm-none-eabi-10-2020-q4-major/bin/../lib/gcc/arm-none-eabi/10.2.1/../../../../arm-none-eabi/lib/thumb/v7-m/nofp\libc_nano.a(lib_a-impure.o)
                              d:/tool/complier_toolchain/gcc-arm-none-eabi-10-2020-q4-major-win32/gcc-arm-none-eabi-10-2020-q4-major/bin/../lib/gcc/arm-none-eabi/10.2.1/../../../../arm-none-eabi/lib/thumb/v7-m/nofp\libc_nano.a(lib_a-exit.o) (_global_impure_ptr)
d:/tool/complier_toolchain/gcc-arm-none-eabi-10-2020-q4-major-win32/gcc-arm-none-eabi-10-2020-q4-major/bin/../lib/gcc/arm-none-eabi/10.2.1/../../../../arm-none-eabi/lib/thumb/v7-m/nofp\libc_nano.a(lib_a-init.o)
                              d:/tool/complier_toolchain/gcc-arm-none-eabi-10-2020-q4-major-win32/gcc-arm-none-eabi-10-2020-q4-major/bin/../lib/gcc/arm-none-eabi/10.2.1/../../../../arm-none-eabi/lib/thumb/v7-m/nofp/crt0.o (__libc_init_array)
d:/tool/complier_toolchain/gcc-arm-none-eabi-10-2020-q4-major-win32/gcc-arm-none-eabi-10-2020-q4-major/bin/../lib/gcc/arm-none-eabi/10.2.1/../../../../arm-none-eabi/lib/thumb/v7-m/nofp\libc_nano.a(lib_a-malloc.o)
                              CMakeFiles/application.elf.dir/core/flash/flash.c.obj (malloc)
d:/tool/complier_toolchain/gcc-arm-none-eabi-10-2020-q4-major-win32/gcc-arm-none-eabi-10-2020-q4-major/bin/../lib/gcc/arm-none-eabi/10.2.1/../../../../arm-none-eabi/lib/thumb/v7-m/nofp\libc_nano.a(lib_a-memset.o)
                              d:/tool/complier_toolchain/gcc-arm-none-eabi-10-2020-q4-major-win32/gcc-arm-none-eabi-10-2020-q4-major/bin/../lib/gcc/arm-none-eabi/10.2.1/../../../../arm-none-eabi/lib/thumb/v7-m/nofp/crt0.o (memset)
d:/tool/complier_toolchain/gcc-arm-none-eabi-10-2020-q4-major-win32/gcc-arm-none-eabi-10-2020-q4-major/bin/../lib/gcc/arm-none-eabi/10.2.1/../../../../arm-none-eabi/lib/thumb/v7-m/nofp\libc_nano.a(lib_a-nano-freer.o)
                              d:/tool/complier_toolchain/gcc-arm-none-eabi-10-2020-q4-major-win32/gcc-arm-none-eabi-10-2020-q4-major/bin/../lib/gcc/arm-none-eabi/10.2.1/../../../../arm-none-eabi/lib/thumb/v7-m/nofp\libc_nano.a(lib_a-malloc.o) (_free_r)
d:/tool/complier_toolchain/gcc-arm-none-eabi-10-2020-q4-major-win32/gcc-arm-none-eabi-10-2020-q4-major/bin/../lib/gcc/arm-none-eabi/10.2.1/../../../../arm-none-eabi/lib/thumb/v7-m/nofp\libc_nano.a(lib_a-nano-mallocr.o)
                              d:/tool/complier_toolchain/gcc-arm-none-eabi-10-2020-q4-major-win32/gcc-arm-none-eabi-10-2020-q4-major/bin/../lib/gcc/arm-none-eabi/10.2.1/../../../../arm-none-eabi/lib/thumb/v7-m/nofp\libc_nano.a(lib_a-malloc.o) (_malloc_r)
d:/tool/complier_toolchain/gcc-arm-none-eabi-10-2020-q4-major-win32/gcc-arm-none-eabi-10-2020-q4-major/bin/../lib/gcc/arm-none-eabi/10.2.1/../../../../arm-none-eabi/lib/thumb/v7-m/nofp\libc_nano.a(lib_a-putchar.o)
                              CMakeFiles/application.elf.dir/c_unity/unity.c.obj (putchar)
d:/tool/complier_toolchain/gcc-arm-none-eabi-10-2020-q4-major-win32/gcc-arm-none-eabi-10-2020-q4-major/bin/../lib/gcc/arm-none-eabi/10.2.1/../../../../arm-none-eabi/lib/thumb/v7-m/nofp\libc_nano.a(lib_a-sbrkr.o)
[...]
Memory Configuration

Name             Origin             Length             Attributes
RAM              0x20000000         0x00005000         xrw
FLASH            0x08000000         0x00010000         xr
*default*        0x00000000         0xffffffff

Linker script and memory map

LOAD d:/tool/complier_toolchain/gcc-arm-none-eabi-10-2020-q4-major-win32/gcc-arm-none-eabi-10-2020-q4-major/bin/../lib/gcc/arm-none-eabi/10.2.1/thumb/v7-m/nofp/crti.o
LOAD d:/tool/complier_toolchain/gcc-arm-none-eabi-10-2020-q4-major-win32/gcc-arm-none-eabi-10-2020-q4-major/bin/../lib/gcc/arm-none-eabi/10.2.1/thumb/v7-m/nofp/crtbegin.o
LOAD d:/tool/complier_toolchain/gcc-arm-none-eabi-10-2020-q4-major-win32/gcc-arm-none-eabi-10-2020-q4-major/bin/../lib/gcc/arm-none-eabi/10.2.1/../../../../arm-none-eabi/lib/thumb/v7-m/nofp/crt0.o
LOAD CMakeFiles/application.elf.dir/core/application/main.c.obj
LOAD CMakeFiles/application.elf.dir/c_unity/unity.c.obj
LOAD CMakeFiles/application.elf.dir/core/application/stm32f10x_it.c.obj
LOAD CMakeFiles/application.elf.dir/core/gui/gui.c.obj
LOAD CMakeFiles/application.elf.dir/core/key/key.c.obj
LOAD CMakeFiles/application.elf.dir/core/system/system.c.obj
LOAD CMakeFiles/application.elf.dir/core/flash/flash.c.obj
LOAD CMakeFiles/application.elf.dir/core/time/time.c.obj
LOAD CMakeFiles/application.elf.dir/core/toolkit/list.c.obj
LOAD CMakeFiles/application.elf.dir/__/devices/core_cm3.c.obj
LOAD CMakeFiles/application.elf.dir/__/devices/system_stm32f10x.c.obj
LOAD CMakeFiles/application.elf.dir/startup/startup_stm32f103xb.s.obj
LOAD libBSP_LIB.a
LOAD libSTD_LIB.a
LOAD d:/tool/complier_toolchain/gcc-arm-none-eabi-10-2020-q4-major-win32/gcc-arm-none-eabi-10-2020-q4-major/bin/../lib/gcc/arm-none-eabi/10.2.1/../../../../arm-none-eabi/lib/thumb/v7-m/nofp\libc_nano.a
LOAD d:/tool/complier_toolchain/gcc-arm-none-eabi-10-2020-q4-major-win32/gcc-arm-none-eabi-10-2020-q4-major/bin/../lib/gcc/arm-none-eabi/10.2.1/../../../../arm-none-eabi/lib/thumb/v7-m/nofp\libm.a
LOAD d:/tool/complier_toolchain/gcc-arm-none-eabi-10-2020-q4-major-win32/gcc-arm-none-eabi-10-2020-q4-major/bin/../lib/gcc/arm-none-eabi/10.2.1/../../../../arm-none-eabi/lib/thumb/v7-m/nofp\libnosys.a
START GROUP
LOAD d:/tool/complier_toolchain/gcc-arm-none-eabi-10-2020-q4-major-win32/gcc-arm-none-eabi-10-2020-q4-major/bin/../lib/gcc/arm-none-eabi/10.2.1/thumb/v7-m/nofp\libgcc.a
LOAD d:/tool/complier_toolchain/gcc-arm-none-eabi-10-2020-q4-major-win32/gcc-arm-none-eabi-10-2020-q4-major/bin/../lib/gcc/arm-none-eabi/10.2.1/../../../../arm-none-eabi/lib/thumb/v7-m/nofp\libg_nano.a
LOAD d:/tool/complier_toolchain/gcc-arm-none-eabi-10-2020-q4-major-win32/gcc-arm-none-eabi-10-2020-q4-major/bin/../lib/gcc/arm-none-eabi/10.2.1/../../../../arm-none-eabi/lib/thumb/v7-m/nofp\libc_nano.a
END GROUP
START GROUP
LOAD d:/tool/complier_toolchain/gcc-arm-none-eabi-10-2020-q4-major-win32/gcc-arm-none-eabi-10-2020-q4-major/bin/../lib/gcc/arm-none-eabi/10.2.1/thumb/v7-m/nofp\libgcc.a
LOAD d:/tool/complier_toolchain/gcc-arm-none-eabi-10-2020-q4-major-win32/gcc-arm-none-eabi-10-2020-q4-major/bin/../lib/gcc/arm-none-eabi/10.2.1/../../../../arm-none-eabi/lib/thumb/v7-m/nofp\libc_nano.a
LOAD d:/tool/complier_toolchain/gcc-arm-none-eabi-10-2020-q4-major-win32/gcc-arm-none-eabi-10-2020-q4-major/bin/../lib/gcc/arm-none-eabi/10.2.1/../../../../arm-none-eabi/lib/thumb/v7-m/nofp\libnosys.a
END GROUP
START GROUP
LOAD d:/tool/complier_toolchain/gcc-arm-none-eabi-10-2020-q4-major-win32/gcc-arm-none-eabi-10-2020-q4-major/bin/../lib/gcc/arm-none-eabi/10.2.1/thumb/v7-m/nofp\libgcc.a
LOAD d:/tool/complier_toolchain/gcc-arm-none-eabi-10-2020-q4-major-win32/gcc-arm-none-eabi-10-2020-q4-major/bin/../lib/gcc/arm-none-eabi/10.2.1/../../../../arm-none-eabi/lib/thumb/v7-m/nofp\libc_nano.a
LOAD d:/tool/complier_toolchain/gcc-arm-none-eabi-10-2020-q4-major-win32/gcc-arm-none-eabi-10-2020-q4-major/bin/../lib/gcc/arm-none-eabi/10.2.1/../../../../arm-none-eabi/lib/thumb/v7-m/nofp\libnosys.a
END GROUP
LOAD d:/tool/complier_toolchain/gcc-arm-none-eabi-10-2020-q4-major-win32/gcc-arm-none-eabi-10-2020-q4-major/bin/../lib/gcc/arm-none-eabi/10.2.1/thumb/v7-m/nofp/crtend.o
LOAD d:/tool/complier_toolchain/gcc-arm-none-eabi-10-2020-q4-major-win32/gcc-arm-none-eabi-10-2020-q4-major/bin/../lib/gcc/arm-none-eabi/10.2.1/thumb/v7-m/nofp/crtn.o
                0x20005000                _estack = (ORIGIN (RAM) + LENGTH (RAM))
                0x00000200                _Min_Heap_Size = 0x200
                0x00000400                _Min_Stack_Size = 0x400

.isr_vector     0x08000000      0x10c
                0x08000000                . = ALIGN (0x4)
 *(.isr_vector)
 .isr_vector    0x08000000      0x10c CMakeFiles/application.elf.dir/startup/startup_stm32f103xb.s.obj
                0x08000000                g_pfnVectors
                0x0800010c                . = ALIGN (0x4)

.text           0x0800010c     0x2844
                0x0800010c                . = ALIGN (0x4)
 *(.text)
 .text          0x0800010c       0x40 d:/tool/complier_toolchain/gcc-arm-none-eabi-10-2020-q4-major-win32/gcc-arm-none-eabi-10-2020-q4-major/bin/../lib/gcc/arm-none-eabi/10.2.1/thumb/v7-m/nofp/crtbegin.o
 .text          0x0800014c      0x378 d:/tool/complier_toolchain/gcc-arm-none-eabi-10-2020-q4-major-win32/gcc-arm-none-eabi-10-2020-q4-major/bin/../lib/gcc/arm-none-eabi/10.2.1/thumb/v7-m/nofp\libgcc.a(_arm_addsubdf3.o)
                0x0800014c                __aeabi_drsub
                0x08000154                __aeabi_dsub
                0x08000154                __subdf3
                0x08000158                __aeabi_dadd
                0x08000158                __adddf3
                0x080003d0                __floatunsidf
                0x080003d0                __aeabi_ui2d
                0x080003f0                __floatsidf
                0x080003f0                __aeabi_i2d
                0x08000414                __aeabi_f2d
                0x08000414                __extendsfdf2
                0x08000458                __floatundidf
                0x08000458                __aeabi_ul2d
                0x08000468                __floatdidf
                0x08000468                __aeabi_l2d
 .text          0x080004c4      0x110 d:/tool/complier_toolchain/gcc-arm-none-eabi-10-2020-q4-major-win32/gcc-arm-none-eabi-10-2020-q4-major/bin/../lib/gcc/arm-none-eabi/10.2.1/thumb/v7-m/nofp\libgcc.a(_arm_cmpdf2.o)
                0x080004c4                __gtdf2
                0x080004c4                __gedf2
                0x080004cc                __ltdf2
                0x080004cc                __ledf2
                0x080004d4                __nedf2
                0x080004d4                __eqdf2
                0x080004d4                __cmpdf2
                0x08000550                __aeabi_cdrcmple
                0x08000560                __aeabi_cdcmpeq
                0x08000560                __aeabi_cdcmple
                0x08000570                __aeabi_dcmpeq
                0x08000584                __aeabi_dcmplt
                0x08000598                __aeabi_dcmple
                0x080005ac                __aeabi_dcmpge
                0x080005c0                __aeabi_dcmpgt
 .text          0x080005d4      0x21c d:/tool/complier_toolchain/gcc-arm-none-eabi-10-2020-q4-major-win32/gcc-arm-none-eabi-10-2020-q4-major/bin/../lib/gcc/arm-none-eabi/10.2.1/thumb/v7-m/nofp\libgcc.a(_arm_addsubsf3.o)
                0x080005d4                __aeabi_frsub
                0x080005dc                __subsf3
                0x080005dc                __aeabi_fsub
                0x080005e0                __aeabi_fadd
                0x080005e0                __addsf3
                0x08000740                __aeabi_ui2f
                0x08000740                __floatunsisf
                0x08000748                __aeabi_i2f
                0x08000748                __floatsisf
                0x08000764                __aeabi_ul2f
                0x08000764                __floatundisf
                0x08000774                __aeabi_l2f
                0x08000774                __floatdisf
 .text          0x080007f0      0x2a0 d:/tool/complier_toolchain/gcc-arm-none-eabi-10-2020-q4-major-win32/gcc-arm-none-eabi-10-2020-q4-major/bin/../lib/gcc/arm-none-eabi/10.2.1/thumb/v7-m/nofp\libgcc.a(_arm_muldivsf3.o)
                0x080007f0                __mulsf3
                0x080007f0                __aeabi_fmul
                0x08000958                __aeabi_fdiv
                0x08000958                __divsf3
 .text          0x08000a90       0x4c d:/tool/complier_toolchain/gcc-arm-none-eabi-10-2020-q4-major-win32/gcc-arm-none-eabi-10-2020-q4-major/bin/../lib/gcc/arm-none-eabi/10.2.1/thumb/v7-m/nofp\libgcc.a(_arm_fixsfsi.o)
                0x08000a90                __aeabi_f2iz
                0x08000a90                __fixsfsi
 .text          0x08000adc       0x40 d:/tool/complier_toolchain/gcc-arm-none-eabi-10-2020-q4-major-win32/gcc-arm-none-eabi-10-2020-q4-major/bin/../lib/gcc/arm-none-eabi/10.2.1/thumb/v7-m/nofp\libgcc.a(_arm_fixunssfsi.o)
                0x08000adc                __fixunssfsi
                0x08000adc                __aeabi_f2uiz
 *(.text*)
 .text.main     0x08000b1c       0x1a CMakeFiles/application.elf.dir/core/application/main.c.obj
                0x08000b1c                main
 .text.NMI_Handler
                0x08000b36        0xc CMakeFiles/application.elf.dir/core/application/stm32f10x_it.c.obj
                0x08000b36                NMI_Handler
 .text.HardFault_Handler
                0x08000b42        0x6 CMakeFiles/application.elf.dir/core/application/stm32f10x_it.c.obj
                0x08000b42                HardFault_Handler
 .text.MemManage_Handler
                0x08000b48        0x6 CMakeFiles/application.elf.dir/core/application/stm32f10x_it.c.obj
                0x08000b48                MemManage_Handler
 .text.BusFault_Handler
                0x08000b4e        0x6 CMakeFiles/application.elf.dir/core/application/stm32f10x_it.c.obj
                0x08000b4e                BusFault_Handler
 .text.UsageFault_Handler
                0x08000b54        0x6 CMakeFiles/application.elf.dir/core/application/stm32f10x_it.c.obj
                0x08000b54                UsageFault_Handler
 .text.SVC_Handler
                0x08000b5a        0xc CMakeFiles/application.elf.dir/core/application/stm32f10x_it.c.obj
                0x08000b5a                SVC_Handler
 .text.DebugMon_Handler
                0x08000b66        0xc CMakeFiles/application.elf.dir/core/application/stm32f10x_it.c.obj
                0x08000b66                DebugMon_Handler
 .text.PendSV_Handler
                0x08000b72        0xc CMakeFiles/application.elf.dir/core/application/stm32f10x_it.c.obj
                0x08000b72                PendSV_Handler
 .text.SysTick_Handler
                0x08000b7e        0xc CMakeFiles/application.elf.dir/core/application/stm32f10x_it.c.obj
                0x08000b7e                SysTick_Handler
 *fill*         0x08000b8a        0x2 
 .text.GUI_CLEAR_SCREEN
                0x08000b8c       0x4c CMakeFiles/application.elf.dir/core/gui/gui.c.obj
                0x08000b8c                GUI_CLEAR_SCREEN
 .text.GUI_Show_Image
                0x08000bd8      0x1bc CMakeFiles/application.elf.dir/core/gui/gui.c.obj
                0x08000bd8                GUI_Show_Image
 .text.GUI_Reverse_Y
                0x08000d94       0x90 CMakeFiles/application.elf.dir/core/gui/gui.c.obj
                0x08000d94                GUI_Reverse_Y
 .text.GUI_SPI_Init
                0x08000e24       0xb2 CMakeFiles/application.elf.dir/core/gui/gui.c.obj
                0x08000e24                GUI_SPI_Init
 *fill*         0x08000ed6        0x2 
 .text.GUI_Animation_move
                0x08000ed8      0x428 CMakeFiles/application.elf.dir/core/gui/gui.c.obj
                0x08000ed8                GUI_Animation_move
 .text.GUI_Shift_Menu
                0x08001300      0x1c4 CMakeFiles/application.elf.dir/core/gui/gui.c.obj
                0x08001300                GUI_Shift_Menu
 .text.Key_Trig_Handler
                0x080014c4       0x50 CMakeFiles/application.elf.dir/core/key/key.c.obj
                0x080014c4                Key_Trig_Handler
 .text.Key_release_Handler
                0x08001514       0x6c CMakeFiles/application.elf.dir/core/key/key.c.obj
                0x08001514                Key_release_Handler
 .text.Key_Hold_Handler
                0x08001580       0x18 CMakeFiles/application.elf.dir/core/key/key.c.obj
                0x08001580                Key_Hold_Handler
 .text.Key_Process
                0x08001598      0x198 CMakeFiles/application.elf.dir/core/key/key.c.obj
                0x08001598                Key_Process
 .text.System_Init
                0x08001730       0x34 CMakeFiles/application.elf.dir/core/system/system.c.obj
                0x08001730                System_Init
 .text.System_MenuselectPage_Init
                0x08001764       0x4c CMakeFiles/application.elf.dir/core/system/system.c.obj
                0x08001764                System_MenuselectPage_Init
 .text.System_GUIPagepointer_Sub
                0x080017b0       0x24 CMakeFiles/application.elf.dir/core/system/system.c.obj
                0x080017b0                System_GUIPagepointer_Sub
 .text.System_GUIPagepointer_Add
                0x080017d4       0x24 CMakeFiles/application.elf.dir/core/system/system.c.obj
                0x080017d4                System_GUIPagepointer_Add
 .text.System_Turn_Page
                0x080017f8       0x24 CMakeFiles/application.elf.dir/core/system/system.c.obj
                0x080017f8                System_Turn_Page
 .text.System_Clear_turnPage
                0x0800181c       0x18 CMakeFiles/application.elf.dir/core/system/system.c.obj
                0x0800181c                System_Clear_turnPage
 .text.System_MainPage_Operation
                0x08001834       0x68 CMakeFiles/application.elf.dir/core/system/system.c.obj
                0x08001834                System_MainPage_Operation
 .text.System_Menu_shift_OP
                0x0800189c      0x198 CMakeFiles/application.elf.dir/core/system/system.c.obj
                0x0800189c                System_Menu_shift_OP
 .text.System_TrainMenuSelPage_Operation
                0x08001a34       0x44 CMakeFiles/application.elf.dir/core/system/system.c.obj
                0x08001a34                System_TrainMenuSelPage_Operation
 .text.System_Poll
                0x08001a78       0x68 CMakeFiles/application.elf.dir/core/system/system.c.obj
                0x08001a78                System_Poll
 .text.SystemInit
                0x08001ae0       0x68 CMakeFiles/application.elf.dir/__/devices/system_stm32f10x.c.obj
                0x08001ae0                SystemInit
 .text.SetSysClock
                0x08001b48        0xc CMakeFiles/application.elf.dir/__/devices/system_stm32f10x.c.obj
 .text.SetSysClockTo72
                0x08001b54      0x100 CMakeFiles/application.elf.dir/__/devices/system_stm32f10x.c.obj
 .text.Reset_Handler
                0x08001c54       0x48 CMakeFiles/application.elf.dir/startup/startup_stm32f103xb.s.obj
                0x08001c54                Reset_Handler
 .text.Default_Handler
                0x08001c9c        0x2 CMakeFiles/application.elf.dir/startup/startup_stm32f103xb.s.obj
                0x08001c9c                RTC_Alarm_IRQHandler
                0x08001c9c                EXTI2_IRQHandler
                0x08001c9c                TIM1_CC_IRQHandler
                0x08001c9c                PVD_IRQHandler
                0x08001c9c                EXTI3_IRQHandler
                0x08001c9c                EXTI0_IRQHandler
                0x08001c9c                I2C2_EV_IRQHandler
                0x08001c9c                ADC1_2_IRQHandler
                0x08001c9c                SPI1_IRQHandler
                0x08001c9c                TAMPER_IRQHandler
                0x08001c9c                DMA1_Channel4_IRQHandler
                0x08001c9c                USART3_IRQHandler
                0x08001c9c                RTC_IRQHandler
                0x08001c9c                DMA1_Channel7_IRQHandler
                0x08001c9c                CAN1_RX1_IRQHandler
                0x08001c9c                TIM4_IRQHandler
                0x08001c9c                I2C1_EV_IRQHandler
                0x08001c9c                TIM3_IRQHandler
                0x08001c9c                RCC_IRQHandler
                0x08001c9c                TIM1_TRG_COM_IRQHandler
                0x08001c9c                DMA1_Channel1_IRQHandler
                0x08001c9c                Default_Handler
                0x08001c9c                EXTI15_10_IRQHandler
                0x08001c9c                EXTI9_5_IRQHandler
                0x08001c9c                SPI2_IRQHandler
                0x08001c9c                DMA1_Channel5_IRQHandler
                0x08001c9c                EXTI4_IRQHandler
                0x08001c9c                USB_LP_CAN1_RX0_IRQHandler
                0x08001c9c                USB_HP_CAN1_TX_IRQHandler
                0x08001c9c                DMA1_Channel3_IRQHandler
                0x08001c9c                TIM1_UP_IRQHandler
                0x08001c9c                WWDG_IRQHandler
                0x08001c9c                TIM2_IRQHandler
                0x08001c9c                TIM1_BRK_IRQHandler
                0x08001c9c                EXTI1_IRQHandler
                0x08001c9c                USART2_IRQHandler
                0x08001c9c                I2C2_ER_IRQHandler
                0x08001c9c                DMA1_Channel2_IRQHandler
                0x08001c9c                CAN1_SCE_IRQHandler
                0x08001c9c                FLASH_IRQHandler
                0x08001c9c                USART1_IRQHandler
                0x08001c9c                I2C1_ER_IRQHandler
                0x08001c9c                USBWakeUp_IRQHandler
 .text.__NOP    0x08001c9e        0xe libBSP_LIB.a(bsp.c.obj)
 .text.Bsp_DelayUS
                0x08001cac       0x2e libBSP_LIB.a(bsp.c.obj)
                0x08001cac                Bsp_DelayUS
 .text.Bsp_DelayMS
                0x08001cda       0x26 libBSP_LIB.a(bsp.c.obj)
                0x08001cda                Bsp_DelayMS
 .text.Bsp_Init
                0x08001d00       0x14 libBSP_LIB.a(bsp.c.obj)
                0x08001d00                Bsp_Init
 .text.Bsp_SPI_DMA_Init
                0x08001d14       0x6c libBSP_LIB.a(bsp_dma.c.obj)
                0x08001d14                Bsp_SPI_DMA_Init
 .text.DMA1_Channel6_IRQHandler
                0x08001d80       0x44 libBSP_LIB.a(bsp_dma.c.obj)
                0x08001d80                DMA1_Channel6_IRQHandler
 .text.Bsp_Flash_Init
                0x08001dc4       0x5c libBSP_LIB.a(bsp_flash.c.obj)
                0x08001dc4                Bsp_Flash_Init
 .text.Bsp_GPIO_Init
                0x08001e20       0xe0 libBSP_LIB.a(bsp_gpio.c.obj)
                0x08001e20                Bsp_GPIO_Init
 .text.Bsp_KEY_Probe
                0x08001f00       0x98 libBSP_LIB.a(bsp_key.c.obj)
                0x08001f00                Bsp_KEY_Probe
 .text.Bsp_SPI_Init
                0x08001f98       0x6c libBSP_LIB.a(bsp_spi.c.obj)
                0x08001f98                Bsp_SPI_Init
 .text.Bsp_SPI_Send_CMD
                0x08002004       0x64 libBSP_LIB.a(bsp_spi.c.obj)
                0x08002004                Bsp_SPI_Send_CMD
 .text.Bsp_SPI_RES_LOW
                0x08002068       0x14 libBSP_LIB.a(bsp_spi.c.obj)
                0x08002068                Bsp_SPI_RES_LOW
 .text.Bsp_SPI_RES_HIGH
                0x0800207c       0x14 libBSP_LIB.a(bsp_spi.c.obj)
                0x0800207c                Bsp_SPI_RES_HIGH
 .text.DMA_DeInit
                0x08002090      0x178 libSTD_LIB.a(stm32f10x_dma.c.obj)
                0x08002090                DMA_DeInit
 .text.DMA_Init
                0x08002208       0x7c libSTD_LIB.a(stm32f10x_dma.c.obj)
                0x08002208                DMA_Init
 .text.DMA_Cmd  0x08002284       0x38 libSTD_LIB.a(stm32f10x_dma.c.obj)
                0x08002284                DMA_Cmd
 .text.DMA_GetFlagStatus
                0x080022bc       0x50 libSTD_LIB.a(stm32f10x_dma.c.obj)
                0x080022bc                DMA_GetFlagStatus
 .text.DMA_ClearFlag
                0x0800230c       0x34 libSTD_LIB.a(stm32f10x_dma.c.obj)
                0x0800230c                DMA_ClearFlag
 .text.GPIO_Init
                0x08002340      0x178 libSTD_LIB.a(stm32f10x_gpio.c.obj)
                0x08002340                GPIO_Init
 .text.GPIO_ReadInputDataBit
                0x080024b8       0x32 libSTD_LIB.a(stm32f10x_gpio.c.obj)
                0x080024b8                GPIO_ReadInputDataBit
 .text.GPIO_SetBits
                0x080024ea       0x1c libSTD_LIB.a(stm32f10x_gpio.c.obj)
                0x080024ea                GPIO_SetBits
 .text.GPIO_ResetBits
                0x08002506       0x1c libSTD_LIB.a(stm32f10x_gpio.c.obj)
                0x08002506                GPIO_ResetBits
 .text.I2C_GenerateSTOP
                0x08002522       0x3e libSTD_LIB.a(stm32f10x_i2c.c.obj)
                0x08002522                I2C_GenerateSTOP
 .text.I2C_AcknowledgeConfig
                0x08002560       0x3e libSTD_LIB.a(stm32f10x_i2c.c.obj)
                0x08002560                I2C_AcknowledgeConfig
 *fill*         0x0800259e        0x2 
 .text.RCC_AHBPeriphClockCmd
                0x080025a0       0x3c libSTD_LIB.a(stm32f10x_rcc.c.obj)
                0x080025a0                RCC_AHBPeriphClockCmd
 .text.RCC_APB2PeriphClockCmd
                0x080025dc       0x3c libSTD_LIB.a(stm32f10x_rcc.c.obj)
                0x080025dc                RCC_APB2PeriphClockCmd
 .text.RCC_APB1PeriphClockCmd
                0x08002618       0x3c libSTD_LIB.a(stm32f10x_rcc.c.obj)
                0x08002618                RCC_APB1PeriphClockCmd
 .text.RCC_APB2PeriphResetCmd
                0x08002654       0x3c libSTD_LIB.a(stm32f10x_rcc.c.obj)
                0x08002654                RCC_APB2PeriphResetCmd
 .text.RCC_APB1PeriphResetCmd
                0x08002690       0x3c libSTD_LIB.a(stm32f10x_rcc.c.obj)
                0x08002690                RCC_APB1PeriphResetCmd
 .text.SPI_I2S_DeInit
                0x080026cc       0x74 libSTD_LIB.a(stm32f10x_spi.c.obj)
                0x080026cc                SPI_I2S_DeInit
 .text.SPI_Init
                0x08002740       0x86 libSTD_LIB.a(stm32f10x_spi.c.obj)
                0x08002740                SPI_Init
 .text.SPI_Cmd  0x080027c6       0x3e libSTD_LIB.a(stm32f10x_spi.c.obj)
                0x080027c6                SPI_Cmd
 .text.SPI_I2S_SendData
                0x08002804       0x1c libSTD_LIB.a(stm32f10x_spi.c.obj)
                0x08002804                SPI_I2S_SendData
 .text.SPI_I2S_GetFlagStatus
                0x08002820       0x36 libSTD_LIB.a(stm32f10x_spi.c.obj)
                0x08002820                SPI_I2S_GetFlagStatus
 *fill*         0x08002856        0x2 
 .text.__libc_init_array
                0x08002858       0x48 d:/tool/complier_toolchain/gcc-arm-none-eabi-10-2020-q4-major-win32/gcc-arm-none-eabi-10-2020-q4-major/bin/../lib/gcc/arm-none-eabi/10.2.1/../../../../arm-none-eabi/lib/thumb/v7-m/nofp\libc_nano.a(lib_a-init.o)
                0x08002858                __libc_init_array
 .text.round    0x080028a0       0x98 d:/tool/complier_toolchain/gcc-arm-none-eabi-10-2020-q4-major-win32/gcc-arm-none-eabi-10-2020-q4-major/bin/../lib/gcc/arm-none-eabi/10.2.1/../../../../arm-none-eabi/lib/thumb/v7-m/nofp\libm.a(lib_a-s_round.o)
                0x080028a0                round
 *(.glue_7)
 .glue_7        0x08002938        0x0 linker stubs
 *(.glue_7t)
 .glue_7t       0x08002938        0x0 linker stubs
 *(.eh_frame)
 .eh_frame      0x08002938        0x0 d:/tool/complier_toolchain/gcc-arm-none-eabi-10-2020-q4-major-win32/gcc-arm-none-eabi-10-2020-q4-major/bin/../lib/gcc/arm-none-eabi/10.2.1/thumb/v7-m/nofp/crtbegin.o
 *(.init)
 .init          0x08002938        0x4 d:/tool/complier_toolchain/gcc-arm-none-eabi-10-2020-q4-major-win32/gcc-arm-none-eabi-10-2020-q4-major/bin/../lib/gcc/arm-none-eabi/10.2.1/thumb/v7-m/nofp/crti.o
                0x08002938                _init
 .init          0x0800293c        0x8 d:/tool/complier_toolchain/gcc-arm-none-eabi-10-2020-q4-major-win32/gcc-arm-none-eabi-10-2020-q4-major/bin/../lib/gcc/arm-none-eabi/10.2.1/thumb/v7-m/nofp/crtn.o
 *(.fini)
 .fini          0x08002944        0x4 d:/tool/complier_toolchain/gcc-arm-none-eabi-10-2020-q4-major-win32/gcc-arm-none-eabi-10-2020-q4-major/bin/../lib/gcc/arm-none-eabi/10.2.1/thumb/v7-m/nofp/crti.o
                0x08002944                _fini
 .fini          0x08002948        0x8 d:/tool/complier_toolchain/gcc-arm-none-eabi-10-2020-q4-major-win32/gcc-arm-none-eabi-10-2020-q4-major/bin/../lib/gcc/arm-none-eabi/10.2.1/thumb/v7-m/nofp/crtn.o
                0x08002950                . = ALIGN (0x4)
                0x08002950                _etext = .

.vfp11_veneer   0x08002950        0x0
 .vfp11_veneer  0x08002950        0x0 linker stubs

.v4_bx          0x08002950        0x0
 .v4_bx         0x08002950        0x0 linker stubs

.iplt           0x08002950        0x0
 .iplt          0x08002950        0x0 d:/tool/complier_toolchain/gcc-arm-none-eabi-10-2020-q4-major-win32/gcc-arm-none-eabi-10-2020-q4-major/bin/../lib/gcc/arm-none-eabi/10.2.1/thumb/v7-m/nofp/crtbegin.o

.rodata         0x08002950      0x39c
                0x08002950                . = ALIGN (0x4)
 *(.rodata)
 *(.rodata*)
 .rodata.OLED_Test
                0x08002950       0x84 CMakeFiles/application.elf.dir/core/gui/gui.c.obj
                0x08002950                OLED_Test
 .rodata.Set_Icon
                0x080029d4      0x108 CMakeFiles/application.elf.dir/core/gui/gui.c.obj
                0x080029d4                Set_Icon
 .rodata.config_Icon
                0x08002adc      0x108 CMakeFiles/application.elf.dir/core/gui/gui.c.obj
                0x08002adc                config_Icon
 .rodata.train_Icon
                0x08002be4      0x108 CMakeFiles/application.elf.dir/core/gui/gui.c.obj
                0x08002be4                train_Icon
                0x08002cec                . = ALIGN (0x4)

.rel.dyn        0x08002cec        0x0
 .rel.iplt      0x08002cec        0x0 d:/tool/complier_toolchain/gcc-arm-none-eabi-10-2020-q4-major-win32/gcc-arm-none-eabi-10-2020-q4-major/bin/../lib/gcc/arm-none-eabi/10.2.1/thumb/v7-m/nofp/crtbegin.o

.ARM.extab
 *(.ARM.extab* .gnu.linkonce.armextab.*)

.ARM            0x08002cec        0x0
                0x08002cec                __exidx_start = .
 *(.ARM.exidx*)
                0x08002cec                __exidx_end = .

.preinit_array  0x08002cec        0x0
                0x08002cec                PROVIDE (__preinit_array_start = .)
 *(.preinit_array*)
                0x08002cec                PROVIDE (__preinit_array_end = .)

.init_array     0x08002cec        0x4
                0x08002cec                PROVIDE (__init_array_start = .)
 *(SORT_BY_NAME(.init_array.*))
 *(.init_array*)
 .init_array    0x08002cec        0x4 d:/tool/complier_toolchain/gcc-arm-none-eabi-10-2020-q4-major-win32/gcc-arm-none-eabi-10-2020-q4-major/bin/../lib/gcc/arm-none-eabi/10.2.1/thumb/v7-m/nofp/crtbegin.o
                0x08002cf0                PROVIDE (__init_array_end = .)

.fini_array     0x08002cf0        0x4
                [!provide]                PROVIDE (__fini_array_start = .)
 *(SORT_BY_NAME(.fini_array.*))
 *(.fini_array*)
 .fini_array    0x08002cf0        0x4 d:/tool/complier_toolchain/gcc-arm-none-eabi-10-2020-q4-major-win32/gcc-arm-none-eabi-10-2020-q4-major/bin/../lib/gcc/arm-none-eabi/10.2.1/thumb/v7-m/nofp/crtbegin.o
                [!provide]                PROVIDE (__fini_array_end = .)
                0x08002cf4                _sidata = LOADADDR (.data)

.data           0x20000000        0x4 load address 0x08002cf4
                0x20000000                . = ALIGN (0x4)
                0x20000000                _sdata = .
 *(.data)
 *(.data*)
 .data.kp       0x20000000        0x4 CMakeFiles/application.elf.dir/core/gui/gui.c.obj
                0x20000000                kp
                0x20000004                . = ALIGN (0x4)
                0x20000004                _edata = .

.igot.plt       0x20000004        0x0 load address 0x08002cf8
 .igot.plt      0x20000004        0x0 d:/tool/complier_toolchain/gcc-arm-none-eabi-10-2020-q4-major-win32/gcc-arm-none-eabi-10-2020-q4-major/bin/../lib/gcc/arm-none-eabi/10.2.1/thumb/v7-m/nofp/crtbegin.o
                0x20000004                . = ALIGN (0x4)

.bss            0x20000004      0x4c8 load address 0x08002cf8
                0x20000004                _sbss = .
                0x20000004                __bss_start__ = _sbss
 *(.bss)
 .bss           0x20000004       0x1c d:/tool/complier_toolchain/gcc-arm-none-eabi-10-2020-q4-major-win32/gcc-arm-none-eabi-10-2020-q4-major/bin/../lib/gcc/arm-none-eabi/10.2.1/thumb/v7-m/nofp/crtbegin.o
 *(.bss*)
 .bss.Key       0x20000020        0x4 CMakeFiles/application.elf.dir/core/key/key.c.obj
                0x20000020                Key
 .bss.KeyCtrl   0x20000024        0xe CMakeFiles/application.elf.dir/core/key/key.c.obj
                0x20000024                KeyCtrl
 *fill*         0x20000032        0x2 
 .bss.SystemCtrl
                0x20000034       0x18 CMakeFiles/application.elf.dir/core/system/system.c.obj
                0x20000034                SystemCtrl
 .bss.Sys_MainPage
                0x2000004c       0x60 CMakeFiles/application.elf.dir/core/system/system.c.obj
                0x2000004c                Sys_MainPage
 .bss.Sys_Rowitem
                0x200000ac       0x10 CMakeFiles/application.elf.dir/core/system/system.c.obj
                0x200000ac                Sys_Rowitem
 .bss.oldGUIpagePoint.0
                0x200000bc        0x1 CMakeFiles/application.elf.dir/core/system/system.c.obj
 *fill*         0x200000bd        0x3 
 .bss.GUI_DISPLAY_BUF
                0x200000c0      0x400 libBSP_LIB.a(bsp_dma.c.obj)
                0x200000c0                GUI_DISPLAY_BUF
 .bss.GPIO_InitStruct_AF_PP
                0x200004c0        0x4 libBSP_LIB.a(bsp_gpio.c.obj)
                0x200004c0                GPIO_InitStruct_AF_PP
 .bss.GPIO_InitStruct_OUT_PP
                0x200004c4        0x4 libBSP_LIB.a(bsp_gpio.c.obj)
                0x200004c4                GPIO_InitStruct_OUT_PP
 .bss.GPIO_InitStruct_IN_UP
                0x200004c8        0x4 libBSP_LIB.a(bsp_gpio.c.obj)
                0x200004c8                GPIO_InitStruct_IN_UP
 *(COMMON)
                0x200004cc                . = ALIGN (0x4)
                0x200004cc                _ebss = .
                0x200004cc                __bss_end__ = _ebss

._user_heap_stack
                0x200004cc      0x604 load address 0x08002cf8
                0x200004d0                . = ALIGN (0x8)
 *fill*         0x200004cc        0x4 
                0x200004d0                PROVIDE (end = .)
                [!provide]                PROVIDE (_end = .)
                0x200006d0                . = (. + _Min_Heap_Size)
 *fill*         0x200004d0      0x200 
                0x20000ad0                . = (. + _Min_Stack_Size)
 *fill*         0x200006d0      0x400 
                0x20000ad0                . = ALIGN (0x8)

/DISCARD/
 libc.a(*)
 libm.a(*)
 libgcc.a(*)

.ARM.attributes
                0x00000000       0x29
 *(.ARM.attributes)
 .ARM.attributes
                0x00000000       0x1d d:/tool/complier_toolchain/gcc-arm-none-eabi-10-2020-q4-major-win32/gcc-arm-none-eabi-10-2020-q4-major/bin/../lib/gcc/arm-none-eabi/10.2.1/thumb/v7-m/nofp/crti.o
 .ARM.attributes
                0x0000001d       0x2d d:/tool/complier_toolchain/gcc-arm-none-eabi-10-2020-q4-major-win32/gcc-arm-none-eabi-10-2020-q4-major/bin/../lib/gcc/arm-none-eabi/10.2.1/thumb/v7-m/nofp/crtbegin.o
 .ARM.attributes
                0x0000004a       0x2d CMakeFiles/application.elf.dir/core/application/main.c.obj
 .ARM.attributes
                0x00000077       0x2d CMakeFiles/application.elf.dir/core/application/stm32f10x_it.c.obj
 .ARM.attributes
                0x000000a4       0x2d CMakeFiles/application.elf.dir/core/gui/gui.c.obj
 .ARM.attributes
                0x000000d1       0x2d CMakeFiles/application.elf.dir/core/key/key.c.obj
 .ARM.attributes
                0x000000fe       0x2d CMakeFiles/application.elf.dir/core/system/system.c.obj
 .ARM.attributes
                0x0000012b       0x2d CMakeFiles/application.elf.dir/__/devices/system_stm32f10x.c.obj
 .ARM.attributes
                0x00000158       0x21 CMakeFiles/application.elf.dir/startup/startup_stm32f103xb.s.obj
 .ARM.attributes
                0x00000179       0x2d libBSP_LIB.a(bsp.c.obj)
 .ARM.attributes
                0x000001a6       0x2d libBSP_LIB.a(bsp_dma.c.obj)
 .ARM.attributes
                0x000001d3       0x2d libBSP_LIB.a(bsp_flash.c.obj)
 .ARM.attributes
                0x00000200       0x2d libBSP_LIB.a(bsp_gpio.c.obj)
 .ARM.attributes
                0x0000022d       0x2d libBSP_LIB.a(bsp_key.c.obj)
 .ARM.attributes
                0x0000025a       0x2d libBSP_LIB.a(bsp_spi.c.obj)
 .ARM.attributes
                0x00000287       0x2d libSTD_LIB.a(stm32f10x_dma.c.obj)
 .ARM.attributes
                0x000002b4       0x2d libSTD_LIB.a(stm32f10x_gpio.c.obj)
 .ARM.attributes
                0x000002e1       0x2d libSTD_LIB.a(stm32f10x_i2c.c.obj)
 .ARM.attributes
                0x0000030e       0x2d libSTD_LIB.a(stm32f10x_rcc.c.obj)
 .ARM.attributes
                0x0000033b       0x2d libSTD_LIB.a(stm32f10x_spi.c.obj)
 .ARM.attributes
                0x00000368       0x2d d:/tool/complier_toolchain/gcc-arm-none-eabi-10-2020-q4-major-win32/gcc-arm-none-eabi-10-2020-q4-major/bin/../lib/gcc/arm-none-eabi/10.2.1/../../../../arm-none-eabi/lib/thumb/v7-m/nofp\libc_nano.a(lib_a-init.o)
 .ARM.attributes
                0x00000395       0x2d d:/tool/complier_toolchain/gcc-arm-none-eabi-10-2020-q4-major-win32/gcc-arm-none-eabi-10-2020-q4-major/bin/../lib/gcc/arm-none-eabi/10.2.1/../../../../arm-none-eabi/lib/thumb/v7-m/nofp\libm.a(lib_a-s_round.o)
 .ARM.attributes
                0x000003c2       0x1d d:/tool/complier_toolchain/gcc-arm-none-eabi-10-2020-q4-major-win32/gcc-arm-none-eabi-10-2020-q4-major/bin/../lib/gcc/arm-none-eabi/10.2.1/thumb/v7-m/nofp\libgcc.a(_arm_addsubdf3.o)
 .ARM.attributes
                0x000003df       0x1d d:/tool/complier_toolchain/gcc-arm-none-eabi-10-2020-q4-major-win32/gcc-arm-none-eabi-10-2020-q4-major/bin/../lib/gcc/arm-none-eabi/10.2.1/thumb/v7-m/nofp\libgcc.a(_arm_cmpdf2.o)
 .ARM.attributes
                0x000003fc       0x1d d:/tool/complier_toolchain/gcc-arm-none-eabi-10-2020-q4-major-win32/gcc-arm-none-eabi-10-2020-q4-major/bin/../lib/gcc/arm-none-eabi/10.2.1/thumb/v7-m/nofp\libgcc.a(_arm_addsubsf3.o)
 .ARM.attributes
                0x00000419       0x1d d:/tool/complier_toolchain/gcc-arm-none-eabi-10-2020-q4-major-win32/gcc-arm-none-eabi-10-2020-q4-major/bin/../lib/gcc/arm-none-eabi/10.2.1/thumb/v7-m/nofp\libgcc.a(_arm_muldivsf3.o)
 .ARM.attributes
                0x00000436       0x1d d:/tool/complier_toolchain/gcc-arm-none-eabi-10-2020-q4-major-win32/gcc-arm-none-eabi-10-2020-q4-major/bin/../lib/gcc/arm-none-eabi/10.2.1/thumb/v7-m/nofp\libgcc.a(_arm_fixsfsi.o)
 .ARM.attributes
                0x00000453       0x1d d:/tool/complier_toolchain/gcc-arm-none-eabi-10-2020-q4-major-win32/gcc-arm-none-eabi-10-2020-q4-major/bin/../lib/gcc/arm-none-eabi/10.2.1/thumb/v7-m/nofp\libgcc.a(_arm_fixunssfsi.o)
 .ARM.attributes
                0x00000470       0x1d d:/tool/complier_toolchain/gcc-arm-none-eabi-10-2020-q4-major-win32/gcc-arm-none-eabi-10-2020-q4-major/bin/../lib/gcc/arm-none-eabi/10.2.1/thumb/v7-m/nofp/crtn.o
OUTPUT(D:/Git_Repository/STM32F103C8Tx_VSCODE_IDE/application/bin/application.elf elf32-littlearm)
LOAD linker stubs
LOAD d:/tool/complier_toolchain/gcc-arm-none-eabi-10-2020-q4-major-win32/gcc-arm-none-eabi-10-2020-q4-major/bin/../lib/gcc/arm-none-eabi/10.2.1/../../../../arm-none-eabi/lib/thumb/v7-m/nofp\libc.a
LOAD d:/tool/complier_toolchain/gcc-arm-none-eabi-10-2020-q4-major-win32/gcc-arm-none-eabi-10-2020-q4-major/bin/../lib/gcc/arm-none-eabi/10.2.1/../../../../arm-none-eabi/lib/thumb/v7-m/nofp\libm.a
LOAD d:/tool/complier_toolchain/gcc-arm-none-eabi-10-2020-q4-major-win32/gcc-arm-none-eabi-10-2020-q4-major/bin/../lib/gcc/arm-none-eabi/10.2.1/thumb/v7-m/nofp\libgcc.a

.debug_info     0x00000000     0x5fdd
 .debug_info    0x00000000       0xa4 CMakeFiles/application.elf.dir/core/application/main.c.obj
 .debug_info    0x000000a4      0x143 CMakeFiles/application.elf.dir/core/application/stm32f10x_it.c.obj
 .debug_info    0x000001e7      0xce1 CMakeFiles/application.elf.dir/core/gui/gui.c.obj
 .debug_info    0x00000ec8      0x2d9 CMakeFiles/application.elf.dir/core/key/key.c.obj
 .debug_info    0x000011a1      0x48f CMakeFiles/application.elf.dir/core/system/system.c.obj
 .debug_info    0x00001630      0x4de CMakeFiles/application.elf.dir/__/devices/system_stm32f10x.c.obj
 .debug_info    0x00001b0e       0x22 CMakeFiles/application.elf.dir/startup/startup_stm32f103xb.s.obj
 .debug_info    0x00001b30      0x4fa libBSP_LIB.a(bsp.c.obj)
 .debug_info    0x0000202a      0x6bb libBSP_LIB.a(bsp_dma.c.obj)
 .debug_info    0x000026e5      0x40a libBSP_LIB.a(bsp_flash.c.obj)
 .debug_info    0x00002aef      0x272 libBSP_LIB.a(bsp_gpio.c.obj)
 .debug_info    0x00002d61      0x1a8 libBSP_LIB.a(bsp_key.c.obj)
 .debug_info    0x00002f09      0x3ef libBSP_LIB.a(bsp_spi.c.obj)
 .debug_info    0x000032f8      0x4f0 libSTD_LIB.a(stm32f10x_dma.c.obj)
 .debug_info    0x000037e8      0x7ae libSTD_LIB.a(stm32f10x_gpio.c.obj)
 .debug_info    0x00003f96      0xc6d libSTD_LIB.a(stm32f10x_i2c.c.obj)
 .debug_info    0x00004c03      0x9b9 libSTD_LIB.a(stm32f10x_rcc.c.obj)
 .debug_info    0x000055bc      0xa21 libSTD_LIB.a(stm32f10x_spi.c.obj)

.debug_abbrev   0x00000000     0x17a6
 .debug_abbrev  0x00000000       0x4b CMakeFiles/application.elf.dir/core/application/main.c.obj
 .debug_abbrev  0x0000004b       0x49 CMakeFiles/application.elf.dir/core/application/stm32f10x_it.c.obj
 .debug_abbrev  0x00000094      0x25e CMakeFiles/application.elf.dir/core/gui/gui.c.obj
 .debug_abbrev  0x000002f2      0x163 CMakeFiles/application.elf.dir/core/key/key.c.obj
 .debug_abbrev  0x00000455      0x17e CMakeFiles/application.elf.dir/core/system/system.c.obj
 .debug_abbrev  0x000005d3      0x1b3 CMakeFiles/application.elf.dir/__/devices/system_stm32f10x.c.obj
 .debug_abbrev  0x00000786       0x12 CMakeFiles/application.elf.dir/startup/startup_stm32f103xb.s.obj
 .debug_abbrev  0x00000798      0x1b8 libBSP_LIB.a(bsp.c.obj)
 .debug_abbrev  0x00000950      0x174 libBSP_LIB.a(bsp_dma.c.obj)
 .debug_abbrev  0x00000ac4      0x13e libBSP_LIB.a(bsp_flash.c.obj)
 .debug_abbrev  0x00000c02      0x101 libBSP_LIB.a(bsp_gpio.c.obj)
 .debug_abbrev  0x00000d03       0xce libBSP_LIB.a(bsp_key.c.obj)
 .debug_abbrev  0x00000dd1      0x13c libBSP_LIB.a(bsp_spi.c.obj)
 .debug_abbrev  0x00000f0d      0x187 libSTD_LIB.a(stm32f10x_dma.c.obj)
 .debug_abbrev  0x00001094      0x1ee libSTD_LIB.a(stm32f10x_gpio.c.obj)
 .debug_abbrev  0x00001282      0x198 libSTD_LIB.a(stm32f10x_i2c.c.obj)
 .debug_abbrev  0x0000141a      0x1d8 libSTD_LIB.a(stm32f10x_rcc.c.obj)
 .debug_abbrev  0x000015f2      0x1b4 libSTD_LIB.a(stm32f10x_spi.c.obj)

.debug_loc      0x00000000     0x3d8a
 .debug_loc     0x00000000       0x2c CMakeFiles/application.elf.dir/core/application/main.c.obj
 .debug_loc     0x0000002c      0x204 CMakeFiles/application.elf.dir/core/application/stm32f10x_it.c.obj
 .debug_loc     0x00000230      0x7e6 CMakeFiles/application.elf.dir/core/gui/gui.c.obj
 .debug_loc     0x00000a16      0x148 CMakeFiles/application.elf.dir/core/key/key.c.obj
 .debug_loc     0x00000b5e      0x260 CMakeFiles/application.elf.dir/core/system/system.c.obj
 .debug_loc     0x00000dbe      0x110 CMakeFiles/application.elf.dir/__/devices/system_stm32f10x.c.obj
 .debug_loc     0x00000ece      0x20c libBSP_LIB.a(bsp.c.obj)
 .debug_loc     0x000010da       0xcc libBSP_LIB.a(bsp_dma.c.obj)
 .debug_loc     0x000011a6      0x124 libBSP_LIB.a(bsp_flash.c.obj)
 .debug_loc     0x000012ca       0x2c libBSP_LIB.a(bsp_gpio.c.obj)
 .debug_loc     0x000012f6       0x50 libBSP_LIB.a(bsp_key.c.obj)
 .debug_loc     0x00001346       0xf8 libBSP_LIB.a(bsp_spi.c.obj)
 .debug_loc     0x0000143e      0x3f4 libSTD_LIB.a(stm32f10x_dma.c.obj)
 .debug_loc     0x00001832      0x63c libSTD_LIB.a(stm32f10x_gpio.c.obj)
 .debug_loc     0x00001e6e      0xbc4 libSTD_LIB.a(stm32f10x_i2c.c.obj)
 .debug_loc     0x00002a32      0xb2c libSTD_LIB.a(stm32f10x_rcc.c.obj)
 .debug_loc     0x0000355e      0x82c libSTD_LIB.a(stm32f10x_spi.c.obj)

.debug_aranges  0x00000000      0x7c8
 .debug_aranges
                0x00000000       0x20 CMakeFiles/application.elf.dir/core/application/main.c.obj
 .debug_aranges
                0x00000020       0x60 CMakeFiles/application.elf.dir/core/application/stm32f10x_it.c.obj
 .debug_aranges
                0x00000080       0xe8 CMakeFiles/application.elf.dir/core/gui/gui.c.obj
 .debug_aranges
                0x00000168       0x40 CMakeFiles/application.elf.dir/core/key/key.c.obj
 .debug_aranges
                0x000001a8       0x68 CMakeFiles/application.elf.dir/core/system/system.c.obj
 .debug_aranges
                0x00000210       0x38 CMakeFiles/application.elf.dir/__/devices/system_stm32f10x.c.obj
 .debug_aranges
                0x00000248       0x28 CMakeFiles/application.elf.dir/startup/startup_stm32f103xb.s.obj
 .debug_aranges
                0x00000270       0x50 libBSP_LIB.a(bsp.c.obj)
 .debug_aranges
                0x000002c0       0x30 libBSP_LIB.a(bsp_dma.c.obj)
 .debug_aranges
                0x000002f0       0x40 libBSP_LIB.a(bsp_flash.c.obj)
 .debug_aranges
                0x00000330       0x20 libBSP_LIB.a(bsp_gpio.c.obj)
 .debug_aranges
                0x00000350       0x20 libBSP_LIB.a(bsp_key.c.obj)
 .debug_aranges
                0x00000370       0x38 libBSP_LIB.a(bsp_spi.c.obj)
 .debug_aranges
                0x000003a8       0x70 libSTD_LIB.a(stm32f10x_dma.c.obj)
 .debug_aranges
                0x00000418       0xa8 libSTD_LIB.a(stm32f10x_gpio.c.obj)
 .debug_aranges
                0x000004c0      0x120 libSTD_LIB.a(stm32f10x_i2c.c.obj)
 .debug_aranges
                0x000005e0      0x118 libSTD_LIB.a(stm32f10x_rcc.c.obj)
 .debug_aranges
                0x000006f8       0xd0 libSTD_LIB.a(stm32f10x_spi.c.obj)

.debug_ranges   0x00000000      0x6b0
 .debug_ranges  0x00000000       0x10 CMakeFiles/application.elf.dir/core/application/main.c.obj
 .debug_ranges  0x00000010       0x50 CMakeFiles/application.elf.dir/core/application/stm32f10x_it.c.obj
 .debug_ranges  0x00000060       0xd8 CMakeFiles/application.elf.dir/core/gui/gui.c.obj
 .debug_ranges  0x00000138       0x30 CMakeFiles/application.elf.dir/core/key/key.c.obj
 .debug_ranges  0x00000168       0x58 CMakeFiles/application.elf.dir/core/system/system.c.obj
 .debug_ranges  0x000001c0       0x28 CMakeFiles/application.elf.dir/__/devices/system_stm32f10x.c.obj
 .debug_ranges  0x000001e8       0x20 CMakeFiles/application.elf.dir/startup/startup_stm32f103xb.s.obj
 .debug_ranges  0x00000208       0x40 libBSP_LIB.a(bsp.c.obj)
 .debug_ranges  0x00000248       0x20 libBSP_LIB.a(bsp_dma.c.obj)
 .debug_ranges  0x00000268       0x30 libBSP_LIB.a(bsp_flash.c.obj)
 .debug_ranges  0x00000298       0x10 libBSP_LIB.a(bsp_gpio.c.obj)
 .debug_ranges  0x000002a8       0x10 libBSP_LIB.a(bsp_key.c.obj)
 .debug_ranges  0x000002b8       0x28 libBSP_LIB.a(bsp_spi.c.obj)
 .debug_ranges  0x000002e0       0x60 libSTD_LIB.a(stm32f10x_dma.c.obj)
 .debug_ranges  0x00000340       0x98 libSTD_LIB.a(stm32f10x_gpio.c.obj)
 .debug_ranges  0x000003d8      0x110 libSTD_LIB.a(stm32f10x_i2c.c.obj)
 .debug_ranges  0x000004e8      0x108 libSTD_LIB.a(stm32f10x_rcc.c.obj)
 .debug_ranges  0x000005f0       0xc0 libSTD_LIB.a(stm32f10x_spi.c.obj)

.debug_macro    0x00000000    0x1271e
 .debug_macro   0x00000000      0x3e7 CMakeFiles/application.elf.dir/core/application/main.c.obj
 .debug_macro   0x000003e7      0xa6c CMakeFiles/application.elf.dir/core/application/main.c.obj
 .debug_macro   0x00000e53       0x56 CMakeFiles/application.elf.dir/core/application/main.c.obj
 .debug_macro   0x00000ea9       0x22 CMakeFiles/application.elf.dir/core/application/main.c.obj
 .debug_macro   0x00000ecb       0x22 CMakeFiles/application.elf.dir/core/application/main.c.obj
 .debug_macro   0x00000eed       0x8e CMakeFiles/application.elf.dir/core/application/main.c.obj
 .debug_macro   0x00000f7b       0x51 CMakeFiles/application.elf.dir/core/application/main.c.obj
 .debug_macro   0x00000fcc      0x103 CMakeFiles/application.elf.dir/core/application/main.c.obj
 .debug_macro   0x000010cf       0x6a CMakeFiles/application.elf.dir/core/application/main.c.obj
 .debug_macro   0x00001139      0x1df CMakeFiles/application.elf.dir/core/application/main.c.obj
 .debug_macro   0x00001318      0x69f CMakeFiles/application.elf.dir/core/application/main.c.obj
 .debug_macro   0x000019b7     0x7dbe CMakeFiles/application.elf.dir/core/application/main.c.obj
 .debug_macro   0x00009775      0x2df CMakeFiles/application.elf.dir/core/application/main.c.obj
 .debug_macro   0x00009a54      0x144 CMakeFiles/application.elf.dir/core/application/main.c.obj
 .debug_macro   0x00009b98      0x3cf CMakeFiles/application.elf.dir/core/application/main.c.obj
 .debug_macro   0x00009f67       0xc8 CMakeFiles/application.elf.dir/core/application/main.c.obj
 .debug_macro   0x0000a02f      0x17a CMakeFiles/application.elf.dir/core/application/main.c.obj
 .debug_macro   0x0000a1a9       0xac CMakeFiles/application.elf.dir/core/application/main.c.obj
 .debug_macro   0x0000a255      0x3ad CMakeFiles/application.elf.dir/core/application/main.c.obj
 .debug_macro   0x0000a602       0x9a CMakeFiles/application.elf.dir/core/application/main.c.obj
 .debug_macro   0x0000a69c      0x2cf CMakeFiles/application.elf.dir/core/application/main.c.obj
 .debug_macro   0x0000a96b      0x279 CMakeFiles/application.elf.dir/core/application/main.c.obj
 .debug_macro   0x0000abe4      0x2ac CMakeFiles/application.elf.dir/core/application/main.c.obj
 .debug_macro   0x0000ae90      0x2b1 CMakeFiles/application.elf.dir/core/application/main.c.obj
 .debug_macro   0x0000b141       0x64 CMakeFiles/application.elf.dir/core/application/main.c.obj
 .debug_macro   0x0000b1a5       0x82 CMakeFiles/application.elf.dir/core/application/main.c.obj
 .debug_macro   0x0000b227      0x3e2 CMakeFiles/application.elf.dir/core/application/main.c.obj
 .debug_macro   0x0000b609       0x58 CMakeFiles/application.elf.dir/core/application/main.c.obj
 .debug_macro   0x0000b661      0x341 CMakeFiles/application.elf.dir/core/application/main.c.obj
 .debug_macro   0x0000b9a2      0x2c4 CMakeFiles/application.elf.dir/core/application/main.c.obj
 .debug_macro   0x0000bc66      0x711 CMakeFiles/application.elf.dir/core/application/main.c.obj
 .debug_macro   0x0000c377      0x220 CMakeFiles/application.elf.dir/core/application/main.c.obj
 .debug_macro   0x0000c597       0x34 CMakeFiles/application.elf.dir/core/application/main.c.obj
 .debug_macro   0x0000c5cb       0x8b CMakeFiles/application.elf.dir/core/application/main.c.obj
 .debug_macro   0x0000c656       0x35 CMakeFiles/application.elf.dir/core/application/main.c.obj
 .debug_macro   0x0000c68b       0x64 CMakeFiles/application.elf.dir/core/application/main.c.obj
 .debug_macro   0x0000c6ef       0x18 CMakeFiles/application.elf.dir/core/application/main.c.obj
 .debug_macro   0x0000c707       0x35 CMakeFiles/application.elf.dir/core/application/main.c.obj
 .debug_macro   0x0000c73c       0x34 CMakeFiles/application.elf.dir/core/application/main.c.obj
 .debug_macro   0x0000c770       0x16 CMakeFiles/application.elf.dir/core/application/main.c.obj
 .debug_macro   0x0000c786       0x97 CMakeFiles/application.elf.dir/core/application/main.c.obj
 .debug_macro   0x0000c81d      0x356 CMakeFiles/application.elf.dir/core/application/main.c.obj
 .debug_macro   0x0000cb73       0xf6 CMakeFiles/application.elf.dir/core/application/main.c.obj
 .debug_macro   0x0000cc69       0x10 CMakeFiles/application.elf.dir/core/application/main.c.obj
 .debug_macro   0x0000cc79       0x16 CMakeFiles/application.elf.dir/core/application/main.c.obj
 .debug_macro   0x0000cc8f       0x43 CMakeFiles/application.elf.dir/core/application/main.c.obj
 .debug_macro   0x0000ccd2       0x34 CMakeFiles/application.elf.dir/core/application/main.c.obj
 .debug_macro   0x0000cd06       0x10 CMakeFiles/application.elf.dir/core/application/main.c.obj
 .debug_macro   0x0000cd16       0x58 CMakeFiles/application.elf.dir/core/application/main.c.obj
 .debug_macro   0x0000cd6e      0x182 CMakeFiles/application.elf.dir/core/application/main.c.obj
 .debug_macro   0x0000cef0       0x10 CMakeFiles/application.elf.dir/core/application/main.c.obj
 .debug_macro   0x0000cf00       0x1c CMakeFiles/application.elf.dir/core/application/main.c.obj
 .debug_macro   0x0000cf1c       0x52 CMakeFiles/application.elf.dir/core/application/main.c.obj
 .debug_macro   0x0000cf6e       0x22 CMakeFiles/application.elf.dir/core/application/main.c.obj
 .debug_macro   0x0000cf90       0x10 CMakeFiles/application.elf.dir/core/application/main.c.obj
 .debug_macro   0x0000cfa0       0x40 CMakeFiles/application.elf.dir/core/application/main.c.obj
 .debug_macro   0x0000cfe0       0xd5 CMakeFiles/application.elf.dir/core/application/main.c.obj
 .debug_macro   0x0000d0b5       0x1c CMakeFiles/application.elf.dir/core/application/main.c.obj
 .debug_macro   0x0000d0d1       0x3d CMakeFiles/application.elf.dir/core/application/main.c.obj
 .debug_macro   0x0000d10e       0x16 CMakeFiles/application.elf.dir/core/application/main.c.obj
 .debug_macro   0x0000d124      0x16f CMakeFiles/application.elf.dir/core/application/main.c.obj
 .debug_macro   0x0000d293       0xfa CMakeFiles/application.elf.dir/core/application/main.c.obj
 .debug_macro   0x0000d38d       0x1c CMakeFiles/application.elf.dir/core/application/main.c.obj
 .debug_macro   0x0000d3a9       0x10 CMakeFiles/application.elf.dir/core/application/main.c.obj
 .debug_macro   0x0000d3b9       0x10 CMakeFiles/application.elf.dir/core/application/main.c.obj
 .debug_macro   0x0000d3c9       0x82 CMakeFiles/application.elf.dir/core/application/main.c.obj
 .debug_macro   0x0000d44b       0x28 CMakeFiles/application.elf.dir/core/application/main.c.obj
 .debug_macro   0x0000d473      0x1a9 CMakeFiles/application.elf.dir/core/application/main.c.obj
 .debug_macro   0x0000d61c       0x7c CMakeFiles/application.elf.dir/core/application/main.c.obj
 .debug_macro   0x0000d698       0x17 CMakeFiles/application.elf.dir/core/application/main.c.obj
 .debug_macro   0x0000d6af      0x118 CMakeFiles/application.elf.dir/core/application/main.c.obj
 .debug_macro   0x0000d7c7      0x6c8 CMakeFiles/application.elf.dir/core/application/main.c.obj
 .debug_macro   0x0000de8f      0xce3 CMakeFiles/application.elf.dir/core/application/main.c.obj
 .debug_macro   0x0000eb72       0x16 CMakeFiles/application.elf.dir/core/application/main.c.obj
 .debug_macro   0x0000eb88       0x35 CMakeFiles/application.elf.dir/core/application/main.c.obj
 .debug_macro   0x0000ebbd       0x16 CMakeFiles/application.elf.dir/core/application/main.c.obj
 .debug_macro   0x0000ebd3       0x29 CMakeFiles/application.elf.dir/core/application/main.c.obj
 .debug_macro   0x0000ebfc      0x161 CMakeFiles/application.elf.dir/core/application/main.c.obj
 .debug_macro   0x0000ed5d       0x1c CMakeFiles/application.elf.dir/core/application/main.c.obj
 .debug_macro   0x0000ed79      0x185 CMakeFiles/application.elf.dir/core/application/stm32f10x_it.c.obj
 .debug_macro   0x0000eefe      0x331 CMakeFiles/application.elf.dir/core/gui/gui.c.obj
 .debug_macro   0x0000f22f      0x30d CMakeFiles/application.elf.dir/core/key/key.c.obj
 .debug_macro   0x0000f53c       0x7c CMakeFiles/application.elf.dir/core/key/key.c.obj
 .debug_macro   0x0000f5b8      0x36b CMakeFiles/application.elf.dir/core/system/system.c.obj
 .debug_macro   0x0000f923       0x16 CMakeFiles/application.elf.dir/core/system/system.c.obj
 .debug_macro   0x0000f939       0x16 CMakeFiles/application.elf.dir/core/system/system.c.obj
 .debug_macro   0x0000f94f      0x188 CMakeFiles/application.elf.dir/__/devices/system_stm32f10x.c.obj
 .debug_macro   0x0000fad7      0x329 libBSP_LIB.a(bsp.c.obj)
 .debug_macro   0x0000fe00       0x4c libBSP_LIB.a(bsp.c.obj)
 .debug_macro   0x0000fe4c      0x2ec libBSP_LIB.a(bsp_dma.c.obj)
 .debug_macro   0x00010138      0x2ec libBSP_LIB.a(bsp_flash.c.obj)
 .debug_macro   0x00010424      0x2ec libBSP_LIB.a(bsp_gpio.c.obj)
 .debug_macro   0x00010710      0x2f5 libBSP_LIB.a(bsp_key.c.obj)
 .debug_macro   0x00010a05      0x2f8 libBSP_LIB.a(bsp_spi.c.obj)
 .debug_macro   0x00010cfd      0x1d9 libSTD_LIB.a(stm32f10x_dma.c.obj)
 .debug_macro   0x00010ed6      0x3a7 libSTD_LIB.a(stm32f10x_dma.c.obj)
 .debug_macro   0x0001127d      0x1d3 libSTD_LIB.a(stm32f10x_gpio.c.obj)
 .debug_macro   0x00011450      0x2a6 libSTD_LIB.a(stm32f10x_gpio.c.obj)
 .debug_macro   0x000116f6      0x257 libSTD_LIB.a(stm32f10x_i2c.c.obj)
 .debug_macro   0x0001194d      0x2ab libSTD_LIB.a(stm32f10x_i2c.c.obj)
 .debug_macro   0x00011bf8      0x2a1 libSTD_LIB.a(stm32f10x_rcc.c.obj)
 .debug_macro   0x00011e99      0x3dc libSTD_LIB.a(stm32f10x_rcc.c.obj)
 .debug_macro   0x00012275      0x1eb libSTD_LIB.a(stm32f10x_spi.c.obj)
 .debug_macro   0x00012460      0x2be libSTD_LIB.a(stm32f10x_spi.c.obj)

.debug_line     0x00000000     0xa11f
 .debug_line    0x00000000      0xa46 CMakeFiles/application.elf.dir/core/application/main.c.obj
 .debug_line    0x00000a46      0x67c CMakeFiles/application.elf.dir/core/application/stm32f10x_it.c.obj
 .debug_line    0x000010c2     0x1285 CMakeFiles/application.elf.dir/core/gui/gui.c.obj
 .debug_line    0x00002347      0x9ab CMakeFiles/application.elf.dir/core/key/key.c.obj
 .debug_line    0x00002cf2      0xb05 CMakeFiles/application.elf.dir/core/system/system.c.obj
 .debug_line    0x000037f7      0x722 CMakeFiles/application.elf.dir/__/devices/system_stm32f10x.c.obj
 .debug_line    0x00003f19       0xb3 CMakeFiles/application.elf.dir/startup/startup_stm32f103xb.s.obj
 .debug_line    0x00003fcc      0x8a2 libBSP_LIB.a(bsp.c.obj)
 .debug_line    0x0000486e      0x7f7 libBSP_LIB.a(bsp_dma.c.obj)
 .debug_line    0x00005065      0x811 libBSP_LIB.a(bsp_flash.c.obj)
 .debug_line    0x00005876      0x7a5 libBSP_LIB.a(bsp_gpio.c.obj)
 .debug_line    0x0000601b      0x7c3 libBSP_LIB.a(bsp_key.c.obj)
 .debug_line    0x000067de      0x7e8 libBSP_LIB.a(bsp_spi.c.obj)
 .debug_line    0x00006fc6      0x828 libSTD_LIB.a(stm32f10x_dma.c.obj)
 .debug_line    0x000077ee      0x97d libSTD_LIB.a(stm32f10x_gpio.c.obj)
 .debug_line    0x0000816b      0xade libSTD_LIB.a(stm32f10x_i2c.c.obj)
 .debug_line    0x00008c49      0xb19 libSTD_LIB.a(stm32f10x_rcc.c.obj)
 .debug_line    0x00009762      0x9bd libSTD_LIB.a(stm32f10x_spi.c.obj)

.debug_str      0x00000000    0x714d0
 .debug_str     0x00000000    0x6d9d2 CMakeFiles/application.elf.dir/core/application/main.c.obj
                              0x6dc1f (size before relaxing)
 .debug_str     0x0006d9d2       0xe7 CMakeFiles/application.elf.dir/core/application/stm32f10x_it.c.obj
                              0x4d24b (size before relaxing)
 .debug_str     0x0006dab9      0x531 CMakeFiles/application.elf.dir/core/gui/gui.c.obj
                              0x51ec2 (size before relaxing)
 .debug_str     0x0006dfea      0x1eb CMakeFiles/application.elf.dir/core/key/key.c.obj
                              0x51697 (size before relaxing)
 .debug_str     0x0006e1d5      0x215 CMakeFiles/application.elf.dir/core/system/system.c.obj
                              0x5201e (size before relaxing)
 .debug_str     0x0006e3ea      0x199 CMakeFiles/application.elf.dir/__/devices/system_stm32f10x.c.obj
                              0x4d343 (size before relaxing)
 .debug_str     0x0006e583       0x63 CMakeFiles/application.elf.dir/startup/startup_stm32f103xb.s.obj
                                 0xa0 (size before relaxing)
 .debug_str     0x0006e5e6      0x219 libBSP_LIB.a(bsp.c.obj)
                              0x51432 (size before relaxing)
 .debug_str     0x0006e7ff      0x53c libBSP_LIB.a(bsp_dma.c.obj)
                              0x51691 (size before relaxing)
 .debug_str     0x0006ed3b      0x186 libBSP_LIB.a(bsp_flash.c.obj)
                              0x51327 (size before relaxing)
 .debug_str     0x0006eec1      0x1b3 libBSP_LIB.a(bsp_gpio.c.obj)
                              0x512cb (size before relaxing)
 .debug_str     0x0006f074       0x53 libBSP_LIB.a(bsp_key.c.obj)
                              0x514f6 (size before relaxing)
 .debug_str     0x0006f0c7       0xec libBSP_LIB.a(bsp_spi.c.obj)
                              0x5133d (size before relaxing)
 .debug_str     0x0006f1b3      0x625 libSTD_LIB.a(stm32f10x_dma.c.obj)
                              0x4d8be (size before relaxing)
 .debug_str     0x0006f7d8      0x498 libSTD_LIB.a(stm32f10x_gpio.c.obj)
                              0x4d78e (size before relaxing)
 .debug_str     0x0006fc70      0x8c1 libSTD_LIB.a(stm32f10x_i2c.c.obj)
                              0x4db30 (size before relaxing)
 .debug_str     0x00070531      0xa93 libSTD_LIB.a(stm32f10x_rcc.c.obj)
                              0x4dd74 (size before relaxing)
 .debug_str     0x00070fc4      0x50c libSTD_LIB.a(stm32f10x_spi.c.obj)
                              0x4d88e (size before relaxing)

.comment        0x00000000       0x4d
 .comment       0x00000000       0x4d CMakeFiles/application.elf.dir/core/application/main.c.obj
                                 0x4e (size before relaxing)
 .comment       0x0000004d       0x4e CMakeFiles/application.elf.dir/core/application/stm32f10x_it.c.obj
 .comment       0x0000004d       0x4e CMakeFiles/application.elf.dir/core/gui/gui.c.obj
 .comment       0x0000004d       0x4e CMakeFiles/application.elf.dir/core/key/key.c.obj
 .comment       0x0000004d       0x4e CMakeFiles/application.elf.dir/core/system/system.c.obj
 .comment       0x0000004d       0x4e CMakeFiles/application.elf.dir/__/devices/system_stm32f10x.c.obj
 .comment       0x0000004d       0x4e libBSP_LIB.a(bsp.c.obj)
 .comment       0x0000004d       0x4e libBSP_LIB.a(bsp_dma.c.obj)
 .comment       0x0000004d       0x4e libBSP_LIB.a(bsp_flash.c.obj)
 .comment       0x0000004d       0x4e libBSP_LIB.a(bsp_gpio.c.obj)
 .comment       0x0000004d       0x4e libBSP_LIB.a(bsp_key.c.obj)
 .comment       0x0000004d       0x4e libBSP_LIB.a(bsp_spi.c.obj)
 .comment       0x0000004d       0x4e libSTD_LIB.a(stm32f10x_dma.c.obj)
 .comment       0x0000004d       0x4e libSTD_LIB.a(stm32f10x_gpio.c.obj)
 .comment       0x0000004d       0x4e libSTD_LIB.a(stm32f10x_i2c.c.obj)
 .comment       0x0000004d       0x4e libSTD_LIB.a(stm32f10x_rcc.c.obj)
 .comment       0x0000004d       0x4e libSTD_LIB.a(stm32f10x_spi.c.obj)

.debug_frame    0x00000000     0x1fa8
 .debug_frame   0x00000000       0x2c CMakeFiles/application.elf.dir/core/application/main.c.obj
 .debug_frame   0x0000002c      0x110 CMakeFiles/application.elf.dir/core/application/stm32f10x_it.c.obj
 .debug_frame   0x0000013c      0x3d8 CMakeFiles/application.elf.dir/core/gui/gui.c.obj
 .debug_frame   0x00000514       0xb0 CMakeFiles/application.elf.dir/core/key/key.c.obj
 .debug_frame   0x000005c4      0x148 CMakeFiles/application.elf.dir/core/system/system.c.obj
 .debug_frame   0x0000070c       0x98 CMakeFiles/application.elf.dir/__/devices/system_stm32f10x.c.obj
 .debug_frame   0x000007a4      0x104 libBSP_LIB.a(bsp.c.obj)
 .debug_frame   0x000008a8       0x74 libBSP_LIB.a(bsp_dma.c.obj)
 .debug_frame   0x0000091c       0xac libBSP_LIB.a(bsp_flash.c.obj)
 .debug_frame   0x000009c8       0x2c libBSP_LIB.a(bsp_gpio.c.obj)
 .debug_frame   0x000009f4       0x34 libBSP_LIB.a(bsp_key.c.obj)
 .debug_frame   0x00000a28       0x90 libBSP_LIB.a(bsp_spi.c.obj)
 .debug_frame   0x00000ab8      0x1c8 libSTD_LIB.a(stm32f10x_dma.c.obj)
 .debug_frame   0x00000c80      0x2d0 libSTD_LIB.a(stm32f10x_gpio.c.obj)
 .debug_frame   0x00000f50      0x530 libSTD_LIB.a(stm32f10x_i2c.c.obj)
 .debug_frame   0x00001480      0x4f4 libSTD_LIB.a(stm32f10x_rcc.c.obj)
 .debug_frame   0x00001974      0x3a0 libSTD_LIB.a(stm32f10x_spi.c.obj)
 .debug_frame   0x00001d14       0x2c d:/tool/complier_toolchain/gcc-arm-none-eabi-10-2020-q4-major-win32/gcc-arm-none-eabi-10-2020-q4-major/bin/../lib/gcc/arm-none-eabi/10.2.1/../../../../arm-none-eabi/lib/thumb/v7-m/nofp\libc_nano.a(lib_a-init.o)
 .debug_frame   0x00001d40       0x2c d:/tool/complier_toolchain/gcc-arm-none-eabi-10-2020-q4-major-win32/gcc-arm-none-eabi-10-2020-q4-major/bin/../lib/gcc/arm-none-eabi/10.2.1/../../../../arm-none-eabi/lib/thumb/v7-m/nofp\libm.a(lib_a-s_round.o)
 .debug_frame   0x00001d6c       0xac d:/tool/complier_toolchain/gcc-arm-none-eabi-10-2020-q4-major-win32/gcc-arm-none-eabi-10-2020-q4-major/bin/../lib/gcc/arm-none-eabi/10.2.1/thumb/v7-m/nofp\libgcc.a(_arm_addsubdf3.o)
 .debug_frame   0x00001e18       0xc4 d:/tool/complier_toolchain/gcc-arm-none-eabi-10-2020-q4-major-win32/gcc-arm-none-eabi-10-2020-q4-major/bin/../lib/gcc/arm-none-eabi/10.2.1/thumb/v7-m/nofp\libgcc.a(_arm_cmpdf2.o)
 .debug_frame   0x00001edc       0x4c d:/tool/complier_toolchain/gcc-arm-none-eabi-10-2020-q4-major-win32/gcc-arm-none-eabi-10-2020-q4-major/bin/../lib/gcc/arm-none-eabi/10.2.1/thumb/v7-m/nofp\libgcc.a(_arm_addsubsf3.o)
 .debug_frame   0x00001f28       0x38 d:/tool/complier_toolchain/gcc-arm-none-eabi-10-2020-q4-major-win32/gcc-arm-none-eabi-10-2020-q4-major/bin/../lib/gcc/arm-none-eabi/10.2.1/thumb/v7-m/nofp\libgcc.a(_arm_muldivsf3.o)
 .debug_frame   0x00001f60       0x24 d:/tool/complier_toolchain/gcc-arm-none-eabi-10-2020-q4-major-win32/gcc-arm-none-eabi-10-2020-q4-major/bin/../lib/gcc/arm-none-eabi/10.2.1/thumb/v7-m/nofp\libgcc.a(_arm_fixsfsi.o)
 .debug_frame   0x00001f84       0x24 d:/tool/complier_toolchain/gcc-arm-none-eabi-10-2020-q4-major-win32/gcc-arm-none-eabi-10-2020-q4-major/bin/../lib/gcc/arm-none-eabi/10.2.1/thumb/v7-m/nofp\libgcc.a(_arm_fixunssfsi.o)

.stabstr        0x00000000      0x117
 .stabstr       0x00000000      0x117 d:/tool/complier_toolchain/gcc-arm-none-eabi-10-2020-q4-major-win32/gcc-arm-none-eabi-10-2020-q4-major/bin/../lib/gcc/arm-none-eabi/10.2.1/../../../../arm-none-eabi/lib/thumb/v7-m/nofp\libnosys.a(close.o)

Cross Reference Table

Symbol                                            File
ADC1_2_IRQHandler                                 CMakeFiles/application.elf.dir/startup/startup_stm32f103xb.s.obj
AHBPrescTable                                     CMakeFiles/application.elf.dir/__/devices/system_stm32f10x.c.obj
Bsp_DelayMS                                       libBSP_LIB.a(bsp.c.obj)
                                                  libBSP_LIB.a(bsp_spi.c.obj)
                                                  CMakeFiles/application.elf.dir/core/gui/gui.c.obj
Bsp_DelayS                                        libBSP_LIB.a(bsp.c.obj)
Bsp_DelayUS                                       libBSP_LIB.a(bsp.c.obj)
                                                  libBSP_LIB.a(bsp_dma.c.obj)
                                                  CMakeFiles/application.elf.dir/core/flash/flash.c.obj
Bsp_Flash_Init                                    libBSP_LIB.a(bsp_flash.c.obj)
                                                  libBSP_LIB.a(bsp.c.obj)
Bsp_Flash_SPI_TransmitReceive                     libBSP_LIB.a(bsp_flash.c.obj)
                                                  CMakeFiles/application.elf.dir/core/flash/flash.c.obj
Bsp_Flash_Write_Disable                           libBSP_LIB.a(bsp_flash.c.obj)
Bsp_Flash_Write_Enable                            libBSP_LIB.a(bsp_flash.c.obj)
                                                  CMakeFiles/application.elf.dir/core/flash/flash.c.obj
Bsp_Flash_Write_Volatile_StatReg_EN               libBSP_LIB.a(bsp_flash.c.obj)
                                                  CMakeFiles/application.elf.dir/core/flash/flash.c.obj
Bsp_GPIO_Init                                     libBSP_LIB.a(bsp_gpio.c.obj)
                                                  libBSP_LIB.a(bsp.c.obj)
Bsp_I2C_DMA_Ctrl                                  libBSP_LIB.a(bsp_i2c.c.obj)
                                                  libBSP_LIB.a(bsp_dma.c.obj)
Bsp_I2C_DMA_Init                                  libBSP_LIB.a(bsp_dma.c.obj)
                                                  CMakeFiles/application.elf.dir/core/gui/gui.c.obj
Bsp_I2C_Init                                      libBSP_LIB.a(bsp_i2c.c.obj)
Bsp_I2C_Multi_SET                                 libBSP_LIB.a(bsp_i2c.c.obj)
Bsp_I2C_SET                                       libBSP_LIB.a(bsp_i2c.c.obj)
                                                  CMakeFiles/application.elf.dir/core/gui/gui.c.obj
Bsp_I2C_Write_Byte                                libBSP_LIB.a(bsp_i2c.c.obj)
Bsp_I2C_Write_Bytes                               libBSP_LIB.a(bsp_i2c.c.obj)
                                                  CMakeFiles/application.elf.dir/core/gui/gui.c.obj
Bsp_Init                                          libBSP_LIB.a(bsp.c.obj)
                                                  CMakeFiles/application.elf.dir/core/application/main.c.obj
Bsp_KEY_Probe                                     libBSP_LIB.a(bsp_key.c.obj)
                                                  CMakeFiles/application.elf.dir/core/key/key.c.obj
Bsp_SPI_DMA_Init                                  libBSP_LIB.a(bsp_dma.c.obj)
                                                  CMakeFiles/application.elf.dir/core/gui/gui.c.obj
Bsp_SPI_Init                                      libBSP_LIB.a(bsp_spi.c.obj)
                                                  libBSP_LIB.a(bsp.c.obj)
Bsp_SPI_RES_HIGH                                  libBSP_LIB.a(bsp_spi.c.obj)
                                                  CMakeFiles/application.elf.dir/core/gui/gui.c.obj
Bsp_SPI_RES_LOW                                   libBSP_LIB.a(bsp_spi.c.obj)
                                                  CMakeFiles/application.elf.dir/core/gui/gui.c.obj
Bsp_SPI_Send_CMD                                  libBSP_LIB.a(bsp_spi.c.obj)
                                                  CMakeFiles/application.elf.dir/core/gui/gui.c.obj
Bsp_printf                                        CMakeFiles/application.elf.dir/core/flash/flash.c.obj
BusFault_Handler                                  CMakeFiles/application.elf.dir/core/application/stm32f10x_it.c.obj
CAN1_RX1_IRQHandler                               CMakeFiles/application.elf.dir/startup/startup_stm32f103xb.s.obj
CAN1_SCE_IRQHandler                               CMakeFiles/application.elf.dir/startup/startup_stm32f103xb.s.obj
CELL_MANAGE                                       CMakeFiles/application.elf.dir/core/flash/flash.c.obj
DMA1_Channel1_IRQHandler                          CMakeFiles/application.elf.dir/startup/startup_stm32f103xb.s.obj
DMA1_Channel2_IRQHandler                          CMakeFiles/application.elf.dir/startup/startup_stm32f103xb.s.obj
DMA1_Channel3_IRQHandler                          CMakeFiles/application.elf.dir/startup/startup_stm32f103xb.s.obj
DMA1_Channel4_IRQHandler                          CMakeFiles/application.elf.dir/startup/startup_stm32f103xb.s.obj
DMA1_Channel5_IRQHandler                          CMakeFiles/application.elf.dir/startup/startup_stm32f103xb.s.obj
DMA1_Channel6_IRQHandler                          libBSP_LIB.a(bsp_dma.c.obj)
                                                  CMakeFiles/application.elf.dir/startup/startup_stm32f103xb.s.obj
DMA1_Channel7_IRQHandler                          CMakeFiles/application.elf.dir/startup/startup_stm32f103xb.s.obj
DMA_ClearFlag                                     libSTD_LIB.a(stm32f10x_dma.c.obj)
                                                  libBSP_LIB.a(bsp_dma.c.obj)
DMA_ClearITPendingBit                             libSTD_LIB.a(stm32f10x_dma.c.obj)
DMA_Cmd                                           libSTD_LIB.a(stm32f10x_dma.c.obj)
                                                  libBSP_LIB.a(bsp_i2c.c.obj)
                                                  libBSP_LIB.a(bsp_dma.c.obj)
DMA_DeInit                                        libSTD_LIB.a(stm32f10x_dma.c.obj)
                                                  libBSP_LIB.a(bsp_dma.c.obj)
DMA_GetCurrDataCounter                            libSTD_LIB.a(stm32f10x_dma.c.obj)
DMA_GetFlagStatus                                 libSTD_LIB.a(stm32f10x_dma.c.obj)
                                                  libBSP_LIB.a(bsp_dma.c.obj)
DMA_GetITStatus                                   libSTD_LIB.a(stm32f10x_dma.c.obj)
DMA_ITConfig                                      libSTD_LIB.a(stm32f10x_dma.c.obj)
                                                  libBSP_LIB.a(bsp_dma.c.obj)
DMA_Init                                          libSTD_LIB.a(stm32f10x_dma.c.obj)
                                                  libBSP_LIB.a(bsp_dma.c.obj)
DMA_SetCurrDataCounter                            libSTD_LIB.a(stm32f10x_dma.c.obj)
DMA_StructInit                                    libSTD_LIB.a(stm32f10x_dma.c.obj)
DebugMon_Handler                                  CMakeFiles/application.elf.dir/core/application/stm32f10x_it.c.obj
Default_Handler                                   CMakeFiles/application.elf.dir/startup/startup_stm32f103xb.s.obj
ERROR_DECT                                        libBSP_LIB.a(bsp_i2c.c.obj)
EXTI0_IRQHandler                                  CMakeFiles/application.elf.dir/startup/startup_stm32f103xb.s.obj
EXTI15_10_IRQHandler                              CMakeFiles/application.elf.dir/startup/startup_stm32f103xb.s.obj
EXTI1_IRQHandler                                  CMakeFiles/application.elf.dir/startup/startup_stm32f103xb.s.obj
EXTI2_IRQHandler                                  CMakeFiles/application.elf.dir/startup/startup_stm32f103xb.s.obj
EXTI3_IRQHandler                                  CMakeFiles/application.elf.dir/startup/startup_stm32f103xb.s.obj
EXTI4_IRQHandler                                  CMakeFiles/application.elf.dir/startup/startup_stm32f103xb.s.obj
EXTI9_5_IRQHandler                                CMakeFiles/application.elf.dir/startup/startup_stm32f103xb.s.obj
F6X8                                              CMakeFiles/application.elf.dir/core/gui/gui.c.obj
FLASH_Block_Erase                                 CMakeFiles/application.elf.dir/core/flash/flash.c.obj
FLASH_Block_Erase_64KB                            CMakeFiles/application.elf.dir/core/flash/flash.c.obj
FLASH_Chip_Erase                                  CMakeFiles/application.elf.dir/core/flash/flash.c.obj
FLASH_Config_Init                                 CMakeFiles/application.elf.dir/core/flash/flash.c.obj
FLASH_IRQHandler                                  CMakeFiles/application.elf.dir/startup/startup_stm32f103xb.s.obj
FLASH_Read_Data                                   CMakeFiles/application.elf.dir/core/flash/flash.c.obj
FLASH_Read_Dataes                                 CMakeFiles/application.elf.dir/core/flash/flash.c.obj
FLASH_Read_Datas                                  CMakeFiles/application.elf.dir/core/flash/flash.c.obj
FLASH_Read_ID                                     CMakeFiles/application.elf.dir/core/flash/flash.c.obj
FLASH_Read_MenuNum                                CMakeFiles/application.elf.dir/core/flash/flash.c.obj
FLASH_Read_Single_Data                            CMakeFiles/application.elf.dir/core/flash/flash.c.obj
FLASH_Read_StatusReg                              CMakeFiles/application.elf.dir/core/flash/flash.c.obj
FLASH_Reset_device                                CMakeFiles/application.elf.dir/core/flash/flash.c.obj
FLASH_Sector_Erase                                CMakeFiles/application.elf.dir/core/flash/flash.c.obj
FLASH_Unlock_All                                  CMakeFiles/application.elf.dir/core/flash/flash.c.obj
FLASH_Update_MenuList                             CMakeFiles/application.elf.dir/core/flash/flash.c.obj
FLASH_Write_Data                                  CMakeFiles/application.elf.dir/core/flash/flash.c.obj
FLASH_Write_Dataes                                CMakeFiles/application.elf.dir/core/flash/flash.c.obj
FLASH_Write_StatusReg                             CMakeFiles/application.elf.dir/core/flash/flash.c.obj
FLASH_lock_All                                    CMakeFiles/application.elf.dir/core/flash/flash.c.obj
FlashAddr                                         CMakeFiles/application.elf.dir/core/system/system.c.obj
GPIO_AFIODeInit                                   libSTD_LIB.a(stm32f10x_gpio.c.obj)
GPIO_DeInit                                       libSTD_LIB.a(stm32f10x_gpio.c.obj)
GPIO_ETH_MediaInterfaceConfig                     libSTD_LIB.a(stm32f10x_gpio.c.obj)
GPIO_EXTILineConfig                               libSTD_LIB.a(stm32f10x_gpio.c.obj)
GPIO_EventOutputCmd                               libSTD_LIB.a(stm32f10x_gpio.c.obj)
GPIO_EventOutputConfig                            libSTD_LIB.a(stm32f10x_gpio.c.obj)
GPIO_Init                                         libSTD_LIB.a(stm32f10x_gpio.c.obj)
                                                  libBSP_LIB.a(bsp_gpio.c.obj)
GPIO_InitStruct_AF_OD                             libBSP_LIB.a(bsp_gpio.c.obj)
GPIO_InitStruct_AF_PP                             libBSP_LIB.a(bsp_gpio.c.obj)
GPIO_InitStruct_IN_UP                             libBSP_LIB.a(bsp_gpio.c.obj)
GPIO_InitStruct_OUT_PP                            libBSP_LIB.a(bsp_gpio.c.obj)
GPIO_PinLockConfig                                libSTD_LIB.a(stm32f10x_gpio.c.obj)
GPIO_PinRemapConfig                               libSTD_LIB.a(stm32f10x_gpio.c.obj)
GPIO_ReadInputData                                libSTD_LIB.a(stm32f10x_gpio.c.obj)
GPIO_ReadInputDataBit                             libSTD_LIB.a(stm32f10x_gpio.c.obj)
                                                  libBSP_LIB.a(bsp_key.c.obj)
GPIO_ReadOutputData                               libSTD_LIB.a(stm32f10x_gpio.c.obj)
GPIO_ReadOutputDataBit                            libSTD_LIB.a(stm32f10x_gpio.c.obj)
GPIO_ResetBits                                    libSTD_LIB.a(stm32f10x_gpio.c.obj)
                                                  libBSP_LIB.a(bsp_spi.c.obj)
                                                  libBSP_LIB.a(bsp_flash.c.obj)
                                                  CMakeFiles/application.elf.dir/core/flash/flash.c.obj
GPIO_SetBits                                      libSTD_LIB.a(stm32f10x_gpio.c.obj)
                                                  libBSP_LIB.a(bsp_spi.c.obj)
                                                  libBSP_LIB.a(bsp_flash.c.obj)
                                                  CMakeFiles/application.elf.dir/core/flash/flash.c.obj
GPIO_StructInit                                   libSTD_LIB.a(stm32f10x_gpio.c.obj)
GPIO_Write                                        libSTD_LIB.a(stm32f10x_gpio.c.obj)
GPIO_WriteBit                                     libSTD_LIB.a(stm32f10x_gpio.c.obj)
GUI_Animation_move                                CMakeFiles/application.elf.dir/core/gui/gui.c.obj
                                                  CMakeFiles/application.elf.dir/core/system/system.c.obj
GUI_Animation_move2                               CMakeFiles/application.elf.dir/core/gui/gui.c.obj
GUI_CLEAR_SCREEN                                  CMakeFiles/application.elf.dir/core/gui/gui.c.obj
                                                  CMakeFiles/application.elf.dir/core/system/system.c.obj
GUI_DISPLAY_BUF                                   libBSP_LIB.a(bsp_dma.c.obj)
                                                  CMakeFiles/application.elf.dir/core/gui/gui.c.obj
GUI_Display_OFF                                   CMakeFiles/application.elf.dir/core/gui/gui.c.obj
GUI_Display_ON                                    CMakeFiles/application.elf.dir/core/gui/gui.c.obj
GUI_Draw_Line                                     CMakeFiles/application.elf.dir/core/gui/gui.c.obj
GUI_Draw_Point                                    CMakeFiles/application.elf.dir/core/gui/gui.c.obj
GUI_Init                                          CMakeFiles/application.elf.dir/core/gui/gui.c.obj
GUI_Reverse_Y                                     CMakeFiles/application.elf.dir/core/gui/gui.c.obj
GUI_SPI_CLEAR_SCREEN                              CMakeFiles/application.elf.dir/core/gui/gui.c.obj
GUI_SPI_Display_Char_ASCII                        CMakeFiles/application.elf.dir/core/gui/gui.c.obj
GUI_SPI_Display_Graph                             CMakeFiles/application.elf.dir/core/gui/gui.c.obj
GUI_SPI_Init                                      CMakeFiles/application.elf.dir/core/gui/gui.c.obj
                                                  CMakeFiles/application.elf.dir/core/application/main.c.obj
GUI_SPI_Reverse_Y                                 CMakeFiles/application.elf.dir/core/gui/gui.c.obj
GUI_Set_Cursor                                    CMakeFiles/application.elf.dir/core/gui/gui.c.obj
GUI_Shift_Menu                                    CMakeFiles/application.elf.dir/core/gui/gui.c.obj
                                                  CMakeFiles/application.elf.dir/core/system/system.c.obj
GUI_ShowChar_FulCoord                             CMakeFiles/application.elf.dir/core/gui/gui.c.obj
GUI_ShowString_FulCoord                           CMakeFiles/application.elf.dir/core/gui/gui.c.obj
GUI_Show_Char                                     CMakeFiles/application.elf.dir/core/gui/gui.c.obj
GUI_Show_Chinese                                  CMakeFiles/application.elf.dir/core/gui/gui.c.obj
GUI_Show_Frame                                    CMakeFiles/application.elf.dir/core/gui/gui.c.obj
GUI_Show_Image                                    CMakeFiles/application.elf.dir/core/gui/gui.c.obj
GUI_Show_String                                   CMakeFiles/application.elf.dir/core/gui/gui.c.obj
GUI_Test                                          CMakeFiles/application.elf.dir/core/gui/gui.c.obj
GUI_Update_Screen                                 CMakeFiles/application.elf.dir/core/gui/gui.c.obj
GUI_easeOutCubic                                  CMakeFiles/application.elf.dir/core/gui/gui.c.obj
HardFault_Handler                                 CMakeFiles/application.elf.dir/core/application/stm32f10x_it.c.obj
I2C1_ER_IRQHandler                                CMakeFiles/application.elf.dir/startup/startup_stm32f103xb.s.obj
I2C1_EV_IRQHandler                                CMakeFiles/application.elf.dir/startup/startup_stm32f103xb.s.obj
I2C2_ER_IRQHandler                                CMakeFiles/application.elf.dir/startup/startup_stm32f103xb.s.obj
I2C2_EV_IRQHandler                                CMakeFiles/application.elf.dir/startup/startup_stm32f103xb.s.obj
I2C_ARPCmd                                        libSTD_LIB.a(stm32f10x_i2c.c.obj)
I2C_AcknowledgeConfig                             libSTD_LIB.a(stm32f10x_i2c.c.obj)
                                                  libBSP_LIB.a(bsp_dma.c.obj)
I2C_CalculatePEC                                  libSTD_LIB.a(stm32f10x_i2c.c.obj)
I2C_CheckEvent                                    libSTD_LIB.a(stm32f10x_i2c.c.obj)
                                                  libBSP_LIB.a(bsp_i2c.c.obj)
I2C_ClearFlag                                     libSTD_LIB.a(stm32f10x_i2c.c.obj)
I2C_ClearITPendingBit                             libSTD_LIB.a(stm32f10x_i2c.c.obj)
I2C_Cmd                                           libSTD_LIB.a(stm32f10x_i2c.c.obj)
                                                  libBSP_LIB.a(bsp_i2c.c.obj)
I2C_DMACmd                                        libSTD_LIB.a(stm32f10x_i2c.c.obj)
                                                  libBSP_LIB.a(bsp_i2c.c.obj)
I2C_DMALastTransferCmd                            libSTD_LIB.a(stm32f10x_i2c.c.obj)
I2C_DeInit                                        libSTD_LIB.a(stm32f10x_i2c.c.obj)
                                                  libBSP_LIB.a(bsp_i2c.c.obj)
I2C_DualAddressCmd                                libSTD_LIB.a(stm32f10x_i2c.c.obj)
I2C_FastModeDutyCycleConfig                       libSTD_LIB.a(stm32f10x_i2c.c.obj)
I2C_GeneralCallCmd                                libSTD_LIB.a(stm32f10x_i2c.c.obj)
I2C_GenerateSTART                                 libSTD_LIB.a(stm32f10x_i2c.c.obj)
                                                  libBSP_LIB.a(bsp_i2c.c.obj)
I2C_GenerateSTOP                                  libSTD_LIB.a(stm32f10x_i2c.c.obj)
                                                  libBSP_LIB.a(bsp_i2c.c.obj)
                                                  libBSP_LIB.a(bsp_dma.c.obj)
I2C_GetFlagStatus                                 libSTD_LIB.a(stm32f10x_i2c.c.obj)
                                                  libBSP_LIB.a(bsp_i2c.c.obj)
I2C_GetITStatus                                   libSTD_LIB.a(stm32f10x_i2c.c.obj)
I2C_GetLastEvent                                  libSTD_LIB.a(stm32f10x_i2c.c.obj)
I2C_GetPEC                                        libSTD_LIB.a(stm32f10x_i2c.c.obj)
I2C_ITConfig                                      libSTD_LIB.a(stm32f10x_i2c.c.obj)
I2C_Init                                          libSTD_LIB.a(stm32f10x_i2c.c.obj)
                                                  libBSP_LIB.a(bsp_i2c.c.obj)
I2C_NACKPositionConfig                            libSTD_LIB.a(stm32f10x_i2c.c.obj)
I2C_OwnAddress2Config                             libSTD_LIB.a(stm32f10x_i2c.c.obj)
I2C_PECPositionConfig                             libSTD_LIB.a(stm32f10x_i2c.c.obj)
I2C_ReadRegister                                  libSTD_LIB.a(stm32f10x_i2c.c.obj)
I2C_ReceiveData                                   libSTD_LIB.a(stm32f10x_i2c.c.obj)
I2C_SMBusAlertConfig                              libSTD_LIB.a(stm32f10x_i2c.c.obj)
I2C_START                                         libBSP_LIB.a(bsp_i2c.c.obj)
I2C_STOP                                          libBSP_LIB.a(bsp_i2c.c.obj)
I2C_Send7bitAddress                               libSTD_LIB.a(stm32f10x_i2c.c.obj)
                                                  libBSP_LIB.a(bsp_i2c.c.obj)
I2C_SendData                                      libSTD_LIB.a(stm32f10x_i2c.c.obj)
                                                  libBSP_LIB.a(bsp_i2c.c.obj)
I2C_SoftwareResetCmd                              libSTD_LIB.a(stm32f10x_i2c.c.obj)
I2C_StretchClockCmd                               libSTD_LIB.a(stm32f10x_i2c.c.obj)
I2C_StructInit                                    libSTD_LIB.a(stm32f10x_i2c.c.obj)
I2C_TransmitPEC                                   libSTD_LIB.a(stm32f10x_i2c.c.obj)
I2C_Write_Addr                                    libBSP_LIB.a(bsp_i2c.c.obj)
I2C_Write_DATA                                    libBSP_LIB.a(bsp_i2c.c.obj)
I2C_Write_Ins                                     libBSP_LIB.a(bsp_i2c.c.obj)
I2S_Cmd                                           libSTD_LIB.a(stm32f10x_spi.c.obj)
I2S_Init                                          libSTD_LIB.a(stm32f10x_spi.c.obj)
I2S_StructInit                                    libSTD_LIB.a(stm32f10x_spi.c.obj)
Key                                               CMakeFiles/application.elf.dir/core/key/key.c.obj
KeyCtrl                                           CMakeFiles/application.elf.dir/core/key/key.c.obj
Key_Hold_Handler                                  CMakeFiles/application.elf.dir/core/key/key.c.obj
Key_Process                                       CMakeFiles/application.elf.dir/core/key/key.c.obj
                                                  CMakeFiles/application.elf.dir/core/application/main.c.obj
Key_Timer                                         CMakeFiles/application.elf.dir/core/key/key.c.obj
                                                  CMakeFiles/application.elf.dir/core/time/time.c.obj
Key_Trig_Handler                                  CMakeFiles/application.elf.dir/core/key/key.c.obj
Key_release_Handler                               CMakeFiles/application.elf.dir/core/key/key.c.obj
List_Add_FirstNode                                CMakeFiles/application.elf.dir/core/toolkit/list.c.obj
List_Del_List                                     CMakeFiles/application.elf.dir/core/toolkit/list.c.obj
List_Del_Node                                     CMakeFiles/application.elf.dir/core/toolkit/list.c.obj
List_Insert_Node                                  CMakeFiles/application.elf.dir/core/toolkit/list.c.obj
MemManage_Handler                                 CMakeFiles/application.elf.dir/core/application/stm32f10x_it.c.obj
MenuList                                          CMakeFiles/application.elf.dir/core/flash/flash.c.obj
Menu_List_Addr                                    CMakeFiles/application.elf.dir/core/flash/flash.c.obj
NMI_Handler                                       CMakeFiles/application.elf.dir/core/application/stm32f10x_it.c.obj
NVIC_Init                                         libSTD_LIB.a(misc.c.obj)
                                                  libBSP_LIB.a(bsp_dma.c.obj)
NVIC_PriorityGroupConfig                          libSTD_LIB.a(misc.c.obj)
NVIC_SetVectorTable                               libSTD_LIB.a(misc.c.obj)
NVIC_SystemLPConfig                               libSTD_LIB.a(misc.c.obj)
OLED_F8x16                                        CMakeFiles/application.elf.dir/core/gui/gui.c.obj
OLED_Test                                         CMakeFiles/application.elf.dir/core/gui/gui.c.obj
PVD_IRQHandler                                    CMakeFiles/application.elf.dir/startup/startup_stm32f103xb.s.obj
PendSV_Handler                                    CMakeFiles/application.elf.dir/core/application/stm32f10x_it.c.obj
RCC_ADCCLKConfig                                  libSTD_LIB.a(stm32f10x_rcc.c.obj)
RCC_AHBPeriphClockCmd                             libSTD_LIB.a(stm32f10x_rcc.c.obj)
                                                  libBSP_LIB.a(bsp_i2c.c.obj)
                                                  libBSP_LIB.a(bsp_dma.c.obj)
RCC_APB1PeriphClockCmd                            libSTD_LIB.a(stm32f10x_rcc.c.obj)
                                                  libBSP_LIB.a(bsp_i2c.c.obj)
                                                  libBSP_LIB.a(bsp_flash.c.obj)
RCC_APB1PeriphResetCmd                            libSTD_LIB.a(stm32f10x_rcc.c.obj)
                                                  libSTD_LIB.a(stm32f10x_spi.c.obj)
                                                  libSTD_LIB.a(stm32f10x_i2c.c.obj)
RCC_APB2PeriphClockCmd                            libSTD_LIB.a(stm32f10x_rcc.c.obj)
                                                  libBSP_LIB.a(bsp_spi.c.obj)
                                                  libBSP_LIB.a(bsp_gpio.c.obj)
RCC_APB2PeriphResetCmd                            libSTD_LIB.a(stm32f10x_rcc.c.obj)
                                                  libSTD_LIB.a(stm32f10x_spi.c.obj)
                                                  libSTD_LIB.a(stm32f10x_gpio.c.obj)
RCC_AdjustHSICalibrationValue                     libSTD_LIB.a(stm32f10x_rcc.c.obj)
RCC_BackupResetCmd                                libSTD_LIB.a(stm32f10x_rcc.c.obj)
RCC_ClearFlag                                     libSTD_LIB.a(stm32f10x_rcc.c.obj)
RCC_ClearITPendingBit                             libSTD_LIB.a(stm32f10x_rcc.c.obj)
RCC_ClockSecuritySystemCmd                        libSTD_LIB.a(stm32f10x_rcc.c.obj)
RCC_DeInit                                        libSTD_LIB.a(stm32f10x_rcc.c.obj)
RCC_GetClocksFreq                                 libSTD_LIB.a(stm32f10x_rcc.c.obj)
                                                  libSTD_LIB.a(stm32f10x_spi.c.obj)
                                                  libSTD_LIB.a(stm32f10x_i2c.c.obj)
RCC_GetFlagStatus                                 libSTD_LIB.a(stm32f10x_rcc.c.obj)
RCC_GetITStatus                                   libSTD_LIB.a(stm32f10x_rcc.c.obj)
RCC_GetSYSCLKSource                               libSTD_LIB.a(stm32f10x_rcc.c.obj)
RCC_HCLKConfig                                    libSTD_LIB.a(stm32f10x_rcc.c.obj)
RCC_HSEConfig                                     libSTD_LIB.a(stm32f10x_rcc.c.obj)
RCC_HSICmd                                        libSTD_LIB.a(stm32f10x_rcc.c.obj)
RCC_IRQHandler                                    CMakeFiles/application.elf.dir/startup/startup_stm32f103xb.s.obj
RCC_ITConfig                                      libSTD_LIB.a(stm32f10x_rcc.c.obj)
RCC_LSEConfig                                     libSTD_LIB.a(stm32f10x_rcc.c.obj)
RCC_LSICmd                                        libSTD_LIB.a(stm32f10x_rcc.c.obj)
RCC_MCOConfig                                     libSTD_LIB.a(stm32f10x_rcc.c.obj)
RCC_PCLK1Config                                   libSTD_LIB.a(stm32f10x_rcc.c.obj)
RCC_PCLK2Config                                   libSTD_LIB.a(stm32f10x_rcc.c.obj)
RCC_PLLCmd                                        libSTD_LIB.a(stm32f10x_rcc.c.obj)
RCC_PLLConfig                                     libSTD_LIB.a(stm32f10x_rcc.c.obj)
RCC_RTCCLKCmd                                     libSTD_LIB.a(stm32f10x_rcc.c.obj)
RCC_RTCCLKConfig                                  libSTD_LIB.a(stm32f10x_rcc.c.obj)
RCC_SYSCLKConfig                                  libSTD_LIB.a(stm32f10x_rcc.c.obj)
RCC_USBCLKConfig                                  libSTD_LIB.a(stm32f10x_rcc.c.obj)
RCC_WaitForHSEStartUp                             libSTD_LIB.a(stm32f10x_rcc.c.obj)
RTC_Alarm_IRQHandler                              CMakeFiles/application.elf.dir/startup/startup_stm32f103xb.s.obj
RTC_IRQHandler                                    CMakeFiles/application.elf.dir/startup/startup_stm32f103xb.s.obj
Reset_Handler                                     CMakeFiles/application.elf.dir/startup/startup_stm32f103xb.s.obj
SPI1_IRQHandler                                   CMakeFiles/application.elf.dir/startup/startup_stm32f103xb.s.obj
SPI2_IRQHandler                                   CMakeFiles/application.elf.dir/startup/startup_stm32f103xb.s.obj
SPI_BiDirectionalLineConfig                       libSTD_LIB.a(stm32f10x_spi.c.obj)
SPI_CalculateCRC                                  libSTD_LIB.a(stm32f10x_spi.c.obj)
SPI_Cmd                                           libSTD_LIB.a(stm32f10x_spi.c.obj)
                                                  libBSP_LIB.a(bsp_spi.c.obj)
                                                  libBSP_LIB.a(bsp_flash.c.obj)
SPI_DataSizeConfig                                libSTD_LIB.a(stm32f10x_spi.c.obj)
SPI_GetCRC                                        libSTD_LIB.a(stm32f10x_spi.c.obj)
SPI_GetCRCPolynomial                              libSTD_LIB.a(stm32f10x_spi.c.obj)
SPI_I2S_ClearFlag                                 libSTD_LIB.a(stm32f10x_spi.c.obj)
SPI_I2S_ClearITPendingBit                         libSTD_LIB.a(stm32f10x_spi.c.obj)
SPI_I2S_DMACmd                                    libSTD_LIB.a(stm32f10x_spi.c.obj)
SPI_I2S_DeInit                                    libSTD_LIB.a(stm32f10x_spi.c.obj)
                                                  libBSP_LIB.a(bsp_spi.c.obj)
                                                  libBSP_LIB.a(bsp_flash.c.obj)
SPI_I2S_GetFlagStatus                             libSTD_LIB.a(stm32f10x_spi.c.obj)
                                                  libBSP_LIB.a(bsp_spi.c.obj)
                                                  libBSP_LIB.a(bsp_flash.c.obj)
SPI_I2S_GetITStatus                               libSTD_LIB.a(stm32f10x_spi.c.obj)
SPI_I2S_ITConfig                                  libSTD_LIB.a(stm32f10x_spi.c.obj)
SPI_I2S_ReceiveData                               libSTD_LIB.a(stm32f10x_spi.c.obj)
                                                  libBSP_LIB.a(bsp_flash.c.obj)
SPI_I2S_SendData                                  libSTD_LIB.a(stm32f10x_spi.c.obj)
                                                  libBSP_LIB.a(bsp_spi.c.obj)
SPI_Init                                          libSTD_LIB.a(stm32f10x_spi.c.obj)
                                                  libBSP_LIB.a(bsp_spi.c.obj)
                                                  libBSP_LIB.a(bsp_flash.c.obj)
SPI_NSSInternalSoftwareConfig                     libSTD_LIB.a(stm32f10x_spi.c.obj)
SPI_SSOutputCmd                                   libSTD_LIB.a(stm32f10x_spi.c.obj)
SPI_StructInit                                    libSTD_LIB.a(stm32f10x_spi.c.obj)
SPI_TransmitCRC                                   libSTD_LIB.a(stm32f10x_spi.c.obj)
SVC_Handler                                       CMakeFiles/application.elf.dir/core/application/stm32f10x_it.c.obj
Set_Icon                                          CMakeFiles/application.elf.dir/core/gui/gui.c.obj
SysTick_CLKSourceConfig                           libSTD_LIB.a(misc.c.obj)
SysTick_Handler                                   CMakeFiles/application.elf.dir/core/application/stm32f10x_it.c.obj
Sys_MainPage                                      CMakeFiles/application.elf.dir/core/system/system.c.obj
                                                  CMakeFiles/application.elf.dir/core/gui/gui.c.obj
Sys_Rowitem                                       CMakeFiles/application.elf.dir/core/system/system.c.obj
                                                  CMakeFiles/application.elf.dir/core/gui/gui.c.obj
SystemCoreClock                                   CMakeFiles/application.elf.dir/__/devices/system_stm32f10x.c.obj
SystemCoreClockUpdate                             CMakeFiles/application.elf.dir/__/devices/system_stm32f10x.c.obj
SystemCtrl                                        CMakeFiles/application.elf.dir/core/system/system.c.obj
                                                  CMakeFiles/application.elf.dir/core/gui/gui.c.obj
SystemInit                                        CMakeFiles/application.elf.dir/__/devices/system_stm32f10x.c.obj
                                                  CMakeFiles/application.elf.dir/startup/startup_stm32f103xb.s.obj
System_Clear_turnPage                             CMakeFiles/application.elf.dir/core/system/system.c.obj
System_GUIPagepointer_Add                         CMakeFiles/application.elf.dir/core/system/system.c.obj
                                                  CMakeFiles/application.elf.dir/core/key/key.c.obj